
R version 3.2.1 (2015-06-18) -- "World-Famous Astronaut"
Copyright (C) 2015 The R Foundation for Statistical Computing
Platform: x86_64-unknown-linux-gnu (64-bit)

R is free software and comes with ABSOLUTELY NO WARRANTY.
You are welcome to redistribute it under certain conditions.
Type 'license()' or 'licence()' for distribution details.

  Natural language support but running in an English locale

R is a collaborative project with many contributors.
Type 'contributors()' for more information and
'citation()' on how to cite R or R packages in publications.

Type 'demo()' for some demos, 'help()' for on-line help, or
'help.start()' for an HTML browser interface to help.
Type 'q()' to quit R.

During startup - Warning messages:
1: Setting LC_TIME failed, using "C" 
2: Setting LC_MONETARY failed, using "C" 
3: Setting LC_PAPER failed, using "C" 
4: Setting LC_MEASUREMENT failed, using "C" 
> ##j70_count_significant_gos.r
> ##2014-12-04 dmontaner@cipf.es
> ##Analysis of the miRNA data from The Cancer Genome Atlas
> ##This script counts the number of significant GO terms in all cancers
> ############################################################
> 
> 
> date ()
[1] "Fri Feb  5 20:16:47 2016"
> Sys.info ()[c("nodename", "user")]
nodename     user 
 "rambo"   "paco" 
> commandArgs ()
[1] "/opt/soft/libs/R/3.2.1_atlas/lib64/R/bin/exec/R"
[2] "-f"                                             
[3] "j070_count_significant_gos.r"                   
[4] "--restore"                                      
[5] "--save"                                         
[6] "--no-readline"                                  
> rm (list = ls ())
> R.version.string ##"R version 3.1.2 (2015-06-18)"
[1] "R version 3.2.1 (2015-06-18)"
> 
> fper5  <- function(x) {quantile(x, probs = 0.05)}
> fper95 <- function(x) {quantile(x, probs = 0.95)}
> 
> try (source (".job.r")); try (.job)

.job.r has been sourced

$name
[1] "gsa4mirna"

$dir
$dir$data
[1] "~/gsa4mirna/datos"

$dir$code
[1] "~/gsa4mirna"

$dir$scripts
[1] "~/gsa4mirna/scripts"

$dir$docs
[1] "~/gsa4mirna/documents"

$dir$rawdat
[1] "~/gsa4mirna/datos/data_raw"

$dir$annotation
[1] "~/gsa4mirna/datos/data_annotation"

$dir$proces
[1] "~/gsa4mirna/datos/data_processed_permutation"

$dir$plots
[1] "~/gsa4mirna/datos/results_permutation/plots"

$dir$res
[1] "~/gsa4mirna/datos/results_permutation/files"


$testmode
[1] FALSE

$dec
[1] "."

$idsep
[1] " /// "

> options (width = 170)
> corte <- 0.05
> 
> 
> 
> 
> ## PAIRED DATA
> ############################################################
> 
> setwd(file.path (.job$dir$proces))
> lista <- dir()
> pair    <- lista [grep ("res_gsa_paired", lista)]
> length(pair)
[1] 100
> 
> 
> # measuring total number of GO terms
> load (file.path (.job$dir$proces, pair[1]))
> n_bp  <- nrow(res.gsa.pair$bp[[1]])
> n_mf  <- nrow(res.gsa.pair$mf[[1]])
> n_cc  <- nrow(res.gsa.pair$cc[[1]])
> n_gos <- n_bp + n_mf + n_cc
> n_gos
[1] 5434
> 
> # defining a matrix to save results
> length(names(res.gsa.pair$bp))   #17
[1] 17
> pair.tum   <- names(res.gsa.pair$bp)
> 
> mat.pair <- matrix(data =NA, nrow = length(names(res.gsa.pair$bp)), ncol= length(pair))
> rownames(mat.pair) <-names(res.gsa.pair$bp)
> colnames(mat.pair) <- c(1:100)
> mat.pair[1:5,1:15]
      1  2  3  4  5  6  7  8  9 10 11 12 13 14 15
blca NA NA NA NA NA NA NA NA NA NA NA NA NA NA NA
brca NA NA NA NA NA NA NA NA NA NA NA NA NA NA NA
cesc NA NA NA NA NA NA NA NA NA NA NA NA NA NA NA
esca NA NA NA NA NA NA NA NA NA NA NA NA NA NA NA
hnsc NA NA NA NA NA NA NA NA NA NA NA NA NA NA NA
> 
> for (i in 1:length(pair)) {
+   load (file.path (.job$dir$proces, pair[i]))
+   for (j in pair.tum){
+     sig.bp <- sum(as.numeric(res.gsa.pair$bp[[j]][,"padj"] < corte))
+     sig.cc <- sum(as.numeric(res.gsa.pair$cc[[j]][,"padj"] < corte))
+     sig.mf <- sum(as.numeric(res.gsa.pair$mf[[j]][,"padj"] < corte))
+     mat.pair[j,i] <-  sig.bp + sig.cc + sig.mf
+   }
+ }
> mat.pair[1:5,1:15]
      1  2 3  4  5  6  7  8 9 10 11 12 13 14 15
blca  0  0 0  0  1  0  0  0 0  2  2  2  0  2  2
brca  0  0 0  0  0  0  0  0 2  2  2  2  0  2  2
cesc  2  2 1  2  6  2  2  2 2  2  2  2  2  2  2
esca  0  0 1  0  0  0  0  0 1  1  1  1  0  1  1
hnsc 48 48 2 48 30 48 48 48 2  2  2  2 48  2  2
> 
> 
> #  % of significant GOs 
> mat.pair.per <- (mat.pair / n_gos) * 100
> 
> summary(mat.pair.per)
       1                2                3                 4                5                 6                7                8                9          
 Min.   :0.0000   Min.   :0.0000   Min.   :0.00000   Min.   :0.0000   Min.   :0.00000   Min.   :0.0000   Min.   :0.0000   Min.   :0.0000   Min.   :0.00000  
 1st Qu.:0.0000   1st Qu.:0.0000   1st Qu.:0.01840   1st Qu.:0.0000   1st Qu.:0.00000   1st Qu.:0.0000   1st Qu.:0.0000   1st Qu.:0.0000   1st Qu.:0.01840  
 Median :0.0000   Median :0.0000   Median :0.03681   Median :0.0000   Median :0.05521   Median :0.0000   Median :0.0000   Median :0.0000   Median :0.03681  
 Mean   :0.2944   Mean   :0.3248   Mean   :0.21758   Mean   :0.3280   Mean   :0.31718   Mean   :0.2858   Mean   :0.2858   Mean   :0.2858   Mean   :0.20784  
 3rd Qu.:0.3128   3rd Qu.:0.6625   3rd Qu.:0.14722   3rd Qu.:0.7177   3rd Qu.:0.27604   3rd Qu.:0.3128   3rd Qu.:0.3128   3rd Qu.:0.3128   3rd Qu.:0.20243  
 Max.   :1.2882   Max.   :1.2882   Max.   :2.17151   Max.   :1.2882   Max.   :2.37394   Max.   :1.2882   Max.   :1.2882   Max.   :1.2882   Max.   :1.03055  
       10                11                12                13               14                15                16                17                18         
 Min.   :0.00000   Min.   :0.00000   Min.   :0.00000   Min.   :0.0000   Min.   :0.00000   Min.   :0.00000   Min.   :0.00000   Min.   :0.00000   Min.   :0.00000  
 1st Qu.:0.01840   1st Qu.:0.01840   1st Qu.:0.01840   1st Qu.:0.0000   1st Qu.:0.01840   1st Qu.:0.01840   1st Qu.:0.01840   1st Qu.:0.01840   1st Qu.:0.01840  
 Median :0.03681   Median :0.03681   Median :0.03681   Median :0.0000   Median :0.03681   Median :0.03681   Median :0.03681   Median :0.03681   Median :0.03681  
 Mean   :0.22408   Mean   :0.20459   Mean   :0.21001   Mean   :0.3248   Mean   :0.20243   Mean   :0.21325   Mean   :0.20784   Mean   :0.20243   Mean   :0.21325  
 3rd Qu.:0.20243   3rd Qu.:0.20243   3rd Qu.:0.20243   3rd Qu.:0.6625   3rd Qu.:0.20243   3rd Qu.:0.20243   3rd Qu.:0.20243   3rd Qu.:0.20243   3rd Qu.:0.20243  
 Max.   :1.03055   Max.   :1.03055   Max.   :1.03055   Max.   :1.2882   Max.   :1.03055   Max.   :1.03055   Max.   :1.03055   Max.   :1.03055   Max.   :1.03055  
       19                20                21                22                23                24               25                26                27         
 Min.   :0.00000   Min.   :0.00000   Min.   :0.00000   Min.   :0.00000   Min.   :0.00000   Min.   :0.0000   Min.   :0.00000   Min.   :0.00000   Min.   :0.00000  
 1st Qu.:0.01840   1st Qu.:0.01840   1st Qu.:0.01840   1st Qu.:0.01840   1st Qu.:0.01840   1st Qu.:0.0000   1st Qu.:0.01840   1st Qu.:0.00000   1st Qu.:0.00000  
 Median :0.03681   Median :0.03681   Median :0.03681   Median :0.03681   Median :0.03681   Median :0.0000   Median :0.03681   Median :0.05521   Median :0.03681  
 Mean   :0.21650   Mean   :0.20568   Mean   :0.21542   Mean   :0.20784   Mean   :0.20568   Mean   :0.3031   Mean   :0.21650   Mean   :0.35723   Mean   :0.37780  
 3rd Qu.:0.20243   3rd Qu.:0.20243   3rd Qu.:0.20243   3rd Qu.:0.20243   3rd Qu.:0.20243   3rd Qu.:0.3128   3rd Qu.:0.20243   3rd Qu.:0.16562   3rd Qu.:0.49687  
 Max.   :1.03055   Max.   :1.03055   Max.   :1.03055   Max.   :1.03055   Max.   :1.03055   Max.   :1.2882   Max.   :1.03055   Max.   :1.98749   Max.   :1.98749  
       28                29                30                31                32                33                34                35               36         
 Min.   :0.00000   Min.   :0.00000   Min.   :0.00000   Min.   :0.00000   Min.   :0.00000   Min.   :0.00000   Min.   :0.00000   Min.   :0.0000   Min.   :0.00000  
 1st Qu.:0.00000   1st Qu.:0.00000   1st Qu.:0.00000   1st Qu.:0.00000   1st Qu.:0.00000   1st Qu.:0.00000   1st Qu.:0.00000   1st Qu.:0.0000   1st Qu.:0.00000  
 Median :0.05521   Median :0.05521   Median :0.05521   Median :0.05521   Median :0.05521   Median :0.05521   Median :0.05521   Median :0.0000   Median :0.05521  
 Mean   :0.38646   Mean   :0.42326   Mean   :0.39512   Mean   :0.38321   Mean   :0.38321   Mean   :0.40269   Mean   :0.39945   Mean   :0.3226   Mean   :0.40269  
 3rd Qu.:0.49687   3rd Qu.:0.66250   3rd Qu.:0.49687   3rd Qu.:0.49687   3rd Qu.:0.49687   3rd Qu.:0.49687   3rd Qu.:0.49687   3rd Qu.:0.6257   3rd Qu.:0.49687  
 Max.   :1.98749   Max.   :1.98749   Max.   :1.98749   Max.   :1.98749   Max.   :1.98749   Max.   :1.98749   Max.   :1.98749   Max.   :1.2882   Max.   :1.98749  
       37               38                39                40                41                42               43                44               45        
 Min.   :0.0000   Min.   :0.00000   Min.   :0.00000   Min.   :0.00000   Min.   :0.00000   Min.   :0.0000   Min.   :0.00000   Min.   :0.0000   Min.   :0.0000  
 1st Qu.:0.0000   1st Qu.:0.00000   1st Qu.:0.00000   1st Qu.:0.00000   1st Qu.:0.00000   1st Qu.:0.0000   1st Qu.:0.00000   1st Qu.:0.0000   1st Qu.:0.0000  
 Median :0.0184   Median :0.05521   Median :0.05521   Median :0.05521   Median :0.05521   Median :0.0184   Median :0.03681   Median :0.0000   Median :0.0000  
 Mean   :0.3767   Mean   :0.40161   Mean   :0.39620   Mean   :0.40161   Mean   :0.39403   Mean   :0.1678   Mean   :0.20892   Mean   :0.1981   Mean   :0.1981  
 3rd Qu.:0.4969   3rd Qu.:0.49687   3rd Qu.:0.49687   3rd Qu.:0.49687   3rd Qu.:0.49687   3rd Qu.:0.2208   3rd Qu.:0.25764   3rd Qu.:0.2576   3rd Qu.:0.2576  
 Max.   :1.9875   Max.   :1.98749   Max.   :1.98749   Max.   :1.98749   Max.   :1.98749   Max.   :1.1042   Max.   :1.10416   Max.   :1.1042   Max.   :1.1042  
       46               47               48                49                50               51               52                53               54         
 Min.   :0.0000   Min.   :0.0000   Min.   :0.00000   Min.   :0.00000   Min.   :0.0000   Min.   :0.0000   Min.   :0.00000   Min.   :0.0000   Min.   :0.00000  
 1st Qu.:0.0000   1st Qu.:0.0000   1st Qu.:0.00000   1st Qu.:0.00000   1st Qu.:0.0000   1st Qu.:0.0000   1st Qu.:0.00000   1st Qu.:0.0000   1st Qu.:0.00000  
 Median :0.0000   Median :0.0184   Median :0.03681   Median :0.03681   Median :0.0000   Median :0.0000   Median :0.03681   Median :0.0000   Median :0.03681  
 Mean   :0.2890   Mean   :0.1992   Mean   :0.21109   Mean   :0.22516   Mean   :0.1981   Mean   :0.1981   Mean   :0.20026   Mean   :0.1981   Mean   :0.20135  
 3rd Qu.:0.3128   3rd Qu.:0.2576   3rd Qu.:0.25764   3rd Qu.:0.46007   3rd Qu.:0.2576   3rd Qu.:0.2576   3rd Qu.:0.25764   3rd Qu.:0.2576   3rd Qu.:0.25764  
 Max.   :1.2882   Max.   :1.1042   Max.   :1.10416   Max.   :1.10416   Max.   :1.1042   Max.   :1.1042   Max.   :1.10416   Max.   :1.1042   Max.   :1.10416  
       55               56                57               58               59               60               61               62               63        
 Min.   :0.0000   Min.   :0.00000   Min.   :0.0000   Min.   :0.0000   Min.   :0.0000   Min.   :0.0000   Min.   :0.0000   Min.   :0.0000   Min.   :0.0000  
 1st Qu.:0.0000   1st Qu.:0.00000   1st Qu.:0.0000   1st Qu.:0.0000   1st Qu.:0.0000   1st Qu.:0.0000   1st Qu.:0.0000   1st Qu.:0.0000   1st Qu.:0.0000  
 Median :0.0000   Median :0.03681   Median :0.0000   Median :0.0000   Median :0.0184   Median :0.0000   Median :0.0184   Median :0.0184   Median :0.0184  
 Mean   :0.1981   Mean   :0.20135   Mean   :0.3237   Mean   :0.1959   Mean   :0.1440   Mean   :0.1884   Mean   :0.1981   Mean   :0.2035   Mean   :0.2046  
 3rd Qu.:0.2576   3rd Qu.:0.25764   3rd Qu.:0.6441   3rd Qu.:0.2576   3rd Qu.:0.2392   3rd Qu.:0.2392   3rd Qu.:0.2392   3rd Qu.:0.2392   3rd Qu.:0.2392  
 Max.   :1.1042   Max.   :1.10416   Max.   :1.2882   Max.   :1.1042   Max.   :1.0490   Max.   :1.2882   Max.   :1.2882   Max.   :1.2882   Max.   :1.2882  
       64               65               66               67               68               69               70               71               72        
 Min.   :0.0000   Min.   :0.0000   Min.   :0.0000   Min.   :0.0000   Min.   :0.0000   Min.   :0.0000   Min.   :0.0000   Min.   :0.0000   Min.   :0.0000  
 1st Qu.:0.0000   1st Qu.:0.0000   1st Qu.:0.0000   1st Qu.:0.0000   1st Qu.:0.0000   1st Qu.:0.0000   1st Qu.:0.0000   1st Qu.:0.0000   1st Qu.:0.0000  
 Median :0.0184   Median :0.0184   Median :0.0184   Median :0.0184   Median :0.0000   Median :0.0000   Median :0.0184   Median :0.0000   Median :0.0184  
 Mean   :0.1884   Mean   :0.1862   Mean   :0.2068   Mean   :0.1862   Mean   :0.2858   Mean   :0.1873   Mean   :0.2068   Mean   :0.1873   Mean   :0.1851  
 3rd Qu.:0.1472   3rd Qu.:0.1472   3rd Qu.:0.2392   3rd Qu.:0.1472   3rd Qu.:0.3128   3rd Qu.:0.1472   3rd Qu.:0.2392   3rd Qu.:0.1472   3rd Qu.:0.1472  
 Max.   :1.2882   Max.   :1.2882   Max.   :1.2882   Max.   :1.2882   Max.   :1.2882   Max.   :1.2882   Max.   :1.2882   Max.   :1.2882   Max.   :1.2882  
       73               74               75                76                77                78                79               80                81         
 Min.   :0.0000   Min.   :0.0000   Min.   :0.00000   Min.   :0.00000   Min.   :0.00000   Min.   :0.00000   Min.   :0.0000   Min.   :0.00000   Min.   :0.00000  
 1st Qu.:0.0000   1st Qu.:0.0000   1st Qu.:0.00000   1st Qu.:0.00000   1st Qu.:0.00000   1st Qu.:0.00000   1st Qu.:0.0000   1st Qu.:0.00000   1st Qu.:0.00000  
 Median :0.0000   Median :0.0000   Median :0.03681   Median :0.01840   Median :0.03681   Median :0.03681   Median :0.0000   Median :0.03681   Median :0.03681  
 Mean   :0.1873   Mean   :0.1840   Mean   :0.35398   Mean   :0.36697   Mean   :0.41460   Mean   :0.42759   Mean   :0.3367   Mean   :0.42759   Mean   :0.41135  
 3rd Qu.:0.1472   3rd Qu.:0.1472   3rd Qu.:0.36805   3rd Qu.:0.09201   3rd Qu.:0.34965   3rd Qu.:0.34965   3rd Qu.:0.8649   3rd Qu.:0.34965   3rd Qu.:0.34965  
 Max.   :1.2882   Max.   :1.2882   Max.   :2.02429   Max.   :2.31873   Max.   :2.31873   Max.   :2.31873   Max.   :1.2882   Max.   :2.31873   Max.   :2.31873  
       82                83                84                85                86                87                88                89                90        
 Min.   :0.00000   Min.   :0.00000   Min.   :0.00000   Min.   :0.00000   Min.   :0.00000   Min.   :0.00000   Min.   :0.00000   Min.   :0.00000   Min.   :0.0000  
 1st Qu.:0.00000   1st Qu.:0.00000   1st Qu.:0.00000   1st Qu.:0.00000   1st Qu.:0.00000   1st Qu.:0.00000   1st Qu.:0.00000   1st Qu.:0.00000   1st Qu.:0.0000  
 Median :0.03681   Median :0.03681   Median :0.05521   Median :0.05521   Median :0.05521   Median :0.05521   Median :0.05521   Median :0.05521   Median :0.0000  
 Mean   :0.42651   Mean   :0.41460   Mean   :0.42976   Mean   :0.43517   Mean   :0.42976   Mean   :0.43517   Mean   :0.42976   Mean   :0.42976   Mean   :0.3226  
 3rd Qu.:0.34965   3rd Qu.:0.34965   3rd Qu.:0.34965   3rd Qu.:0.38646   3rd Qu.:0.34965   3rd Qu.:0.38646   3rd Qu.:0.34965   3rd Qu.:0.34965   3rd Qu.:0.6257  
 Max.   :2.31873   Max.   :2.31873   Max.   :2.31873   Max.   :2.31873   Max.   :2.31873   Max.   :2.31873   Max.   :2.31873   Max.   :2.31873   Max.   :1.2882  
       91                92                93                94                95                96                97                98                99         
 Min.   :0.00000   Min.   :0.00000   Min.   :0.00000   Min.   :0.00000   Min.   :0.00000   Min.   :0.00000   Min.   :0.00000   Min.   :0.00000   Min.   :0.00000  
 1st Qu.:0.00000   1st Qu.:0.00000   1st Qu.:0.01840   1st Qu.:0.01840   1st Qu.:0.01840   1st Qu.:0.01840   1st Qu.:0.01840   1st Qu.:0.01840   1st Qu.:0.01840  
 Median :0.05521   Median :0.01840   Median :0.03681   Median :0.03681   Median :0.01840   Median :0.01840   Median :0.03681   Median :0.03681   Median :0.01840  
 Mean   :0.42976   Mean   :0.09310   Mean   :0.21434   Mean   :0.23166   Mean   :0.20568   Mean   :0.20568   Mean   :0.21542   Mean   :0.22191   Mean   :0.20568  
 3rd Qu.:0.34965   3rd Qu.:0.07361   3rd Qu.:0.14722   3rd Qu.:0.14722   3rd Qu.:0.09201   3rd Qu.:0.09201   3rd Qu.:0.14722   3rd Qu.:0.14722   3rd Qu.:0.09201  
 Max.   :2.31873   Max.   :0.46007   Max.   :2.17151   Max.   :2.17151   Max.   :2.17151   Max.   :2.17151   Max.   :2.17151   Max.   :2.17151   Max.   :2.17151  
      100         
 Min.   :0.00000  
 1st Qu.:0.01840  
 Median :0.03681  
 Mean   :0.21217  
 3rd Qu.:0.12882  
 Max.   :2.17151  
> sim.median            <- round(apply(mat.pair.per, 1, median),3) 
> sim.percentile5       <- round(apply(mat.pair.per, 1, fper5),3)
> sim.percentile95      <- round(apply(mat.pair.per, 1, fper95),3)  
> Cancer                <- toupper(rownames(mat.pair.per))
> sim.res.pair <- cbind(Cancer, sim.median, sim.percentile5,  sim.percentile95) 
> colnames(sim.res.pair) <- c("Cancer", "median", "perc5", "perc95")
> sim.res.pair 
     Cancer median  perc5   perc95 
blca "BLCA" "0"     "0"     "0.037"
brca "BRCA" "0"     "0"     "0.055"
cesc "CESC" "0.037" "0"     "0.405"
esca "ESCA" "0.018" "0"     "0.018"
hnsc "HNSC" "0.11"  "0.037" "0.883"
kich "KICH" "0.258" "0.055" "0.662"
kirc "KIRC" "0"     "0"     "0.055"
kirp "KIRP" "1.031" "0.368" "2.024"
lihc "LIHC" "0"     "0"     "0.147"
luad "LUAD" "1.104" "0.276" "1.987"
lusc "LUSC" "1.288" "0.57"  "2.319"
paad "PAAD" "0"     "0"     "0.018"
pcpg "PCPG" "0"     "0"     "0.055"
prad "PRAD" "0.147" "0"     "0.865"
stad "STAD" "0.092" "0"     "0.736"
thca "THCA" "0"     "0"     "0"    
ucec "UCEC" "0.129" "0"     "0.645"
> 
> 
> 
> 
> 
>   
> ## UNPAIRED DATA
> ############################################################
> 
> 
> setwd(file.path (.job$dir$proces))
> lista <- dir()
> unpair    <- lista [grep ("res_gsa_unpaired", lista)]
> length(unpair)
[1] 100
> 
> 
> # measuring total number of GO terms
> load (file.path (.job$dir$proces, unpair[1]))
> n_bp  <- nrow(res.gsa.unpa$bp[[1]])
> n_mf  <- nrow(res.gsa.unpa$mf[[1]])
> n_cc  <- nrow(res.gsa.unpa$cc[[1]])
> n_gos <- n_bp + n_mf + n_cc
> n_gos
[1] 5434
> 
> 
> # defining a matrix to save results
> length(names(res.gsa.unpa$bp))   
[1] 20
> unpair.tum   <- names(res.gsa.unpa$bp)
> 
> mat.unpair <- matrix(data =NA, nrow = length(names(res.gsa.unpa$bp)), ncol= length(unpair))
> rownames(mat.unpair) <-names(res.gsa.unpa$bp)
> colnames(mat.unpair) <- c(1:100)
> mat.unpair[1:5,1:15]
      1  2  3  4  5  6  7  8  9 10 11 12 13 14 15
blca NA NA NA NA NA NA NA NA NA NA NA NA NA NA NA
brca NA NA NA NA NA NA NA NA NA NA NA NA NA NA NA
cesc NA NA NA NA NA NA NA NA NA NA NA NA NA NA NA
coad NA NA NA NA NA NA NA NA NA NA NA NA NA NA NA
esca NA NA NA NA NA NA NA NA NA NA NA NA NA NA NA
> 
> for (i in 1:length(unpair)) {
+   load (file.path (.job$dir$proces, unpair[i]))
+   for (j in unpair.tum){
+     sig.bp <- sum(as.numeric(res.gsa.unpa$bp[[j]][,"padj"] < corte))
+     sig.cc <- sum(as.numeric(res.gsa.unpa$cc[[j]][,"padj"] < corte))
+     sig.mf <- sum(as.numeric(res.gsa.unpa$mf[[j]][,"padj"] < corte))
+     mat.unpair[j,i] <-  sig.bp + sig.cc + sig.mf
+   }
+ }
> 
> #  % of significant GOs
> mat.unpair.per <- (mat.unpair / n_gos) * 100
> 
> summary(mat.unpair.per)
       1                2                3                4                5                6                7                8                 9         
 Min.   :0.0000   Min.   :0.0000   Min.   :0.0000   Min.   :0.0000   Min.   :0.0000   Min.   :0.0000   Min.   :0.0000   Min.   :0.00000   Min.   :0.0000  
 1st Qu.:0.0000   1st Qu.:0.0000   1st Qu.:0.0000   1st Qu.:0.0000   1st Qu.:0.0000   1st Qu.:0.0000   1st Qu.:0.0000   1st Qu.:0.00000   1st Qu.:0.0322  
 Median :0.1288   Median :0.1288   Median :0.1932   Median :0.1288   Median :0.1288   Median :0.1288   Median :0.1012   Median :0.09201   Median :0.4693  
 Mean   :0.8548   Mean   :0.9974   Mean   :0.9901   Mean   :0.9367   Mean   :0.9339   Mean   :0.9993   Mean   :0.9523   Mean   :0.92657   Mean   :1.1842  
 3rd Qu.:1.1042   3rd Qu.:1.1042   3rd Qu.:1.3480   3rd Qu.:1.1042   3rd Qu.:1.1042   3rd Qu.:1.1042   3rd Qu.:1.1042   3rd Qu.:1.10416   3rd Qu.:1.9323  
 Max.   :4.8031   Max.   :4.9135   Max.   :4.9871   Max.   :4.8031   Max.   :4.8031   Max.   :4.9503   Max.   :4.8031   Max.   :4.78469   Max.   :5.2264  
       10               11               12               13               14               15               16               17               18        
 Min.   :0.0000   Min.   :0.0000   Min.   :0.0000   Min.   :0.0000   Min.   :0.0000   Min.   :0.0000   Min.   :0.0000   Min.   :0.0000   Min.   :0.0000  
 1st Qu.:0.0000   1st Qu.:0.0000   1st Qu.:0.0138   1st Qu.:0.0138   1st Qu.:0.0000   1st Qu.:0.0000   1st Qu.:0.0000   1st Qu.:0.0000   1st Qu.:0.0000  
 Median :0.5613   Median :0.5613   Median :0.5613   Median :0.1564   Median :0.5613   Median :0.5613   Median :0.5613   Median :0.5613   Median :0.5613  
 Mean   :1.0968   Mean   :1.1511   Mean   :1.0618   Mean   :0.8217   Mean   :1.1897   Mean   :1.0959   Mean   :1.1391   Mean   :1.1833   Mean   :1.2146  
 3rd Qu.:1.8081   3rd Qu.:1.9323   3rd Qu.:1.2698   3rd Qu.:0.9063   3rd Qu.:1.9323   3rd Qu.:1.7943   3rd Qu.:1.9323   3rd Qu.:1.9323   3rd Qu.:1.9323  
 Max.   :5.2264   Max.   :5.2264   Max.   :5.2264   Max.   :4.8031   Max.   :5.2264   Max.   :5.2264   Max.   :5.2264   Max.   :5.2264   Max.   :5.2264  
       19               20               21               22               23               24               25               26                27        
 Min.   :0.0000   Min.   :0.0000   Min.   :0.0000   Min.   :0.0000   Min.   :0.0000   Min.   :0.0000   Min.   :0.0000   Min.   :0.00000   Min.   :0.0000  
 1st Qu.:0.0000   1st Qu.:0.0000   1st Qu.:0.0000   1st Qu.:0.0000   1st Qu.:0.0138   1st Qu.:0.0000   1st Qu.:0.0138   1st Qu.:0.00000   1st Qu.:0.0138  
 Median :0.5613   Median :0.5613   Median :0.5153   Median :0.5797   Median :0.1380   Median :0.1288   Median :0.1380   Median :0.09201   Median :0.1656  
 Mean   :1.0554   Mean   :1.0545   Mean   :1.0407   Mean   :1.2210   Mean   :1.0766   Mean   :0.8382   Mean   :0.9174   Mean   :1.00387   Mean   :0.8180  
 3rd Qu.:1.2146   3rd Qu.:1.2146   3rd Qu.:1.2146   3rd Qu.:1.9323   3rd Qu.:1.3894   3rd Qu.:1.1042   3rd Qu.:0.6257   3rd Qu.:0.86952   3rd Qu.:0.8695  
 Max.   :5.2264   Max.   :5.2264   Max.   :5.2264   Max.   :5.2264   Max.   :6.0361   Max.   :4.8031   Max.   :6.2017   Max.   :5.39198   Max.   :5.1527  
       28               29               30               31               32               33               34               35               36        
 Min.   :0.0000   Min.   :0.0000   Min.   :0.0000   Min.   :0.0000   Min.   :0.0000   Min.   :0.0000   Min.   :0.0000   Min.   :0.0000   Min.   :0.0000  
 1st Qu.:0.0000   1st Qu.:0.0000   1st Qu.:0.0000   1st Qu.:0.0000   1st Qu.:0.0000   1st Qu.:0.0000   1st Qu.:0.0000   1st Qu.:0.0000   1st Qu.:0.0000  
 Median :0.1196   Median :0.1196   Median :0.1196   Median :0.1196   Median :0.1196   Median :0.1196   Median :0.1196   Median :0.1288   Median :0.1196  
 Mean   :0.8962   Mean   :0.7692   Mean   :0.8971   Mean   :0.7508   Mean   :0.8180   Mean   :0.7508   Mean   :0.8125   Mean   :0.9928   Mean   :0.7508  
 3rd Qu.:1.0628   3rd Qu.:1.0628   3rd Qu.:1.0628   3rd Qu.:1.0167   3rd Qu.:1.0628   3rd Qu.:1.0167   3rd Qu.:1.0628   3rd Qu.:1.1042   3rd Qu.:1.0167  
 Max.   :5.1527   Max.   :5.1527   Max.   :5.5944   Max.   :5.1527   Max.   :5.1527   Max.   :5.1527   Max.   :5.1527   Max.   :4.8215   Max.   :5.1527  
       37               38               39               40               41               42               43               44               45        
 Min.   :0.0000   Min.   :0.0000   Min.   :0.0000   Min.   :0.0000   Min.   :0.0000   Min.   :0.0000   Min.   :0.0000   Min.   :0.0000   Min.   :0.0000  
 1st Qu.:0.0000   1st Qu.:0.0000   1st Qu.:0.0000   1st Qu.:0.0184   1st Qu.:0.0184   1st Qu.:0.0000   1st Qu.:0.0000   1st Qu.:0.0000   1st Qu.:0.0000  
 Median :0.1196   Median :0.1840   Median :0.1840   Median :0.2208   Median :0.1656   Median :0.1380   Median :0.1196   Median :0.1196   Median :0.1472  
 Mean   :0.7600   Mean   :0.9155   Mean   :0.8106   Mean   :0.8060   Mean   :0.8143   Mean   :0.8796   Mean   :0.8493   Mean   :0.8815   Mean   :0.9422  
 3rd Qu.:1.0628   3rd Qu.:1.0628   3rd Qu.:1.0628   3rd Qu.:1.0351   3rd Qu.:0.7913   3rd Qu.:1.0397   3rd Qu.:0.6165   3rd Qu.:0.6165   3rd Qu.:0.8373  
 Max.   :5.1527   Max.   :5.8520   Max.   :5.8520   Max.   :4.8767   Max.   :4.8767   Max.   :5.2080   Max.   :5.2080   Max.   :6.2201   Max.   :6.2937  
       46               47               48               49               50               51               52               53               54        
 Min.   :0.0000   Min.   :0.0000   Min.   :0.0000   Min.   :0.0000   Min.   :0.0000   Min.   :0.0000   Min.   :0.0000   Min.   :0.0000   Min.   :0.0000  
 1st Qu.:0.0000   1st Qu.:0.0000   1st Qu.:0.0000   1st Qu.:0.0000   1st Qu.:0.0000   1st Qu.:0.0000   1st Qu.:0.0000   1st Qu.:0.0000   1st Qu.:0.0000  
 Median :0.1380   Median :0.1472   Median :0.1472   Median :0.1472   Median :0.1472   Median :0.1472   Median :0.1472   Median :0.1472   Median :0.1472  
 Mean   :0.8539   Mean   :0.9891   Mean   :0.9459   Mean   :0.9809   Mean   :0.9809   Mean   :1.0499   Mean   :0.9569   Mean   :0.9036   Mean   :0.8934  
 3rd Qu.:1.1042   3rd Qu.:0.8373   3rd Qu.:0.8373   3rd Qu.:0.8373   3rd Qu.:0.8373   3rd Qu.:0.8373   3rd Qu.:0.8373   3rd Qu.:0.8373   3rd Qu.:0.8373  
 Max.   :4.8031   Max.   :6.2937   Max.   :6.2937   Max.   :6.2937   Max.   :6.2937   Max.   :6.2937   Max.   :6.2937   Max.   :6.2937   Max.   :6.2937  
       55               56               57               58               59               60               61               62               63        
 Min.   :0.0000   Min.   :0.0000   Min.   :0.0000   Min.   :0.0000   Min.   :0.0000   Min.   :0.0000   Min.   :0.0000   Min.   :0.0000   Min.   :0.0000  
 1st Qu.:0.0000   1st Qu.:0.0184   1st Qu.:0.0000   1st Qu.:0.0184   1st Qu.:0.0138   1st Qu.:0.0000   1st Qu.:0.0000   1st Qu.:0.0000   1st Qu.:0.0000  
 Median :0.2668   Median :0.3404   Median :0.1288   Median :0.1932   Median :0.1380   Median :0.2576   Median :0.2208   Median :0.1196   Median :0.2208  
 Mean   :1.0250   Mean   :0.8576   Mean   :0.9855   Mean   :0.7702   Mean   :0.8198   Mean   :0.8272   Mean   :0.9947   Mean   :0.9220   Mean   :0.9017  
 3rd Qu.:0.8373   3rd Qu.:0.7039   3rd Qu.:1.1042   3rd Qu.:0.7223   3rd Qu.:0.7453   3rd Qu.:0.9293   3rd Qu.:0.7867   3rd Qu.:0.7867   3rd Qu.:0.9293  
 Max.   :6.2937   Max.   :4.8583   Max.   :4.8031   Max.   :4.8583   Max.   :4.8583   Max.   :5.3184   Max.   :5.3184   Max.   :5.3184   Max.   :5.3184  
       64               65               66               67               68               69               70               71               72        
 Min.   :0.0000   Min.   :0.0000   Min.   :0.0000   Min.   :0.0000   Min.   :0.0000   Min.   :0.0000   Min.   :0.0000   Min.   :0.0000   Min.   :0.0000  
 1st Qu.:0.0000   1st Qu.:0.0000   1st Qu.:0.0000   1st Qu.:0.0000   1st Qu.:0.0000   1st Qu.:0.0000   1st Qu.:0.0000   1st Qu.:0.0000   1st Qu.:0.0000  
 Median :0.1196   Median :0.1196   Median :0.1196   Median :0.2208   Median :0.1288   Median :0.1196   Median :0.1196   Median :0.1196   Median :0.1196  
 Mean   :0.8934   Mean   :0.9192   Mean   :0.9192   Mean   :0.8410   Mean   :0.9339   Mean   :0.9385   Mean   :0.8934   Mean   :0.8622   Mean   :0.7784  
 3rd Qu.:0.7867   3rd Qu.:0.7867   3rd Qu.:0.7867   3rd Qu.:0.7867   3rd Qu.:1.1042   3rd Qu.:0.7867   3rd Qu.:0.7867   3rd Qu.:0.7867   3rd Qu.:0.7867  
 Max.   :5.3184   Max.   :5.3184   Max.   :5.3184   Max.   :5.3184   Max.   :4.8031   Max.   :5.3184   Max.   :5.3184   Max.   :5.3184   Max.   :5.3184  
       73               74                75               76               77               78               79               80               81        
 Min.   :0.0000   Min.   :0.00000   Min.   :0.0000   Min.   :0.0000   Min.   :0.0000   Min.   :0.0000   Min.   :0.0000   Min.   :0.0000   Min.   :0.0000  
 1st Qu.:0.0184   1st Qu.:0.01380   1st Qu.:0.0138   1st Qu.:0.0322   1st Qu.:0.0000   1st Qu.:0.0000   1st Qu.:0.0000   1st Qu.:0.0000   1st Qu.:0.0000  
 Median :0.1012   Median :0.09201   Median :0.1656   Median :0.1104   Median :0.2116   Median :0.2116   Median :0.1288   Median :0.2116   Median :0.2116  
 Mean   :0.7692   Mean   :0.75635   Mean   :0.8934   Mean   :0.7849   Mean   :0.7361   Mean   :0.7932   Mean   :0.9809   Mean   :0.6901   Mean   :0.7453  
 3rd Qu.:1.0167   3rd Qu.:0.63489   3rd Qu.:1.0259   3rd Qu.:0.8281   3rd Qu.:0.7913   3rd Qu.:0.7913   3rd Qu.:1.1042   3rd Qu.:0.7913   3rd Qu.:0.7913  
 Max.   :4.2694   Max.   :4.26942   Max.   :4.2694   Max.   :3.9750   Max.   :3.8830   Max.   :3.8830   Max.   :4.8031   Max.   :3.8830   Max.   :3.8830  
       82               83               84               85               86               87               88               89                90        
 Min.   :0.0000   Min.   :0.0000   Min.   :0.0000   Min.   :0.0000   Min.   :0.0000   Min.   :0.0000   Min.   :0.0000   Min.   :0.00000   Min.   :0.0000  
 1st Qu.:0.0000   1st Qu.:0.0000   1st Qu.:0.0000   1st Qu.:0.0000   1st Qu.:0.0000   1st Qu.:0.0000   1st Qu.:0.0000   1st Qu.:0.00000   1st Qu.:0.0000  
 Median :0.2116   Median :0.2116   Median :0.2116   Median :0.2116   Median :0.2116   Median :0.2116   Median :0.2116   Median :0.07361   Median :0.1012  
 Mean   :0.9091   Mean   :0.7251   Mean   :0.7361   Mean   :0.7453   Mean   :0.7554   Mean   :0.7968   Mean   :0.7803   Mean   :0.85848   Mean   :0.8796  
 3rd Qu.:0.7913   3rd Qu.:0.7913   3rd Qu.:0.7913   3rd Qu.:0.7913   3rd Qu.:0.7913   3rd Qu.:0.8741   3rd Qu.:0.8741   3rd Qu.:0.94314   3rd Qu.:1.1042  
 Max.   :5.8888   Max.   :3.8830   Max.   :3.8830   Max.   :3.8830   Max.   :3.8830   Max.   :4.9319   Max.   :4.9319   Max.   :4.98712   Max.   :4.8031  
       91                92               93               94               95               96               97               98               99        
 Min.   :0.00000   Min.   :0.0000   Min.   :0.0000   Min.   :0.0000   Min.   :0.0000   Min.   :0.0000   Min.   :0.0000   Min.   :0.0000   Min.   :0.0000  
 1st Qu.:0.02760   1st Qu.:0.0000   1st Qu.:0.0000   1st Qu.:0.0000   1st Qu.:0.0000   1st Qu.:0.0000   1st Qu.:0.0000   1st Qu.:0.0000   1st Qu.:0.0000  
 Median :0.07361   Median :0.1564   Median :0.1932   Median :0.1932   Median :0.1932   Median :0.1932   Median :0.1932   Median :0.1932   Median :0.1932  
 Mean   :0.80051   Mean   :0.8898   Mean   :0.9864   Mean   :1.0195   Mean   :0.9680   Mean   :1.0048   Mean   :0.9790   Mean   :1.0048   Mean   :1.0048  
 3rd Qu.:0.99374   3rd Qu.:1.1088   3rd Qu.:1.3480   3rd Qu.:1.3480   3rd Qu.:1.3480   3rd Qu.:1.3480   3rd Qu.:1.3480   3rd Qu.:1.3480   3rd Qu.:1.3480  
 Max.   :4.98712   Max.   :4.9871   Max.   :4.9871   Max.   :4.9871   Max.   :4.9871   Max.   :4.9871   Max.   :4.9871   Max.   :4.9871   Max.   :4.9871  
      100        
 Min.   :0.0000  
 1st Qu.:0.0000  
 Median :0.1932  
 Mean   :1.0066  
 3rd Qu.:1.3480  
 Max.   :4.9871  
> sim.median            <- round(apply(mat.unpair.per, 1, median),3) 
> sim.percentile5       <- round(apply(mat.unpair.per, 1, fper5),3)
> sim.percentile95      <- round(apply(mat.unpair.per, 1, fper95),3)  
> Cancer                <- toupper(rownames(mat.unpair.per))
> sim.res.unpair <- cbind(Cancer, sim.median, sim.percentile5, sim.percentile95) 
> colnames(sim.res.unpair) <- c("Cancer", "median", "perc5", "perc95")
> sim.res.unpair 
     Cancer median  perc5   perc95 
blca "BLCA" "0"     "0"     "0.037"
brca "BRCA" "0"     "0"     "0"    
cesc "CESC" "0.202" "0.018" "0.386"
coad "COAD" "4.803" "3.607" "5.332"
esca "ESCA" "0.755" "0.35"  "1.104"
hnsc "HNSC" "0.681" "0"     "2.3"  
kich "KICH" "0"     "0"     "0.037"
kirc "KIRC" "0.202" "0.037" "1.822"
kirp "KIRP" "0.883" "0.294" "1.307"
lihc "LIHC" "4.141" "3.257" "6.294"
luad "LUAD" "0"     "0"     "0"    
lusc "LUSC" "0.883" "0.074" "2.079"
paad "PAAD" "0.018" "0"     "0.129"
pcpg "PCPG" "0.018" "0"     "0.055"
prad "PRAD" "0"     "0"     "0.037"
read "READ" "0.294" "0.018" "0.626"
skcm "SKCM" "1.619" "0.773" "2.687"
stad "STAD" "0.212" "0.018" "0.883"
thca "THCA" "0"     "0"     "0.055"
ucec "UCEC" "2.843" "1.012" "4.734"
> 
> 
> 
> ### save results
> save (list = c ("sim.res.pair", "sim.res.unpair"),
+       file = file.path (.job$dir$proces, "res_gsa_conteos.RData"))
> 
> write.table(sim.res.unpair, file = file.path (.job$dir$proces, "res_gsa_conteos_unpaired.txt"), 
+             quote = F, sep = "\t", row.names = F)
> write.table(sim.res.pair, file = file.path (.job$dir$proces, "res_gsa_conteos_paired.txt"), 
+             quote = F, sep = "\t", row.names = F)
> 
> ###EXIT
> warnings ()
Warning messages:
1: Setting LC_TIME failed, using "C"
2: Setting LC_MONETARY failed, using "C"
3: Setting LC_PAPER failed, using "C"
4: Setting LC_MEASUREMENT failed, using "C"
> sessionInfo ()
R version 3.2.1 (2015-06-18)
Platform: x86_64-unknown-linux-gnu (64-bit)

locale:
 [1] LC_CTYPE=en_US.UTF-8    LC_NUMERIC=C            LC_TIME=C               LC_COLLATE=en_US.UTF-8  LC_MONETARY=C           LC_MESSAGES=en_US.UTF-8
 [7] LC_PAPER=C              LC_NAME=C               LC_ADDRESS=C            LC_TELEPHONE=C          LC_MEASUREMENT=C        LC_IDENTIFICATION=C    

attached base packages:
[1] stats     graphics  grDevices utils     datasets  methods   base     
> q ("no")
> proc.time()
   user  system elapsed 
 53.731   2.272 110.647 
