
R version 3.1.0 (2014-04-10) -- "Spring Dance"
Copyright (C) 2014 The R Foundation for Statistical Computing
Platform: x86_64-unknown-linux-gnu (64-bit)

R is free software and comes with ABSOLUTELY NO WARRANTY.
You are welcome to redistribute it under certain conditions.
Type 'license()' or 'licence()' for distribution details.

  Natural language support but running in an English locale

R is a collaborative project with many contributors.
Type 'contributors()' for more information and
'citation()' on how to cite R or R packages in publications.

Type 'demo()' for some demos, 'help()' for on-line help, or
'help.start()' for an HTML browser interface to help.
Type 'q()' to quit R.

> ##h030_prepare_annotation_unpaired.r
> ##2014-06-03 dmontaner@cipf.es
> ##Analysis of the miRNA data from The Cancer Genome Atlas
> ##Format GO annotation from Ensembl-Biomart
> 
> date ()
[1] "Fri Jun  6 21:23:57 2014"
> Sys.info ()[c("nodename", "user")]
   nodename        user 
     "dlap" "dmontaner" 
> commandArgs ()
[1] "/usr/local/lib64/R/bin/exec/R"                                                                
[2] "-f"                                                                                           
[3] "/home/dmontaner/trabajos_mios/2014/mirna_gsa_total/scripts/h030_prepare_annotation_unpaired.r"
[4] "--restore"                                                                                    
[5] "--save"                                                                                       
[6] "--no-readline"                                                                                
[7] "--no-save"                                                                                    
[8] "--no-restore"                                                                                 
> rm (list = ls ())
> R.version.string ##"R version 3.0.2 (2013-09-25)"
[1] "R version 3.1.0 (2014-04-10)"
> library (mdgsa); packageDescription ("mdgsa", fields = "Version") #"0.3.4"
Loading required package: DBI
Loading required package: AnnotationDbi
Loading required package: BiocGenerics
Loading required package: parallel

Attaching package: ‘BiocGenerics’

The following objects are masked from ‘package:parallel’:

    clusterApply, clusterApplyLB, clusterCall, clusterEvalQ,
    clusterExport, clusterMap, parApply, parCapply, parLapply,
    parLapplyLB, parRapply, parSapply, parSapplyLB

The following object is masked from ‘package:stats’:

    xtabs

The following objects are masked from ‘package:base’:

    anyDuplicated, append, as.data.frame, as.vector, cbind, colnames,
    do.call, duplicated, eval, evalq, Filter, Find, get, intersect,
    is.unsorted, lapply, Map, mapply, match, mget, order, paste, pmax,
    pmax.int, pmin, pmin.int, Position, rank, rbind, Reduce, rep.int,
    rownames, sapply, setdiff, sort, table, tapply, union, unique,
    unlist

Loading required package: Biobase
Welcome to Bioconductor

    Vignettes contain introductory material; view with
    'browseVignettes()'. To cite Bioconductor, see
    'citation("Biobase")', and for packages 'citation("pkgname")'.

Loading required package: GenomeInfoDb


KEGG.db contains mappings based on older data because the original
  resource was removed from the the public domain before the most
  recent update was produced. This package should now be considered
  deprecated and future versions of Bioconductor may not have it
  available.  Users who want more current data are encouraged to look
  at the KEGGREST or reactome.db packages

[1] "0.3.4"
> 
> try (source (".job.r")); try (.job)

.job.r has been sourced

$name
[1] "mirna_gsa_total"

$dir
$dir$data
[1] "~/datos/2014/mirna_gsa_total"

$dir$code
[1] "~/trabajos_mios/2014/mirna_gsa_total"

$dir$scripts
[1] "~/trabajos_mios/2014/mirna_gsa_total/scripts"

$dir$docs
[1] "~/trabajos_mios/2014/mirna_gsa_total/documents"

$dir$rawdat
[1] "~/datos/2014/mirna_gsa_total/data_raw"

$dir$annotation
[1] "~/datos/2014/mirna_gsa_total/data_annotation"

$dir$proces
[1] "~/datos/2014/mirna_gsa_total/data_processed"

$dir$plots
[1] "~/datos/2014/mirna_gsa_total/results/plots"

$dir$res
[1] "~/datos/2014/mirna_gsa_total/results/files"


$testmode
[1] FALSE

$dec
[1] "."

$idsep
[1] " /// "

> 
> ##DATOS
> setwd (file.path (.job$dir$proces))
> load ("rindex_unpaired.RData")
> ls ()
[1] "rindex"
> 
> sapply (rindex, class)
     blca      brca      cesc      coad      esca      hnsc      kich      kirc 
"numeric" "numeric" "numeric" "numeric" "numeric" "numeric" "numeric" "numeric" 
     kirp      lihc      luad      lusc      paad      pcpg      prad      read 
"numeric" "numeric" "numeric" "numeric" "numeric" "numeric" "numeric" "numeric" 
     skcm      stad      thca      ucec 
"numeric" "numeric" "numeric" "numeric" 
> sapply (rindex, head)
             blca       brca         cesc       coad       esca        hnsc
A1CF  -0.93754687  1.9930176  0.113397621  2.1545345 -1.2528012 -1.07264007
A2ML1  0.03329925 -0.4482049  0.001970621 -1.0789299  0.1836728 -0.06133508
AADAT  0.69111984  0.4924613  0.788500785 -0.3570744  0.8087608  0.55069356
AAED1  0.08005109 -0.2332836  0.212231396 -1.0525755  0.2499428  0.28585168
AAGAB  0.79616675  0.5645060  0.745902060 -0.2834756  1.1281219 -0.52456713
AAK1  -0.14645141 -2.2584772 -2.171754122  2.1652213 -0.8677136 -2.08041388
              kich       kirc       kirp       lihc       luad       lusc
A1CF   1.290515030  0.7070108 -1.5121208  1.0547438 -1.5062901 -1.6217850
A2ML1 -0.009853258 -0.5865379 -0.1651387 -0.1773476  0.4714926  0.7511175
AADAT  0.520762436  0.2209380  0.8243947 -0.8884540  0.1815636  0.6808837
AAED1  0.065699986 -0.4682496  0.3081813 -0.7907673 -0.2433138  0.1317897
AAGAB  0.359286196  0.2744177  1.3382419  0.5274256  0.5623180 -0.1605142
AAK1   0.837578519  1.9199364 -2.2428115  3.6640460 -1.1207058  1.0346958
             paad        pcpg        prad        read        skcm       stad
A1CF  -1.27119937 -2.29158114  1.89687010  2.01306386 -1.34129540 -1.1877326
A2ML1  0.28931074  0.55819240 -0.01089048 -0.37014950  0.05759466  0.1512755
AADAT -0.46686127 -0.33548948  0.28585168 -0.15610321  0.61536284  0.5011445
AAED1  0.05863359 -0.05946477 -0.24758933 -0.72550922  0.23243104  0.2041762
AAGAB  0.46154753 -0.51010181  0.27592575 -0.09400198  0.98260331  0.9391577
AAK1  -1.20684745 -1.61793351  0.79303795  0.48638185 -1.52859272 -0.2705427
            thca       ucec
A1CF   0.8807848 -1.3113041
A2ML1  0.1384885  0.3542018
AADAT -0.2467339  0.8243947
AAED1 -0.1301160  0.4294759
AAGAB  1.1856354  0.9975031
AAK1   1.0418077 -2.1238714
> sapply (rindex, length)
 blca  brca  cesc  coad  esca  hnsc  kich  kirc  kirp  lihc  luad  lusc  paad 
12084 12084 12084 12084 12084 12084 12084 12084 12084 12084 12084 12084 12084 
 pcpg  prad  read  skcm  stad  thca  ucec 
12084 12084 12084 12084 12084 12084 12084 
> sapply (rindex, summary)
              blca       brca       cesc       coad       esca       hnsc
Min.    -3.936e+00 -3.936e+00 -3.936e+00 -3.936e+00 -3.936e+00 -3.936e+00
1st Qu. -6.744e-01 -6.744e-01 -6.744e-01 -6.744e-01 -6.744e-01 -6.744e-01
Median  -6.957e-17 -6.957e-17 -6.957e-17 -6.957e-17 -6.957e-17 -6.957e-17
Mean     1.354e-17  1.354e-17  1.355e-17  1.356e-17  1.356e-17  1.354e-17
3rd Qu.  6.744e-01  6.744e-01  6.744e-01  6.744e-01  6.744e-01  6.744e-01
Max.     3.936e+00  3.936e+00  3.936e+00  3.936e+00  3.936e+00  3.936e+00
              kich       kirc       kirp       lihc       luad       lusc
Min.    -3.936e+00 -3.936e+00 -3.936e+00 -3.936e+00 -3.936e+00 -3.936e+00
1st Qu. -6.744e-01 -6.744e-01 -6.744e-01 -6.744e-01 -6.744e-01 -6.744e-01
Median  -6.957e-17 -6.957e-17 -6.957e-17 -6.957e-17 -6.957e-17 -6.957e-17
Mean     1.354e-17  1.355e-17  1.356e-17  1.358e-17  1.354e-17  1.354e-17
3rd Qu.  6.744e-01  6.744e-01  6.744e-01  6.744e-01  6.744e-01  6.744e-01
Max.     3.936e+00  3.936e+00  3.936e+00  3.936e+00  3.936e+00  3.936e+00
              paad       pcpg       prad       read       skcm       stad
Min.    -3.936e+00 -3.936e+00 -3.936e+00 -3.936e+00 -3.936e+00 -3.936e+00
1st Qu. -6.744e-01 -6.744e-01 -6.744e-01 -6.744e-01 -6.744e-01 -6.744e-01
Median  -6.957e-17 -6.957e-17 -6.957e-17 -6.957e-17 -6.957e-17 -6.957e-17
Mean     1.355e-17  1.357e-17  1.356e-17  1.357e-17  1.355e-17  1.355e-17
3rd Qu.  6.744e-01  6.744e-01  6.744e-01  6.744e-01  6.744e-01  6.744e-01
Max.     3.936e+00  3.936e+00  3.936e+00  3.936e+00  3.936e+00  3.936e+00
              thca       ucec
Min.    -3.936e+00 -3.936e+00
1st Qu. -6.744e-01 -6.744e-01
Median  -6.957e-17 -6.957e-17
Mean     1.356e-17  1.354e-17
3rd Qu.  6.744e-01  6.744e-01
Max.     3.936e+00  3.936e+00
> 
> sapply (rindex, function (x) table (x == 0))
blca.FALSE brca.FALSE cesc.FALSE coad.FALSE esca.FALSE hnsc.FALSE kich.FALSE 
     12084      12084      12084      12084      12084      12084      12084 
kirc.FALSE kirp.FALSE lihc.FALSE luad.FALSE lusc.FALSE paad.FALSE pcpg.FALSE 
     12084      12084      12084      12084      12084      12084      12084 
prad.FALSE read.FALSE skcm.FALSE stad.FALSE thca.FALSE ucec.FALSE 
     12084      12084      12084      12084      12084      12084 
> 
> genes <- unique (unlist (lapply (rindex, names)))
> length (genes)
[1] 12084
> 
> 
> ## ANNOTATION
> ensgo <- read.table (file.path (.job$dir$annotation, "mart_export.txt"), 
+                      header = TRUE, sep = "\t", quote = "", na.strings = "", colClasses = "character")
> dim (ensgo)
[1] 241740      2
> ensgo[1:3,]
  GO.Term.Accession HGNC.symbol
1        GO:0006810    SLC25A26
2        GO:0005739    SLC25A26
3        GO:0005634    SLC25A26
> 
> table (duplicated (ensgo))

 FALSE 
241740 
> 
> table (ensgo$GO.Term.Accession == "")

 FALSE 
232998 
> table (ensgo$HGNC.symbol       == "")

 FALSE 
240835 
> 
> na.go   <- is.na (ensgo$GO.Term.Accession)
> na.gene <- is.na (ensgo$HGNC.symbol)
> 
> table (na.go, na.gene) ## some missing
       na.gene
na.go    FALSE   TRUE
  FALSE 232094    904
  TRUE    8741      1
> 
> touse <- !na.go & !na.gene
> table (touse)
touse
 FALSE   TRUE 
  9646 232094 
> 
> ensgo <- ensgo[touse,]
> dim (ensgo)
[1] 232094      2
> 
> 
> ## keep just genes in the dataset
> touse <- ensgo[,"HGNC.symbol"] %in% genes  ##most of them are present
> table (touse)
touse
 FALSE   TRUE 
 66028 166066 
> 
> ensgo <- ensgo[touse,]
> ensgo[1:3,]
  GO.Term.Accession HGNC.symbol
1        GO:0006810    SLC25A26
2        GO:0005739    SLC25A26
3        GO:0005634    SLC25A26
> length (unique (ensgo[,"HGNC.symbol"]))
[1] 11608
> length (unique (ensgo[,"GO.Term.Accession"]))
[1] 12661
> 
> 
> 
> ## LIST FORMAT
> ensgo <- ensgo[, c("HGNC.symbol", "GO.Term.Accession")]
> ensgo[1:3,]
  HGNC.symbol GO.Term.Accession
1    SLC25A26        GO:0006810
2    SLC25A26        GO:0005739
3    SLC25A26        GO:0005634
> 
> system.time (annot <- annotMat2list (ensgo))
   user  system elapsed 
  1.324   0.016   1.339 
> length (annot)
[1] 12661
> 
> 
> ## PROPAGATE ONTOLOGY
> system.time (annot <- propagateGO (annot))

Using GO.db version: 2.14.0

   duplicated 1 : 1.04 0 1.04
  get ancestors : 2.09 0.04 3.84
 sort ancestors : 0.03 0 0.03
compute lengths : 0.22 0.01 0.22
 unlist & cbind : 1.6 0.02 1.62
          rbind : 0.24 0 0.25
     remove all : 0.36 0.02 0.38
   duplicated 2 : 25.89 0.1 25.97

   user  system elapsed 
 39.749   0.216  41.646 
> 
> 
> ## FILTERING: better to be done for each dataset
> # annot <- annotFilter (annot, minBlockSize = 10, maxBlockSize = 500)
> # length (annot)
> 
> 
> ## Split Ontologies
> annot <- splitOntologies (annot, na.rm = TRUE, verbose = TRUE)

Using GO.db version: 2.14.0
Some GO ids where not found, they will be excluded from the list
> sapply (annot, length)
   bp    cc    mf 
11728  1345  3421 
> 
> ## SAVING
> save (list = "annot", file = file.path (.job$dir$proces, "annot_for_unpaired_data.RData"))
> 
> 
> ###EXIT
> warnings ()
NULL
> sessionInfo ()
R version 3.1.0 (2014-04-10)
Platform: x86_64-unknown-linux-gnu (64-bit)

locale:
 [1] LC_CTYPE=en_US.UTF-8       LC_NUMERIC=C              
 [3] LC_TIME=es_ES.UTF-8        LC_COLLATE=en_US.UTF-8    
 [5] LC_MONETARY=es_ES.UTF-8    LC_MESSAGES=en_US.UTF-8   
 [7] LC_PAPER=es_ES.UTF-8       LC_NAME=C                 
 [9] LC_ADDRESS=C               LC_TELEPHONE=C            
[11] LC_MEASUREMENT=es_ES.UTF-8 LC_IDENTIFICATION=C       

attached base packages:
[1] parallel  stats     graphics  grDevices utils     datasets  methods  
[8] base     

other attached packages:
[1] mdgsa_0.3.4          AnnotationDbi_1.26.0 GenomeInfoDb_1.0.2  
[4] Biobase_2.24.0       BiocGenerics_0.10.0  RSQLite_0.11.4      
[7] DBI_0.2-7           

loaded via a namespace (and not attached):
[1] cluster_1.15.2  GO.db_2.14.0    grid_3.1.0      IRanges_1.22.6 
[5] KEGG.db_2.14.0  lattice_0.20-29 Matrix_1.1-3    stats4_3.1.0   
> q ("no")
> proc.time()
   user  system elapsed 
 49.094   0.278  51.076 
