
R version 3.1.2 (2014-10-31) -- "Pumpkin Helmet"
Copyright (C) 2014 The R Foundation for Statistical Computing
Platform: x86_64-pc-linux-gnu (64-bit)

R is free software and comes with ABSOLUTELY NO WARRANTY.
You are welcome to redistribute it under certain conditions.
Type 'license()' or 'licence()' for distribution details.

  Natural language support but running in an English locale

R is a collaborative project with many contributors.
Type 'contributors()' for more information and
'citation()' on how to cite R or R packages in publications.

Type 'demo()' for some demos, 'help()' for on-line help, or
'help.start()' for an HTML browser interface to help.
Type 'q()' to quit R.

> ##i010_format_res_uvgsa_unpaired.r
> ##2014-06-03 dmontaner@cipf.es
> ##2014-11-26 dmontaner@cipf.es
> ##Analysis of the miRNA data from The Cancer Genome Atlas
> ##This script collects all GSA results
> 
> date ()
[1] "Wed Dec  3 18:28:32 2014"
> Sys.info ()[c("nodename", "user")]
   nodename        user 
      "lap" "dmontaner" 
> commandArgs ()
[1] "/usr/lib/R/bin/exec/R"                                                                      
[2] "-f"                                                                                         
[3] "/home/dmontaner/trabajos_mios/2014/mirna_gsa_total/scripts/i010_format_res_uvgsa_unpaired.r"
[4] "--restore"                                                                                  
[5] "--save"                                                                                     
[6] "--no-readline"                                                                              
[7] "--no-save"                                                                                  
[8] "--no-restore"                                                                               
> rm (list = ls ())
> R.version.string ##"R version 3.0.2 (2013-09-25)"
[1] "R version 3.1.2 (2014-10-31)"
> library (xlsx); packageDescription ("xlsx", fields = "Version") #"0.5.5"
Loading required package: rJava
Loading required package: xlsxjars
[1] "0.5.7"
> library (mdgsa); packageDescription ("mdgsa", fields = "Version") #"0.99.2"
Loading required package: DBI
Loading required package: AnnotationDbi
Loading required package: stats4
Loading required package: BiocGenerics
Loading required package: parallel

Attaching package: ‘BiocGenerics’

The following objects are masked from ‘package:parallel’:

    clusterApply, clusterApplyLB, clusterCall, clusterEvalQ,
    clusterExport, clusterMap, parApply, parCapply, parLapply,
    parLapplyLB, parRapply, parSapply, parSapplyLB

The following objects are masked from ‘package:rJava’:

    anyDuplicated, duplicated, sort, unique

The following object is masked from ‘package:stats’:

    xtabs

The following objects are masked from ‘package:base’:

    anyDuplicated, append, as.data.frame, as.vector, cbind, colnames,
    do.call, duplicated, eval, evalq, Filter, Find, get, intersect,
    is.unsorted, lapply, Map, mapply, match, mget, order, paste, pmax,
    pmax.int, pmin, pmin.int, Position, rank, rbind, Reduce, rep.int,
    rownames, sapply, setdiff, sort, table, tapply, union, unique,
    unlist, unsplit

Loading required package: Biobase
Welcome to Bioconductor

    Vignettes contain introductory material; view with
    'browseVignettes()'. To cite Bioconductor, see
    'citation("Biobase")', and for packages 'citation("pkgname")'.

Loading required package: GenomeInfoDb
Loading required package: S4Vectors
Loading required package: IRanges

Attaching package: ‘AnnotationDbi’

The following object is masked from ‘package:GenomeInfoDb’:

    species



KEGG.db contains mappings based on older data because the original
  resource was removed from the the public domain before the most
  recent update was produced. This package should now be considered
  deprecated and future versions of Bioconductor may not have it
  available.  Users who want more current data are encouraged to look
  at the KEGGREST or reactome.db packages

[1] "0.99.2"
> #library (mirbaseID); packageDescription ("mirbaseID", fields = "Version") #"0.0.2"
> #help (package = mdgsa)
> #help (package = mirbaseID)
> 
> try (source (".job.r")); try (.job)

.job.r has been sourced

$name
[1] "mirna_gsa_total"

$dir
$dir$data
[1] "~/datos/2014/mirna_gsa_total"

$dir$code
[1] "~/trabajos_mios/2014/mirna_gsa_total"

$dir$scripts
[1] "~/trabajos_mios/2014/mirna_gsa_total/scripts"

$dir$docs
[1] "~/trabajos_mios/2014/mirna_gsa_total/documents"

$dir$rawdat
[1] "~/datos/2014/mirna_gsa_total/data_raw"

$dir$annotation
[1] "~/datos/2014/mirna_gsa_total/data_annotation"

$dir$proces
[1] "~/datos/2014/mirna_gsa_total/data_processed"

$dir$plots
[1] "~/datos/2014/mirna_gsa_total/results/plots"

$dir$res
[1] "~/datos/2014/mirna_gsa_total/results/files"


$testmode
[1] FALSE

$dec
[1] "."

$idsep
[1] " /// "

> 
> options (width = 170)
> 
> corte <- 0.05
> 
> ontologias <- c ("bp", "cc", "mf")
> 
> 
> ## INDEX
> load (file.path (.job$dir$proces, "rindex_unpaired.RData"))
> ls ()
[1] "corte"      "ontologias" "rindex"    
> 
> tags <- names (rindex)
> TAGS <- toupper (tags)
> names (TAGS) <- tags
> tags
 [1] "blca" "brca" "cesc" "coad" "esca" "hnsc" "kich" "kirc" "kirp" "lihc" "luad" "lusc" "paad" "pcpg" "prad" "read" "skcm" "stad" "thca" "ucec"
> TAGS
  blca   brca   cesc   coad   esca   hnsc   kich   kirc   kirp   lihc   luad   lusc   paad   pcpg   prad   read   skcm   stad   thca   ucec 
"BLCA" "BRCA" "CESC" "COAD" "ESCA" "HNSC" "KICH" "KIRC" "KIRP" "LIHC" "LUAD" "LUSC" "PAAD" "PCPG" "PRAD" "READ" "SKCM" "STAD" "THCA" "UCEC" 
> 
> 
> ### DATA DESCRIPTION
> estudios <- read.xlsx (file = file.path (.job$dir$docs, "lista_estudios.xls"), sheetIndex = 1, stringsAsFactors = FALSE)
> rownames (estudios) <- tolower (estudios$ID)
> estudios
       ID                                                  Available.Cancer.Types N.Cases.Shipped.by.BCR N.Cases.with.Data Date.Last.Updated..mm.dd.yy.
acc   ACC                                          Adrenocortical carcinoma [ACC]                     80                80                        41764
blca BLCA                                     Bladder Urothelial Carcinoma [BLCA]                    367               252                        41764
brca BRCA                                        Breast invasive carcinoma [BRCA]                   1066              1063                        41764
cesc CESC Cervical squamous cell carcinoma and endocervical adenocarcinoma [CESC]                    257               211                        41764
chol CHOL                                               Cholangiocarcinoma [CHOL]                      0                 0                             
coad COAD                                             Colon adenocarcinoma [COAD]                    450               441                        41748
dlbc DLBC                  Lymphoid Neoplasm Diffuse Large B-cell Lymphoma [DLBC]                     48                29                        41764
esca ESCA                                             Esophageal carcinoma [ESCA]                    176               126                        41764
gbm   GBM                                           Glioblastoma multiforme [GBM]                    531               521                        41764
hnsc HNSC                            Head and Neck squamous cell carcinoma [HNSC]                    528               517                        41764
kich KICH                                               Kidney Chromophobe [KICH]                     66                93                        41749
kirc KIRC                                Kidney renal clear cell carcinoma [KIRC]                    536               522                        41764
kirp KIRP                            Kidney renal papillary cell carcinoma [KIRP]                    242               203                        41754
laml LAML                                           Acute Myeloid Leukemia [LAML]                    200               200                        41674
lgg   LGG                                          Brain Lower Grade Glioma [LGG]                    516               516                        41764
lihc LIHC                                   Liver hepatocellular carcinoma [LIHC]                    291               208                        41764
luad LUAD                                              Lung adenocarcinoma [LUAD]                    513               499                        41764
lusc LUSC                                     Lung squamous cell carcinoma [LUSC]                    500               493                        41754
meso MESO                                                     Mesothelioma [MESO]                     37                37                        41764
ov     OV                                  Ovarian serous cystadenocarcinoma [OV]                    572               570                        41764
paad PAAD                                        Pancreatic adenocarcinoma [PAAD]                    147                94                        41764
pcpg PCPG                               Pheochromocytoma and Paraganglioma [PCPG]                    179               179                        41764
prad PRAD                                          Prostate adenocarcinoma [PRAD]                    419               341                        41764
read READ                                            Rectum adenocarcinoma [READ]                    172               171                        41764
sarc SARC                                                          Sarcoma [SARC]                    242               170                        41764
skcm SKCM                                          Skin Cutaneous Melanoma [SKCM]                    459               392                        41764
stad STAD                                           Stomach adenocarcinoma [STAD]                    421               390                        41765
tgct TGCT                                      Testicular Germ Cell Tumors [TGCT]                      0                 0                             
thca THCA                                                Thyroid carcinoma [THCA]                    507               500                        41764
thym THYM                                                          Thymoma [THYM]                      0                 0                             
ucec UCEC                             Uterine Corpus Endometrial Carcinoma [UCEC]                    544               533                        41755
ucs   UCS                                            Uterine Carcinosarcoma [UCS]                     57                57                        41759
uvm   UVM                                                    Uveal Melanoma [UVM]                      0                 0                             
                             notes
acc               without controls
blca                          <NA>
brca                          <NA>
cesc                          <NA>
chol                          <NA>
coad                          <NA>
dlbc                          <NA>
esca                          <NA>
gbm         Without miRNA seq data
hnsc                          <NA>
kich                          <NA>
kirc                          <NA>
kirp                          <NA>
laml All control samples. No cases
lgg                           <NA>
lihc                          <NA>
luad                          <NA>
lusc                          <NA>
meso                          <NA>
ov                            <NA>
paad                          <NA>
pcpg                          <NA>
prad                          <NA>
read                          <NA>
sarc                          <NA>
skcm                          <NA>
stad                          <NA>
tgct                          <NA>
thca                          <NA>
thym                          <NA>
ucec                          <NA>
ucs                           <NA>
uvm                           <NA>
> 
> tags.desc <- estudios[tags, "Available.Cancer.Types"]
> tags.desc <- sapply (strsplit (tags.desc, split = " \\["), function (x) x[[1]])
> names (tags.desc) <- tags
> tags.desc
                                                              blca                                                               brca 
                                    "Bladder Urothelial Carcinoma"                                        "Breast invasive carcinoma" 
                                                              cesc                                                               coad 
"Cervical squamous cell carcinoma and endocervical adenocarcinoma"                                             "Colon adenocarcinoma" 
                                                              esca                                                               hnsc 
                                            "Esophageal carcinoma"                            "Head and Neck squamous cell carcinoma" 
                                                              kich                                                               kirc 
                                              "Kidney Chromophobe"                                "Kidney renal clear cell carcinoma" 
                                                              kirp                                                               lihc 
                           "Kidney renal papillary cell carcinoma"                                   "Liver hepatocellular carcinoma" 
                                                              luad                                                               lusc 
                                             "Lung adenocarcinoma"                                     "Lung squamous cell carcinoma" 
                                                              paad                                                               pcpg 
                                       "Pancreatic adenocarcinoma"                               "Pheochromocytoma and Paraganglioma" 
                                                              prad                                                               read 
                                         "Prostate adenocarcinoma"                                            "Rectum adenocarcinoma" 
                                                              skcm                                                               stad 
                                         "Skin Cutaneous Melanoma"                                           "Stomach adenocarcinoma" 
                                                              thca                                                               ucec 
                                               "Thyroid carcinoma"                             "Uterine Corpus Endometrial Carcinoma" 
> 
> ################################################################################
> 
> ## GSA list format
> setwd (file.path (.job$dir$proces, "res_uvgsa_unpaired"))
> dir ()
 [1] "blca_bp.RData" "blca_cc.RData" "blca_mf.RData" "brca_bp.RData" "brca_cc.RData" "brca_mf.RData" "cesc_bp.RData" "cesc_cc.RData" "cesc_mf.RData" "coad_bp.RData"
[11] "coad_cc.RData" "coad_mf.RData" "esca_bp.RData" "esca_cc.RData" "esca_mf.RData" "hnsc_bp.RData" "hnsc_cc.RData" "hnsc_mf.RData" "kich_bp.RData" "kich_cc.RData"
[21] "kich_mf.RData" "kirc_bp.RData" "kirc_cc.RData" "kirc_mf.RData" "kirp_bp.RData" "kirp_cc.RData" "kirp_mf.RData" "lihc_bp.RData" "lihc_cc.RData" "lihc_mf.RData"
[31] "luad_bp.RData" "luad_cc.RData" "luad_mf.RData" "lusc_bp.RData" "lusc_cc.RData" "lusc_mf.RData" "paad_bp.RData" "paad_cc.RData" "paad_mf.RData" "pcpg_bp.RData"
[41] "pcpg_cc.RData" "pcpg_mf.RData" "prad_bp.RData" "prad_cc.RData" "prad_mf.RData" "read_bp.RData" "read_cc.RData" "read_mf.RData" "skcm_bp.RData" "skcm_cc.RData"
[51] "skcm_mf.RData" "stad_bp.RData" "stad_cc.RData" "stad_mf.RData" "thca_bp.RData" "thca_cc.RData" "thca_mf.RData" "ucec_bp.RData" "ucec_cc.RData" "ucec_mf.RData"
> 
> res.gsa.unpa <- list ()
> for (tag in tags) {
+     cat ("\n", tag, fill = TRUE, sep = "")
+     cat ("====================================================================================================", fill = TRUE)
+     for (onto in ontologias) {
+         fichero <- paste (tag, "_", onto, ".RData", sep = "")
+         load (fichero)
+         res[,"pat"] <- uvPat (res, cutoff = corte)
+         res[,"index"] <- pval2index (pval = res[,"pval"], sign = res[,"lor"])
+         res[,"Name"] <- getGOnames (res, verbose = FALSE)
+         res.gsa.unpa[[onto]][[tag]] <- res
+     }
+ }

blca
====================================================================================================

brca
====================================================================================================

cesc
====================================================================================================

coad
====================================================================================================

esca
====================================================================================================

hnsc
====================================================================================================

kich
====================================================================================================

kirc
====================================================================================================

kirp
====================================================================================================

lihc
====================================================================================================

luad
====================================================================================================

lusc
====================================================================================================

paad
====================================================================================================

pcpg
====================================================================================================

prad
====================================================================================================

read
====================================================================================================

skcm
====================================================================================================

stad
====================================================================================================

thca
====================================================================================================

ucec
====================================================================================================
There were 20 warnings (use warnings() to see them)
> 
> res[1:3,]
            N       lor       pval padj        sd        t conv pat    index                         Name
GO:0000030 10 0.4704241 0.12108950    1 0.3034356 1.550326    1   0 2.111225 mannosyltransferase activity
GO:0000049 25 0.2574175 0.19442042    1 0.1983667 1.297685    1   0 1.637732                 tRNA binding
GO:0000062 15 0.5929148 0.01472298    1 0.2430503 2.439473    1   0 4.218346       fatty-acyl-CoA binding
> res.gsa.unpa[[onto]][[tag]][1:3,]
            N       lor       pval padj        sd        t conv pat    index                         Name
GO:0000030 10 0.4704241 0.12108950    1 0.3034356 1.550326    1   0 2.111225 mannosyltransferase activity
GO:0000049 25 0.2574175 0.19442042    1 0.1983667 1.297685    1   0 1.637732                 tRNA binding
GO:0000062 15 0.5929148 0.01472298    1 0.2430503 2.439473    1   0 4.218346       fatty-acyl-CoA binding
> 
> ## SOME CHECKINGS
> sapply (res.gsa.unpa, length)
bp cc mf 
20 20 20 
> 
> for (onto in ontologias) {  
+     cat ("\n")
+     print (onto)
+     print (sapply (res.gsa.unpa[[onto]], dim))  ##OK all equal dimensions
+     print (unique (sapply (res.gsa.unpa[[onto]], function (x) sum (rownames (x) == rownames (res.gsa.unpa[[onto]][[1]]))))) ##OK all equal rownames
+     print (unique (sapply (res.gsa.unpa[[onto]], function (x) sum (x[,"N"] == res.gsa.unpa[[onto]][[1]][,"N"])))) ##OK all equal go sizes
+     print (unique (sapply (res.gsa.unpa[[onto]], function (x) sum (x[,"conv"])))) ## OK all converged
+ }

[1] "bp"
     blca brca cesc coad esca hnsc kich kirc kirp lihc luad lusc paad pcpg prad read skcm stad thca ucec
[1,] 3976 3976 3976 3976 3976 3976 3976 3976 3976 3976 3976 3976 3976 3976 3976 3976 3976 3976 3976 3976
[2,]   10   10   10   10   10   10   10   10   10   10   10   10   10   10   10   10   10   10   10   10
[1] 3976
[1] 3976
[1] 3976

[1] "cc"
     blca brca cesc coad esca hnsc kich kirc kirp lihc luad lusc paad pcpg prad read skcm stad thca ucec
[1,]  446  446  446  446  446  446  446  446  446  446  446  446  446  446  446  446  446  446  446  446
[2,]   10   10   10   10   10   10   10   10   10   10   10   10   10   10   10   10   10   10   10   10
[1] 446
[1] 446
[1] 446

[1] "mf"
     blca brca cesc coad esca hnsc kich kirc kirp lihc luad lusc paad pcpg prad read skcm stad thca ucec
[1,]  747  747  747  747  747  747  747  747  747  747  747  747  747  747  747  747  747  747  747  747
[2,]   10   10   10   10   10   10   10   10   10   10   10   10   10   10   10   10   10   10   10   10
[1] 747
[1] 747
[1] 747
> 
> 
> ################################################################################
> 
> ### Matrix Format
> 
> mat.gsa.unpa <- list ()
> 
> for (onto in ontologias) {
+     N <- res.gsa.unpa[[onto]][[1]][,"N"]
+     names (N) <- rownames (res.gsa.unpa[[onto]][[1]])
+     mat.gsa.unpa[[onto]][["N"]] <- N
+     
+     mat.gsa.unpa[[onto]][["lor"]]   <- sapply (res.gsa.unpa[[onto]], function (x) {s <- x[,"lor"];   names (s) <- rownames (x); s})
+     mat.gsa.unpa[[onto]][["pval"]]  <- sapply (res.gsa.unpa[[onto]], function (x) {s <- x[,"pval"];  names (s) <- rownames (x); s})
+     mat.gsa.unpa[[onto]][["padj"]]  <- sapply (res.gsa.unpa[[onto]], function (x) {s <- x[,"padj"];  names (s) <- rownames (x); s})
+     mat.gsa.unpa[[onto]][["pat"]]   <- sapply (res.gsa.unpa[[onto]], function (x) {s <- x[,"pat"];   names (s) <- rownames (x); s})
+     mat.gsa.unpa[[onto]][["index"]] <- sapply (res.gsa.unpa[[onto]], function (x) {s <- x[,"index"]; names (s) <- rownames (x); s})
+ }
> 
> mat.gsa.unpa[["tags"]] <- tolower (names (res.gsa.unpa[[onto]]))
> mat.gsa.unpa[["TAGS"]] <- toupper (names (res.gsa.unpa[[onto]]))
> mat.gsa.unpa[["desc"]] <- tags.desc[mat.gsa.unpa[["tags"]]]
> 
> 
> ###SALVAMOS
> save (list = c ("res.gsa.unpa", "mat.gsa.unpa"), file = file.path (.job$dir$proces, "res_gsa_unpaired.RData"))
> 
> 
> 
> ###EXIT
> warnings ()
Warning messages:
1: In getGOnames(res, verbose = FALSE) :
  1 GOids where not found; missing names generated.
2: In getGOnames(res, verbose = FALSE) :
  1 GOids where not found; missing names generated.
3: In getGOnames(res, verbose = FALSE) :
  1 GOids where not found; missing names generated.
4: In getGOnames(res, verbose = FALSE) :
  1 GOids where not found; missing names generated.
5: In getGOnames(res, verbose = FALSE) :
  1 GOids where not found; missing names generated.
6: In getGOnames(res, verbose = FALSE) :
  1 GOids where not found; missing names generated.
7: In getGOnames(res, verbose = FALSE) :
  1 GOids where not found; missing names generated.
8: In getGOnames(res, verbose = FALSE) :
  1 GOids where not found; missing names generated.
9: In getGOnames(res, verbose = FALSE) :
  1 GOids where not found; missing names generated.
10: In getGOnames(res, verbose = FALSE) :
  1 GOids where not found; missing names generated.
11: In getGOnames(res, verbose = FALSE) :
  1 GOids where not found; missing names generated.
12: In getGOnames(res, verbose = FALSE) :
  1 GOids where not found; missing names generated.
13: In getGOnames(res, verbose = FALSE) :
  1 GOids where not found; missing names generated.
14: In getGOnames(res, verbose = FALSE) :
  1 GOids where not found; missing names generated.
15: In getGOnames(res, verbose = FALSE) :
  1 GOids where not found; missing names generated.
16: In getGOnames(res, verbose = FALSE) :
  1 GOids where not found; missing names generated.
17: In getGOnames(res, verbose = FALSE) :
  1 GOids where not found; missing names generated.
18: In getGOnames(res, verbose = FALSE) :
  1 GOids where not found; missing names generated.
19: In getGOnames(res, verbose = FALSE) :
  1 GOids where not found; missing names generated.
20: In getGOnames(res, verbose = FALSE) :
  1 GOids where not found; missing names generated.
> sessionInfo ()
R version 3.1.2 (2014-10-31)
Platform: x86_64-pc-linux-gnu (64-bit)

locale:
 [1] LC_CTYPE=en_US.UTF-8          LC_NUMERIC=C                  LC_TIME=es_ES.UTF-8           LC_COLLATE=en_US.UTF-8        LC_MONETARY=es_ES.UTF-8      
 [6] LC_MESSAGES=en_US.UTF-8       LC_PAPER=es_ES.UTF-8          LC_NAME=es_ES.UTF-8           LC_ADDRESS=es_ES.UTF-8        LC_TELEPHONE=es_ES.UTF-8     
[11] LC_MEASUREMENT=es_ES.UTF-8    LC_IDENTIFICATION=es_ES.UTF-8

attached base packages:
[1] parallel  stats4    stats     graphics  grDevices utils     datasets  methods   base     

other attached packages:
 [1] mdgsa_0.99.2         AnnotationDbi_1.28.1 GenomeInfoDb_1.2.3   IRanges_2.0.0        S4Vectors_0.4.0      Biobase_2.26.0       BiocGenerics_0.12.1 
 [8] RSQLite_1.0.0        DBI_0.3.1            xlsx_0.5.7           xlsxjars_0.6.1       rJava_0.9-6         

loaded via a namespace (and not attached):
[1] cluster_1.15.3  GO.db_3.0.0     grid_3.1.2      KEGG.db_3.0.0   lattice_0.20-29 Matrix_1.1-4   
> q ("no")
> proc.time()
   user  system elapsed 
 14.463   0.131  14.060 
