
R version 3.1.2 (2014-10-31) -- "Pumpkin Helmet"
Copyright (C) 2014 The R Foundation for Statistical Computing
Platform: x86_64-pc-linux-gnu (64-bit)

R is free software and comes with ABSOLUTELY NO WARRANTY.
You are welcome to redistribute it under certain conditions.
Type 'license()' or 'licence()' for distribution details.

  Natural language support but running in an English locale

R is a collaborative project with many contributors.
Type 'contributors()' for more information and
'citation()' on how to cite R or R packages in publications.

Type 'demo()' for some demos, 'help()' for on-line help, or
'help.start()' for an HTML browser interface to help.
Type 'q()' to quit R.

> ##i010_explore_res_uvgsa_unpaired.r
> ##2014-11-26 dmontaner@cipf.es
> ##Analysis of the miRNA data from The Cancer Genome Atlas
> ##This script explores the GSA ressults
> 
> ###NOTES:
> ## Gene Set "evidence" is not related to Block Size
> 
> date ()
[1] "Thu Dec  4 14:19:21 2014"
> Sys.info ()[c("nodename", "user")]
   nodename        user 
      "lap" "dmontaner" 
> commandArgs ()
[1] "/usr/lib/R/bin/exec/R"                                                                           
[2] "-f"                                                                                              
[3] "/home/dmontaner/trabajos_mios/2014/mirna_gsa_total/scripts/i030_compare_uvgsa_parired_unpaired.r"
[4] "--restore"                                                                                       
[5] "--save"                                                                                          
[6] "--no-readline"                                                                                   
[7] "--no-save"                                                                                       
[8] "--no-restore"                                                                                    
> rm (list = ls ())
> R.version.string ##"R version 3.0.2 (2013-09-25)"
[1] "R version 3.1.2 (2014-10-31)"
> #library (xlsx); packageDescription ("xlsx", fields = "Version") #"0.5.5"
> library (mdgsa); packageDescription ("mdgsa", fields = "Version") #"0.99.2"
Loading required package: DBI
Loading required package: AnnotationDbi
Loading required package: stats4
Loading required package: BiocGenerics
Loading required package: parallel

Attaching package: ‘BiocGenerics’

The following objects are masked from ‘package:parallel’:

    clusterApply, clusterApplyLB, clusterCall, clusterEvalQ,
    clusterExport, clusterMap, parApply, parCapply, parLapply,
    parLapplyLB, parRapply, parSapply, parSapplyLB

The following object is masked from ‘package:stats’:

    xtabs

The following objects are masked from ‘package:base’:

    anyDuplicated, append, as.data.frame, as.vector, cbind, colnames,
    do.call, duplicated, eval, evalq, Filter, Find, get, intersect,
    is.unsorted, lapply, Map, mapply, match, mget, order, paste, pmax,
    pmax.int, pmin, pmin.int, Position, rank, rbind, Reduce, rep.int,
    rownames, sapply, setdiff, sort, table, tapply, union, unique,
    unlist, unsplit

Loading required package: Biobase
Welcome to Bioconductor

    Vignettes contain introductory material; view with
    'browseVignettes()'. To cite Bioconductor, see
    'citation("Biobase")', and for packages 'citation("pkgname")'.

Loading required package: GenomeInfoDb
Loading required package: S4Vectors
Loading required package: IRanges

Attaching package: ‘AnnotationDbi’

The following object is masked from ‘package:GenomeInfoDb’:

    species



KEGG.db contains mappings based on older data because the original
  resource was removed from the the public domain before the most
  recent update was produced. This package should now be considered
  deprecated and future versions of Bioconductor may not have it
  available.  Users who want more current data are encouraged to look
  at the KEGGREST or reactome.db packages

[1] "0.99.2"
> library (ellipse); packageDescription ("ellipse", fields = "Version") #"0.3-8"
[1] "0.3-8"
> #library (mirbaseID); packageDescription ("mirbaseID", fields = "Version") #"0.0.2"
> #help (package = mdgsa)
> #help (package = mirbaseID)
> 
> try (source (".job.r")); try (.job)

.job.r has been sourced

$name
[1] "mirna_gsa_total"

$dir
$dir$data
[1] "~/datos/2014/mirna_gsa_total"

$dir$code
[1] "~/trabajos_mios/2014/mirna_gsa_total"

$dir$scripts
[1] "~/trabajos_mios/2014/mirna_gsa_total/scripts"

$dir$docs
[1] "~/trabajos_mios/2014/mirna_gsa_total/documents"

$dir$rawdat
[1] "~/datos/2014/mirna_gsa_total/data_raw"

$dir$annotation
[1] "~/datos/2014/mirna_gsa_total/data_annotation"

$dir$proces
[1] "~/datos/2014/mirna_gsa_total/data_processed"

$dir$plots
[1] "~/datos/2014/mirna_gsa_total/results/plots"

$dir$res
[1] "~/datos/2014/mirna_gsa_total/results/files"


$testmode
[1] FALSE

$dec
[1] "."

$idsep
[1] " /// "

> 
> options (width = 170)
> #options (width = 250)
> 
> corte <- 0.05
> por <- 1
> ontologias <- c ("bp", "cc", "mf")
> 
> ## DATOS
> load (file.path (.job$dir$proces, "res_gsa_paired.RData"))
> load (file.path (.job$dir$proces, "res_gsa_unpaired.RData"))
> #load (file.path (.job$dir$proces, "res_dif_exp_unpaired.RData"))
> ls ()
[1] "corte"        "mat.gsa.pair" "mat.gsa.unpa" "ontologias"   "por"          "res.gsa.pair" "res.gsa.unpa"
> names (mat.gsa.unpa)
[1] "bp"   "cc"   "mf"   "tags" "TAGS" "desc"
> names (mat.gsa.pair)
[1] "bp"   "cc"   "mf"   "tags" "TAGS" "desc"
> 
> 
> ## PLOTS
> graphics.off ()
> setwd (.job$dir$plots)
> 
> 
> 
> ### Inhibition effects scatter
> for (tag in mat.gsa.pair[["tags"]]) {
+     print (tag)
+     ##
+     fichero.png <- paste0 ("inhibition_effect_paired_vs_unpaired_", tag, ".png")
+     png (filename = fichero.png, width = por * 480 * 3, height = por * 480)
+     par (mfcol = c(1, 3))
+     for (onto in ontologias) {    
+         plot (mat.gsa.unpa[[onto]][["index"]][,tag],
+               mat.gsa.pair[[onto]][["index"]][,tag],
+               xlab = "unpaired", ylab = "paired", main = paste0 (toupper (tag), " (", onto, ")"))
+         abline (0, 1, col = "blue")
+     }
+     dev.off ()
+ }
[1] "blca"
[1] "brca"
[1] "cesc"
[1] "esca"
[1] "hnsc"
[1] "kich"
[1] "kirc"
[1] "kirp"
[1] "lihc"
[1] "luad"
[1] "lusc"
[1] "paad"
[1] "pcpg"
[1] "prad"
[1] "stad"
[1] "thca"
[1] "ucec"
> 
> 
> ##All correlation plots
> por <- 2
> ids <- mat.gsa.pair[["tags"]]
> pair.unpa.gsa.res.cor <- list ()
> for (onto in ontologias) {
+     fichero.png <- paste0 ("inhibition_effect_cor_paired_vs_unpaired_", onto, ".png")
+     png ("paired_cor_rindex0.png", width = por * 480, height = por * 480, pointsize = 12, bg = "white")
+     mico <- cor (mat.gsa.unpa[[onto]][["index"]][,ids],
+                  mat.gsa.pair[[onto]][["index"]])
+     plotcorr (mico)
+     abline (length (ids) + 1, -1)
+     dev.off ()
+     ##
+     ##keep correlation
+     pair.unpa.gsa.res.cor[[onto]] <- mico
+ }
> 
> sapply (pair.unpa.gsa.res.cor, diag)
            bp        cc        mf
blca 0.8555092 0.9020304 0.8702614
brca 0.7006192 0.6595390 0.6146195
cesc 0.3472681 0.4989465 0.2168614
esca 0.6322800 0.7603753 0.6078812
hnsc 0.8763937 0.8950178 0.8463086
kich 0.7645598 0.8120057 0.8349003
kirc 0.3398915 0.4104512 0.3599667
kirp 0.9346383 0.9428343 0.9283629
lihc 0.1277962 0.2546871 0.1534152
luad 0.6201305 0.5938700 0.5702897
lusc 0.9635022 0.9704644 0.9641816
paad 0.5565282 0.6910339 0.6119507
pcpg 0.6874395 0.7663479 0.7755601
prad 0.3544770 0.3216650 0.2400087
stad 0.8591564 0.8717811 0.8665048
thca 0.7587302 0.7939959 0.7618736
ucec 0.8288424 0.8423826 0.8040245
> 
> ###SAVE
> save (list = "pair.unpa.gsa.res.cor", file.path (.job$dir$proces, "gsa_res_corelation_paired_unpaired.RData"))
Error in save(list = "pair.unpa.gsa.res.cor", file.path(.job$dir$proces,  : 
  object ‘file.path(.job$dir$proces, "gsa_res_corelation_paired_unpaired.RData")’ not found
Execution halted
