
R version 3.1.2 (2014-10-31) -- "Pumpkin Helmet"
Copyright (C) 2014 The R Foundation for Statistical Computing
Platform: x86_64-pc-linux-gnu (64-bit)

R is free software and comes with ABSOLUTELY NO WARRANTY.
You are welcome to redistribute it under certain conditions.
Type 'license()' or 'licence()' for distribution details.

  Natural language support but running in an English locale

R is a collaborative project with many contributors.
Type 'contributors()' for more information and
'citation()' on how to cite R or R packages in publications.

Type 'demo()' for some demos, 'help()' for on-line help, or
'help.start()' for an HTML browser interface to help.
Type 'q()' to quit R.

> ##i040_common_significatn_gos.r
> ##2014-12-03 dmontaner@cipf.es
> ##Analysis of the miRNA data from The Cancer Genome Atlas
> ##This script explores the GSA significant terms
> 
> date ()
[1] "Fri Dec  5 18:22:46 2014"
> Sys.info ()[c("nodename", "user")]
   nodename        user 
      "lap" "dmontaner" 
> commandArgs ()
[1] "/usr/lib/R/bin/exec/R"                                                                   
[2] "-f"                                                                                      
[3] "/home/dmontaner/trabajos_mios/2014/mirna_gsa_total/scripts/i040_common_significant_gos.r"
[4] "--restore"                                                                               
[5] "--save"                                                                                  
[6] "--no-readline"                                                                           
[7] "--no-save"                                                                               
[8] "--no-restore"                                                                            
> rm (list = ls ())
> R.version.string ##"R version 3.0.2 (2013-09-25)"
[1] "R version 3.1.2 (2014-10-31)"
> library (xlsx); packageDescription ("xlsx", fields = "Version") #"0.5.5"
Loading required package: rJava
Loading required package: xlsxjars
[1] "0.5.7"
> library (mdgsa); packageDescription ("mdgsa", fields = "Version") #"0.99.2"
Loading required package: DBI
Loading required package: AnnotationDbi
Loading required package: stats4
Loading required package: BiocGenerics
Loading required package: parallel

Attaching package: ‘BiocGenerics’

The following objects are masked from ‘package:parallel’:

    clusterApply, clusterApplyLB, clusterCall, clusterEvalQ,
    clusterExport, clusterMap, parApply, parCapply, parLapply,
    parLapplyLB, parRapply, parSapply, parSapplyLB

The following objects are masked from ‘package:rJava’:

    anyDuplicated, duplicated, sort, unique

The following object is masked from ‘package:stats’:

    xtabs

The following objects are masked from ‘package:base’:

    anyDuplicated, append, as.data.frame, as.vector, cbind, colnames,
    do.call, duplicated, eval, evalq, Filter, Find, get, intersect,
    is.unsorted, lapply, Map, mapply, match, mget, order, paste, pmax,
    pmax.int, pmin, pmin.int, Position, rank, rbind, Reduce, rep.int,
    rownames, sapply, setdiff, sort, table, tapply, union, unique,
    unlist, unsplit

Loading required package: Biobase
Welcome to Bioconductor

    Vignettes contain introductory material; view with
    'browseVignettes()'. To cite Bioconductor, see
    'citation("Biobase")', and for packages 'citation("pkgname")'.

Loading required package: GenomeInfoDb
Loading required package: S4Vectors
Loading required package: IRanges

Attaching package: ‘AnnotationDbi’

The following object is masked from ‘package:GenomeInfoDb’:

    species



KEGG.db contains mappings based on older data because the original
  resource was removed from the the public domain before the most
  recent update was produced. This package should now be considered
  deprecated and future versions of Bioconductor may not have it
  available.  Users who want more current data are encouraged to look
  at the KEGGREST or reactome.db packages

[1] "0.99.2"
> #library (ellipse); packageDescription ("ellipse", fields = "Version") #"0.3-8"
> 
> try (source (".job.r")); try (.job)

.job.r has been sourced

$name
[1] "mirna_gsa_total"

$dir
$dir$data
[1] "~/datos/2014/mirna_gsa_total"

$dir$code
[1] "~/trabajos_mios/2014/mirna_gsa_total"

$dir$scripts
[1] "~/trabajos_mios/2014/mirna_gsa_total/scripts"

$dir$docs
[1] "~/trabajos_mios/2014/mirna_gsa_total/documents"

$dir$rawdat
[1] "~/datos/2014/mirna_gsa_total/data_raw"

$dir$annotation
[1] "~/datos/2014/mirna_gsa_total/data_annotation"

$dir$proces
[1] "~/datos/2014/mirna_gsa_total/data_processed"

$dir$plots
[1] "~/datos/2014/mirna_gsa_total/results/plots"

$dir$res
[1] "~/datos/2014/mirna_gsa_total/results/files"


$testmode
[1] FALSE

$dec
[1] "."

$idsep
[1] " /// "

> 
> options (width = 170)
> #options (width = 250)
> 
> corte <- 0.05
> por <- 1
> ontologias <- c ("bp", "cc", "mf")
> 
> ## DATOS
> load (file.path (.job$dir$proces, "res_gsa_paired.RData"))
> load (file.path (.job$dir$proces, "res_gsa_unpaired.RData"))
> #load (file.path (.job$dir$proces, "res_dif_exp_unpaired.RData"))
> ls ()
[1] "corte"        "mat.gsa.pair" "mat.gsa.unpa" "ontologias"   "por"          "res.gsa.pair" "res.gsa.unpa"
> names (mat.gsa.unpa)
[1] "bp"   "cc"   "mf"   "tags" "TAGS" "desc"
> names (mat.gsa.pair)
[1] "bp"   "cc"   "mf"   "tags" "TAGS" "desc"
> 
> mat.gsa.unpa[["desc"]]
                                                              blca                                                               brca 
                                    "Bladder Urothelial Carcinoma"                                        "Breast invasive carcinoma" 
                                                              cesc                                                               coad 
"Cervical squamous cell carcinoma and endocervical adenocarcinoma"                                             "Colon adenocarcinoma" 
                                                              esca                                                               hnsc 
                                            "Esophageal carcinoma"                            "Head and Neck squamous cell carcinoma" 
                                                              kich                                                               kirc 
                                              "Kidney Chromophobe"                                "Kidney renal clear cell carcinoma" 
                                                              kirp                                                               lihc 
                           "Kidney renal papillary cell carcinoma"                                   "Liver hepatocellular carcinoma" 
                                                              luad                                                               lusc 
                                             "Lung adenocarcinoma"                                     "Lung squamous cell carcinoma" 
                                                              paad                                                               pcpg 
                                       "Pancreatic adenocarcinoma"                               "Pheochromocytoma and Paraganglioma" 
                                                              prad                                                               read 
                                         "Prostate adenocarcinoma"                                            "Rectum adenocarcinoma" 
                                                              skcm                                                               stad 
                                         "Skin Cutaneous Melanoma"                                           "Stomach adenocarcinoma" 
                                                              thca                                                               ucec 
                                               "Thyroid carcinoma"                             "Uterine Corpus Endometrial Carcinoma" 
> 
> setwd (.job$dir$res)
> 
> ################################################################################
> 
> pat.unpa <- as.data.frame (rbind (mat.gsa.unpa[["bp"]][["pat"]],
+                                   mat.gsa.unpa[["cc"]][["pat"]],
+                                   mat.gsa.unpa[["mf"]][["pat"]]))
> pat.unpa[,"SUM"] <- rowSums (abs (pat.unpa))
> pat.unpa[,"onto"] <- rep (ontologias, sapply (ontologias, function (x) nrow (mat.gsa.unpa[[x]][["pat"]])))
> pat.unpa[,"name"] <- getGOnames (pat.unpa)
Using row names of the input matrix.
Using GO.db version: 3.0.0
Warning message:
In getGOnames(pat.unpa) : 1 GOids where not found; missing names generated.
> pat.unpa[1:3,]
           blca brca cesc coad esca hnsc kich kirc kirp lihc luad lusc paad pcpg prad read skcm stad thca ucec SUM onto                                         name
GO:0000002    0    0    0    0    0    0    0    0    0    0    0    0    0    0    0    0    0    0    0    0   0   bp             mitochondrial genome maintenance
GO:0000018    0    0    0    0    0    0    0    0    0    0    0    0    0    0    0    0    0    0    0    0   0   bp              regulation of DNA recombination
GO:0000038    0    0    0    0    0    0    0    0    0    0    0    0    0    0    0    0    0    0    0    0   0   bp very long-chain fatty acid metabolic process
> table (pat.unpa[,"SUM"])

   0    1    2    3    4    5    6 
4793  217   88   41   24    5    1 
> table (pat.unpa[,"SUM"], pat.unpa[,"onto"])
   
      bp   cc   mf
  0 3686  410  697
  1  160   23   34
  2   67   10   11
  3   37    2    2
  4   21    1    2
  5    4    0    1
  6    1    0    0
> 
> 
> pat.pair <- as.data.frame (rbind (mat.gsa.pair[["bp"]][["pat"]],
+                                   mat.gsa.pair[["cc"]][["pat"]],
+                                   mat.gsa.pair[["mf"]][["pat"]]))
> pat.pair[,"SUM"] <- rowSums (abs (pat.pair))
> pat.pair[,"onto"] <- rep (ontologias, sapply (ontologias, function (x) nrow (mat.gsa.pair[[x]][["pat"]])))
> pat.pair[,"name"] <- getGOnames (pat.pair)
Using row names of the input matrix.
Using GO.db version: 3.0.0
Warning message:
In getGOnames(pat.pair) : 1 GOids where not found; missing names generated.
> pat.pair[1:3,]
           blca brca cesc esca hnsc kich kirc kirp lihc luad lusc paad pcpg prad stad thca ucec SUM onto                                         name
GO:0000002    0    0    0    0    0    0    0    0    0    0    0    0    0    0    0    0    0   0   bp             mitochondrial genome maintenance
GO:0000018    0    0    0    0    0    0    0    0    0    0    0    0    0    0    0    0    0   0   bp              regulation of DNA recombination
GO:0000038    0    0    0    0    0    0    0    0    0    0    0    0    0    0    0    0    0   0   bp very long-chain fatty acid metabolic process
> table (pat.pair[,"SUM"])

   0    1    2    3 
5107   52    9    1 
> table (pat.pair[,"SUM"], pat.pair[,"onto"])
   
      bp   cc   mf
  0 3943  435  729
  1   30    8   14
  2    3    2    4
  3    0    1    0
> 
> ###
> 
> table (rownames (pat.unpa) == rownames (pat.pair)) ## OK same order

TRUE 
5169 
> table (unpa = pat.unpa[,"SUM"], pair = pat.pair[,"SUM"])
    pair
unpa    0    1    2    3
   0 4780   12    1    0
   1  195   17    5    0
   2   76   11    1    0
   3   34    6    0    1
   4   18    5    1    0
   5    3    1    1    0
   6    1    0    0    0
> 
> ################################################################################
> 
> file.unpa <- "common_enrichment_unpaired.xlsx"
> unlink (file.unpa)
> order.unpa <- order (pat.unpa[,"SUM"], pat.unpa[,"onto"], pat.unpa[,"name"], decreasing = TRUE)
> order.unpa <- pat.unpa[order.unpa,]
> order.unpa[1:3,]
           blca brca cesc coad esca hnsc kich kirc kirp lihc luad lusc paad pcpg prad read skcm stad thca ucec SUM onto
GO:0030900    0    0    0    1    0   -1    0    0    0    1    0    0   -1    0    0    1   -1    0    0    0   6   bp
GO:0000981    0    0    0    1    0   -1    0    0    0    1    0    0    0    0    0    0   -1    0    0   -1   5   mf
GO:0001655    0    0    0    1    0   -1    0    0    0    1    0    0    0    0    0    0   -1    0    0   -1   5   bp
                                                                                    name
GO:0030900                                                         forebrain development
GO:0000981 sequence-specific DNA binding RNA polymerase II transcription factor activity
GO:0001655                                                 urogenital system development
> 
> suma.unpa <- sort (setdiff (unique (pat.unpa[,"SUM"]), 0), decreasing = TRUE)
> suma.unpa
[1] 6 5 4 3 2 1
> comen.unpa <- list ()  ## common enrichment
> for (su in suma.unpa) {
+     print (su)
+     touse <- pat.unpa[,"SUM"] == su
+     mat <- pat.unpa[touse,]
+     comen.unpa[[su]] <- mat
+     print (mat)
+     write.xlsx2 (mat, file = file.unpa, sheetName = paste ("common", su),
+                  col.names = TRUE, row.names = TRUE, append = TRUE)
+ }
[1] 6
           blca brca cesc coad esca hnsc kich kirc kirp lihc luad lusc paad pcpg prad read skcm stad thca ucec SUM onto                  name
GO:0030900    0    0    0    1    0   -1    0    0    0    1    0    0   -1    0    0    1   -1    0    0    0   6   bp forebrain development
[1] 5
           blca brca cesc coad esca hnsc kich kirc kirp lihc luad lusc paad pcpg prad read skcm stad thca ucec SUM onto
GO:0001655    0    0    0    1    0   -1    0    0    0    1    0    0    0    0    0    0   -1    0    0   -1   5   bp
GO:0038127    0    0    0    1    0    0    0    0    0    1    0    0    0    0    0    1   -1    0    0   -1   5   bp
GO:0042692    0    0    0    1    0   -1    0    0    0    1    0    0    0    0    0    0   -1    0    0   -1   5   bp
GO:0048589    0    0    0    1    0   -1    0    0    0    0    0    0    0    0    0    1   -1    0    0   -1   5   bp
GO:0000981    0    0    0    1    0   -1    0    0    0    1    0    0    0    0    0    0   -1    0    0   -1   5   mf
                                                                                    name
GO:0001655                                                 urogenital system development
GO:0038127                                                        ERBB signaling pathway
GO:0042692                                                   muscle cell differentiation
GO:0048589                                                          developmental growth
GO:0000981 sequence-specific DNA binding RNA polymerase II transcription factor activity
[1] 4
           blca brca cesc coad esca hnsc kich kirc kirp lihc luad lusc paad pcpg prad read skcm stad thca ucec SUM onto
GO:0001654    0    0    0    1    0    0    0    0    0    1    0    0    0    0    0    0   -1    0    0   -1   4   bp
GO:0001701    0    0    0    1    0   -1    0    0    0    0    0    0    0    0    0    0   -1    0    0   -1   4   bp
GO:0001763    0    0    0    1    0   -1    0    0    0    0    0    0    0    0    0    0   -1    0    0   -1   4   bp
GO:0007173    0    0    0    1    0    0    0    0    0    1    0    0    0    0    0    1    0    0    0   -1   4   bp
GO:0007178    0    0    0    1    0    0    0    0    0    1    0    0    0    0    0    1    0    0    0   -1   4   bp
GO:0021537    0    0    0    1    0    0    0    0    0    1    0    0    0    0    0    1   -1    0    0    0   4   bp
GO:0035107    0    0    0    1    0   -1    0    0    0    0    0    0    0    0    0    0   -1    0    0   -1   4   bp
GO:0035108    0    0    0    1    0   -1    0    0    0    0    0    0    0    0    0    0   -1    0    0   -1   4   bp
GO:0035148    0    0    0    1    0   -1    0    0    0    0    0    0   -1    0    0    0   -1    0    0    0   4   bp
GO:0035239    0    0    0    1    0   -1    0    0    0    0    0    0    0    0    0    0   -1    0    0   -1   4   bp
GO:0048562    0    0    0    1    0   -1    0    0    0    0    0    0    0    0    0    0   -1    0    0   -1   4   bp
GO:0048732    0    0    0    1    0   -1    0    0    0    0    0    0    0    0    0    0   -1    0    0   -1   4   bp
GO:0048736    0    0    0    1    0   -1    0    0    0    0    0    0    0    0    0    0   -1    0    0   -1   4   bp
GO:0048754    0    0    0    1    0   -1    0    0    0    0    0    0    0    0    0    0   -1    0    0   -1   4   bp
GO:0048863    0    0    0    1    0   -1    0    0    0    0    0    0    0    0    0    0   -1    0    0   -1   4   bp
GO:0050673    0    0    0    1    0   -1    0    0    0    0    0    0    0    0    0    0   -1    0    0   -1   4   bp
GO:0050678    0    0    0    1    0   -1    0    0    0    0    0    0    0    0    0    0   -1    0    0   -1   4   bp
GO:0060173    0    0    0    1    0   -1    0    0    0    0    0    0    0    0    0    0   -1    0    0   -1   4   bp
GO:0060541    0    0    0    1    0   -1    0    0    0    0    0    0    0    0    0    0   -1    0    0   -1   4   bp
GO:0060562    0    0    0    1    0   -1    0    0    0    0    0    0    0    0    0    0   -1    0    0   -1   4   bp
GO:0061138    0    0    0    1    0   -1    0    0    0    0    0    0    0    0    0    0   -1    0    0   -1   4   bp
GO:0005583   -1    0    0    0    0    0    0    0    0    0    0    0    1    0    0    0    0   -1    0   -1   4   cc
GO:0000982    0    0    0    1    0   -1    0    0    0    1    0    0    0    0    0    0   -1    0    0    0   4   mf
GO:0001076    0    0    0    1    0   -1    0    0    0    1    0    0    0    0    0    0   -1    0    0    0   4   mf
                                                                                                                  name
GO:0001654                                                                                             eye development
GO:0001701                                                                              in utero embryonic development
GO:0001763                                                                      morphogenesis of a branching structure
GO:0007173                                                          epidermal growth factor receptor signaling pathway
GO:0007178                                    transmembrane receptor protein serine/threonine kinase signaling pathway
GO:0021537                                                                                   telencephalon development
GO:0035107                                                                                     appendage morphogenesis
GO:0035108                                                                                          limb morphogenesis
GO:0035148                                                                                              tube formation
GO:0035239                                                                                          tube morphogenesis
GO:0048562                                                                               embryonic organ morphogenesis
GO:0048732                                                                                           gland development
GO:0048736                                                                                       appendage development
GO:0048754                                                               branching morphogenesis of an epithelial tube
GO:0048863                                                                                   stem cell differentiation
GO:0050673                                                                               epithelial cell proliferation
GO:0050678                                                                 regulation of epithelial cell proliferation
GO:0060173                                                                                            limb development
GO:0060541                                                                              respiratory system development
GO:0060562                                                                               epithelial tube morphogenesis
GO:0061138                                                                     morphogenesis of a branching epithelium
GO:0005583                                                                                   fibrillar collagen trimer
GO:0000982 RNA polymerase II core promoter proximal region sequence-specific DNA binding transcription factor activity
GO:0001076                                RNA polymerase II transcription factor binding transcription factor activity
[1] 3
           blca brca cesc coad esca hnsc kich kirc kirp lihc luad lusc paad pcpg prad read skcm stad thca ucec SUM onto
GO:0001822    0    0    0    1    0    0    0    0    0    0    0    0    0    0    0    0   -1    0    0   -1   3   bp
GO:0001838    0    0    0    1    0   -1    0    0    0    0    0    0    0    0    0    0   -1    0    0    0   3   bp
GO:0006352    0    0    0    1    0   -1    0    0    0    0    0    0    0    0    0    0   -1    0    0    0   3   bp
GO:0006367    0    0    0    1    0   -1    0    0    0    0    0    0    0    0    0    0   -1    0    0    0   3   bp
GO:0006520    0    0    0   -1    0    0    0    0    0   -1    0    0    0    0    0    0    1    0    0    0   3   bp
GO:0007517    0    0    0    1    0    0    0    0    0    0    0    0    0    0    0    0   -1    0    0   -1   3   bp
GO:0010463    0    0    0    1    0   -1    0    0    0    0    0    0    0    0    0    0    0    0    0   -1   3   bp
GO:0010464    0    0    0    0    0   -1    0    0    0    0    0    0    0    0    0    0   -1    0    0   -1   3   bp
GO:0010613    0    0    0    1    0    0    0    0    0    1    0    0    0    0    0    0   -1    0    0    0   3   bp
GO:0014706    0    0    0    1    0    0    0    0    0    1    0    0    0    0    0    0   -1    0    0    0   3   bp
GO:0014742    0    0    0    1    0    0    0    0    0    1    0    0    0    0    0    0   -1    0    0    0   3   bp
GO:0016569    0    0    0    1    0   -1    0    0    0    0    0    0    0    0    0    0   -1    0    0    0   3   bp
GO:0016570    0    0    0    1    0   -1    0    0    0    0    0    0    0    0    0    0   -1    0    0    0   3   bp
GO:0021543    0    0    0    1    0    0    0    0    0    1    0    0    0    0    0    0   -1    0    0    0   3   bp
GO:0021953    0    0    0    1    0    0    0    0    0    1    0    0    0    0    0    0   -1    0    0    0   3   bp
GO:0021954    0    0    0    1    0    0    0    0    0    1    0    0    0    0    0    0   -1    0    0    0   3   bp
GO:0030323    0    0    0    1    0    0    0    0    0    0    0    0    0    0    0    0   -1    0    0   -1   3   bp
GO:0030324    0    0    0    1    0    0    0    0    0    0    0    0    0    0    0    0   -1    0    0   -1   3   bp
GO:0030509    0    0    0    1    0    0    0    0    0    1    0    0    0    0    0    1    0    0    0    0   3   bp
GO:0030902    0    0    0    1    0    0    0    0    0    1    0    0    0    0    0    0   -1    0    0    0   3   bp
GO:0038095    0    0    0    1    0    0    0    0    0    0    0    0    0    0    0    1    0    0    0   -1   3   bp
GO:0043583    0    0    0    1    0   -1    0    0    0    0    0    0    0    0    0    0    0    0    0   -1   3   bp
GO:0045165    0    0    0    1    0   -1    0    0    0    0    0    0    0    0    0    0   -1    0    0    0   3   bp
GO:0046578    0    0    0    1    0    0    0    0    0    1    0    0    0    0    0    1    0    0    0    0   3   bp
GO:0048864    0    0    0    1    0    0    0    0    0    0    0    0    0    0    0    0   -1    0    0   -1   3   bp
GO:0050680    0    0    0    1    0    0    0    0    0    1    0    0    0    0    0    0   -1    0    0    0   3   bp
GO:0060348    0    0    0    1    0   -1    0    0    0    0    0    0    0    0    0    0   -1    0    0    0   3   bp
GO:0060537    0    0    0    1    0    0    0    0    0    1    0    0    0    0    0    0   -1    0    0    0   3   bp
GO:0060560    0    0    0    1    0    0    0    0    0    0    0    0    0    0    0    1   -1    0    0    0   3   bp
GO:0060602    0    0    0    0   -1   -1    0    0    0    0    0    0    0    0    0    0   -1    0    0    0   3   bp
GO:0071559    0    0    0    1    0   -1    0    0    0    0    0    0    0    0    0    0    0    0    0   -1   3   bp
GO:0071560    0    0    0    1    0   -1    0    0    0    0    0    0    0    0    0    0    0    0    0   -1   3   bp
GO:0072001    0    0    0    1    0    0    0    0    0    0    0    0    0    0    0    0   -1    0    0   -1   3   bp
GO:0072175    0    0    0    1    0   -1    0    0    0    0    0    0    0    0    0    0   -1    0    0    0   3   bp
GO:1901861    0    0    0    1    0   -1    0    0    0    0    0    0    0    0    0    0   -1    0    0    0   3   bp
GO:1901863    0    0    0    0   -1   -1    0    0    0    0    0    0    0    0    0    0   -1    0    0    0   3   bp
GO:2000027    0    0    0    1    0   -1    0    0    0    0    0    0    0    0    0    0    0    0    0   -1   3   bp
GO:0005788   -1    0    0    0    0    0    0    0    0   -1    0    0    0    0    0    0    0   -1    0    0   3   cc
GO:0017053    0    0    0    1    0    0    0    0    0    1    0    0    0    0    0    0   -1    0    0    0   3   cc
GO:0005057    0    0    0    1    0    0    0    1    0    1    0    0    0    0    0    0    0    0    0    0   3   mf
GO:0046332    0    0    0    1    0    0    0    1    0    0    0    0    0    0    0    0    0    0    0   -1   3   mf
                                                                    name
GO:0001822                                            kidney development
GO:0001838                           embryonic epithelial tube formation
GO:0006352                       DNA-templated transcription, initiation
GO:0006367      transcription initiation from RNA polymerase II promoter
GO:0006520                         cellular amino acid metabolic process
GO:0007517                                      muscle organ development
GO:0010463                                mesenchymal cell proliferation
GO:0010464                  regulation of mesenchymal cell proliferation
GO:0010613             positive regulation of cardiac muscle hypertrophy
GO:0014706                            striated muscle tissue development
GO:0014742                     positive regulation of muscle hypertrophy
GO:0016569                               covalent chromatin modification
GO:0016570                                          histone modification
GO:0021543                                           pallium development
GO:0021953                 central nervous system neuron differentiation
GO:0021954                     central nervous system neuron development
GO:0030323                                  respiratory tube development
GO:0030324                                              lung development
GO:0030509                                         BMP signaling pathway
GO:0030902                                         hindbrain development
GO:0038095                         Fc-epsilon receptor signaling pathway
GO:0043583                                               ear development
GO:0045165                                          cell fate commitment
GO:0046578                 regulation of Ras protein signal transduction
GO:0048864                                         stem cell development
GO:0050680          negative regulation of epithelial cell proliferation
GO:0060348                                              bone development
GO:0060537                                     muscle tissue development
GO:0060560                developmental growth involved in morphogenesis
GO:0060602                            branch elongation of an epithelium
GO:0071559                   response to transforming growth factor beta
GO:0071560 cellular response to transforming growth factor beta stimulus
GO:0072001                                      renal system development
GO:0072175                                     epithelial tube formation
GO:1901861                       regulation of muscle tissue development
GO:1901863              positive regulation of muscle tissue development
GO:2000027                             regulation of organ morphogenesis
GO:0005788                                   endoplasmic reticulum lumen
GO:0017053                             transcriptional repressor complex
GO:0005057                           receptor signaling protein activity
GO:0046332                                                  SMAD binding
[1] 2
           blca brca cesc coad esca hnsc kich kirc kirp lihc luad lusc paad pcpg prad read skcm stad thca ucec SUM onto
GO:0001649    0    0    0    0    0   -1    0    0    0    0    0    0    0    0    0    0    0    0    0   -1   2   bp
GO:0001667    0    0    0    1    0    0    0    0    0    0    0    0    0    0    0    0   -1    0    0    0   2   bp
GO:0001764    0    0    0    0    0    0    0    0    0    1    0    0    0    0    0    0   -1    0    0    0   2   bp
GO:0002053    0    0    0    0    0    0    0    0    0    0    0    0    0    0    0    0   -1    0    0   -1   2   bp
GO:0002062    0    0    0    1    0    0    0    0    0    0    0    0    0    0    0    0    0    0    0   -1   2   bp
GO:0003002    0    0    0    1    0    0    0    0    0    0    0    0    0    0    0    0   -1    0    0    0   2   bp
GO:0006470    0    0    0    1    0    0    0    0    0    0    0    0    0    0    0    0   -1    0    0    0   2   bp
GO:0006623    0    0    0    1    0    0    0    0    0    0    0    0    0    0    0    1    0    0    0    0   2   bp
GO:0007179    0    0    0    1    0    0    0    0    0    0    0    0    0    0    0    0    0    0    0   -1   2   bp
GO:0007219    0    0    0    1    0    0    0    0    0    1    0    0    0    0    0    0    0    0    0    0   2   bp
GO:0007265    0    0    0    1    0    0    0    0    0    1    0    0    0    0    0    0    0    0    0    0   2   bp
GO:0007272    0    0    0    1    0    0    0    0    0    0    0    0    0    0    0    0   -1    0    0    0   2   bp
GO:0007492    0    0    0    1    0    0    0    0    0    0    0    0    0    0    0    0   -1    0    0    0   2   bp
GO:0007626    0    0    0    1    0    0    0    0    0    1    0    0    0    0    0    0    0    0    0    0   2   bp
GO:0008366    0    0    0    1    0    0    0    0    0    0    0    0    0    0    0    0   -1    0    0    0   2   bp
GO:0008543    0    0    0    1    0    0    0    0    0    1    0    0    0    0    0    0    0    0    0    0   2   bp
GO:0009896    0    0    0    1    0    0    0    0    0    0    0    0    0    0    0    0    0    0    0   -1   2   bp
GO:0010001    0    0    0    1    0    0    0    0    0    1    0    0    0    0    0    0    0    0    0    0   2   bp
GO:0010631    0    0    0    1    0    0    0    0    0    0    0    0    0    0    0    0   -1    0    0    0   2   bp
GO:0016055    0    0    0    1    0    0    0    0    0    0    0    0    0    0    0    0    0    0    0   -1   2   bp
GO:0016202    0    0    0    1    0    0    0    0    0    0    0    0    0    0    0    0   -1    0    0    0   2   bp
GO:0016331    0    0    0    1    0   -1    0    0    0    0    0    0    0    0    0    0    0    0    0    0   2   bp
GO:0017015    0    0    0    1    0    0    0    0    0    0    0    0    0    0    0    0    0    0    0   -1   2   bp
GO:0017148    0    0    0    0    0    0    0    0    0    1    0    0    0    0    0    0    0    0    0   -1   2   bp
GO:0018210    0    0    0    1    0    0    0    0    0    0    0    0    0    0    0    0    0    0    0   -1   2   bp
GO:0021879    0    0    0    0    0    0    0    0    0    1    0    0    0    0    0    0   -1    0    0    0   2   bp
GO:0021915    0    0    0    1    0    0    0    0    0    0    0    0    0    0    0    0   -1    0    0    0   2   bp
GO:0022612    0    0    0    1    0    0    0    0    0    0    0    0    0    0    0    0    0    0    0   -1   2   bp
GO:0030199    0    0    0    0    0   -1    0    0    0    0    0    0    0    0    0    0    0    0    0   -1   2   bp
GO:0030326    0    0    0    1    0    0    0    0    0    0    0    0    0    0    0    0   -1    0    0    0   2   bp
GO:0030510    0    0    0    1    0    0    0    0    0    1    0    0    0    0    0    0    0    0    0    0   2   bp
GO:0031016    0    0    0    0    0   -1    0    0    0    0    0    0    0    0    0    0   -1    0    0    0   2   bp
GO:0031128    0    0    0    1    0   -1    0    0    0    0    0    0    0    0    0    0    0    0    0    0   2   bp
GO:0031589    0    0    0    1    0    0    0    0    0    1    0    0    0    0    0    0    0    0    0    0   2   bp
GO:0032409    0    0    0    0    0    0    0    0   -1    0    0    0    0    0    0    0    0    0    0   -1   2   bp
GO:0032411    0    0    0    1    0    0    0    0    0    0    0    0    0    0    0    0    0    0    0   -1   2   bp
GO:0035113    0    0    0    1    0    0    0    0    0    0    0    0    0    0    0    0   -1    0    0    0   2   bp
GO:0035264    0    0    0    1    0    0    0    0    0    0    0    0    0    0    0    0    0    0    0   -1   2   bp
GO:0038179    0    0    0    1    0    0    0    0    0    1    0    0    0    0    0    0    0    0    0    0   2   bp
GO:0042063    0    0    0    1    0    0    0    0    0    1    0    0    0    0    0    0    0    0    0    0   2   bp
GO:0042552    0    0    0    1    0    0    0    0    0    0    0    0    0    0    0    0   -1    0    0    0   2   bp
GO:0043010    0    0    0    0    0    0    0    0    0    1    0    0    0    0    0    0   -1    0    0    0   2   bp
GO:0043405    0    0    0    1    0    0    0    0    0    0    0    0    0    0    0    0    0    0    0   -1   2   bp
GO:0045444    0    0    0    1    0    0    0    0    0    0    0    0    0    0    0    0   -1    0    0    0   2   bp
GO:0045667    0    0    0    1    0    0    0    0    0    0    0    0    0    0    0    0    0    0    0   -1   2   bp
GO:0045669    0    0    0    1    0    0    0    0    0    0    0    0    0    0    0    0    0    0    0   -1   2   bp
GO:0045844    0    0    0    0    0   -1    0    0    0    0    0    0    0    0    0    0   -1    0    0    0   2   bp
GO:0048011    0    0    0    1    0    0    0    0    0    1    0    0    0    0    0    0    0    0    0    0   2   bp
GO:0048015    0    0    0    1    0    0    0    0    0    0    0    0    0    0    0    0    0    0    0   -1   2   bp
GO:0048017    0    0    0    1    0    0    0    0    0    0    0    0    0    0    0    0    0    0    0   -1   2   bp
GO:0048592    0    0    0    1    0    0    0    0    0    0    0    0    0    0    0    0   -1    0    0    0   2   bp
GO:0048608    0    0    0    1    0    0    0    0    0    1    0    0    0    0    0    0    0    0    0    0   2   bp
GO:0048634    0    0    0    1    0    0    0    0    0    0    0    0    0    0    0    0   -1    0    0    0   2   bp
GO:0048636    0    0    0    0    0   -1    0    0    0    0    0    0    0    0    0    0   -1    0    0    0   2   bp
GO:0048705    0    0    0    1    0    0    0    0    0    0    0    0    0    0    0    0    0    0    0   -1   2   bp
GO:0048839    0    0    0    0    0   -1    0    0    0    0    0    0    0    0    0    0    0    0    0   -1   2   bp
GO:0051098    0    0    0    1    0    0    0    0    0    0    0    0    0    0    0    0    0    0    0   -1   2   bp
GO:0051146    0    0    0    1    0    0    0    0    0    1    0    0    0    0    0    0    0    0    0    0   2   bp
GO:0051216    0    0    0    1    0    0    0    0    0    0    0    0    0    0    0    0    0    0    0   -1   2   bp
GO:0060021    0    0    0    1    0    0    0    0    0    1    0    0    0    0    0    0    0    0    0    0   2   bp
GO:0060070    0    0    0    1    0    0    0    0    0    0    0    0    0    0    0    0    0    0    0   -1   2   bp
GO:0061448    0    0    0    1    0    0    0    0    0    0    0    0    0    0    0    0    0    0    0   -1   2   bp
GO:0072089    0    0    0    1    0    0    0    0    0    0    0    0    0    0    0    0   -1    0    0    0   2   bp
GO:0072666    0    0    0    1    0    0    0    0    0    0    0    0    0    0    0    1    0    0    0    0   2   bp
GO:0090092    0    0    0    1    0    0    0    0    0    0    0    0    0    0    0    0    0    0    0   -1   2   bp
GO:0090287    0    0    0    1    0    0    0    0    0    0    0    0    0    0    0    0    0    0    0   -1   2   bp
GO:0090288    0    0    0    1    0    0    0    0    0    0    0    0    0    0    0    0    0    0    0   -1   2   bp
GO:0001726    0    0    0    1    0    0    0    0    0    1    0    0    0    0    0    0    0    0    0    0   2   cc
GO:0005743    0    0    0   -1    0    0    0    0    0   -1    0    0    0    0    0    0    0    0    0    0   2   cc
GO:0005759    0    0    0   -1    0    0    0    0    0   -1    0    0    0    0    0    0    0    0    0    0   2   cc
GO:0014069    0    0    0    1    0    0    0    0    0    1    0    0    0    0    0    0    0    0    0    0   2   cc
GO:0019866    0    0    0   -1    0    0    0    0    0   -1    0    0    0    0    0    0    0    0    0    0   2   cc
GO:0030424    0    0    0    1    0    0    0    0    0    1    0    0    0    0    0    0    0    0    0    0   2   cc
GO:0030425    0    0    0    1    0    0    0    0    0    1    0    0    0    0    0    0    0    0    0    0   2   cc
GO:0031252    0    0    0    1    0    0    0    0    0    1    0    0    0    0    0    0    0    0    0    0   2   cc
GO:0031519    0    0    0    0    0    0    0    0    0    1    0    0    0    0    0    0   -1    0    0    0   2   cc
GO:0060053    0    0    0    1    0    0    0    0    0    0    0    0    0    0    1    0    0    0    0    0   2   cc
GO:0000976    0    0    0    0    0    0    0    0    0    1    0    0    0    0    0    0   -1    0    0    0   2   mf
GO:0001047    0    0    0    0    0    0    0    0    0    1    0    0    0    0    0    0   -1    0    0    0   2   mf
GO:0001077    0    0    0    0    0   -1    0    0    0    1    0    0    0    0    0    0    0    0    0    0   2   mf
GO:0001190    0    0    0    0    0    0    0    0    0    1    0    0    0    0    0    0   -1    0    0    0   2   mf
GO:0001227    0    0    0    1    0    0    0    0    0    1    0    0    0    0    0    0    0    0    0    0   2   mf
GO:0001228    0    0    0    0    0   -1    0    0    0    1    0    0    0    0    0    0    0    0    0    0   2   mf
GO:0003714    0    0    0    1    0    0    0    0    0    0    0    0    0    0    0    0   -1    0    0    0   2   mf
GO:0004702    0    0    0    1    0    0    0    0    0    1    0    0    0    0    0    0    0    0    0    0   2   mf
GO:0019199    0    0    0    1    0    0    0    1    0    0    0    0    0    0    0    0    0    0    0    0   2   mf
GO:0019838    0    0    0    0    0    0    0    1    0    0    0    0    0    0    0    0    0    0    0   -1   2   mf
GO:0048037    0    0    0   -1    0    0    0    0    0    0    0    0    0    0    0    0    1    0    0    0   2   mf
                                                                                                                                                                     name
GO:0001649                                                                                                                                     osteoblast differentiation
GO:0001667                                                                                                                                       ameboidal cell migration
GO:0001764                                                                                                                                               neuron migration
GO:0002053                                                                                                          positive regulation of mesenchymal cell proliferation
GO:0002062                                                                                                                                    chondrocyte differentiation
GO:0003002                                                                                                                                                regionalization
GO:0006470                                                                                                                                      protein dephosphorylation
GO:0006623                                                                                                                                   protein targeting to vacuole
GO:0007179                                                                                                     transforming growth factor beta receptor signaling pathway
GO:0007219                                                                                                                                        Notch signaling pathway
GO:0007265                                                                                                                                Ras protein signal transduction
GO:0007272                                                                                                                                        ensheathment of neurons
GO:0007492                                                                                                                                           endoderm development
GO:0007626                                                                                                                                            locomotory behavior
GO:0008366                                                                                                                                              axon ensheathment
GO:0008543                                                                                                            fibroblast growth factor receptor signaling pathway
GO:0009896                                                                                                                       positive regulation of catabolic process
GO:0010001                                                                                                                                     glial cell differentiation
GO:0010631                                                                                                                                      epithelial cell migration
GO:0016055                                                                                                                                          Wnt signaling pathway
GO:0016202                                                                                                               regulation of striated muscle tissue development
GO:0016331                                                                                                                          morphogenesis of embryonic epithelium
GO:0017015                                                                                       regulation of transforming growth factor beta receptor signaling pathway
GO:0017148                                                                                                                             negative regulation of translation
GO:0018210                                                                                                                                peptidyl-threonine modification
GO:0021879                                                                                                                               forebrain neuron differentiation
GO:0021915                                                                                                                                        neural tube development
GO:0022612                                                                                                                                            gland morphogenesis
GO:0030199                                                                                                                                   collagen fibril organization
GO:0030326                                                                                                                                   embryonic limb morphogenesis
GO:0030510                                                                                                                            regulation of BMP signaling pathway
GO:0031016                                                                                                                                           pancreas development
GO:0031128                                                                                                                                        developmental induction
GO:0031589                                                                                                                                        cell-substrate adhesion
GO:0032409                                                                                                                             regulation of transporter activity
GO:0032411                                                                                                                    positive regulation of transporter activity
GO:0035113                                                                                                                              embryonic appendage morphogenesis
GO:0035264                                                                                                                                  multicellular organism growth
GO:0038179                                                                                                                                 neurotrophin signaling pathway
GO:0042063                                                                                                                                                    gliogenesis
GO:0042552                                                                                                                                                    myelination
GO:0043010                                                                                                                                    camera-type eye development
GO:0043405                                                                                                                              regulation of MAP kinase activity
GO:0045444                                                                                                                                       fat cell differentiation
GO:0045667                                                                                                                       regulation of osteoblast differentiation
GO:0045669                                                                                                              positive regulation of osteoblast differentiation
GO:0045844                                                                                                      positive regulation of striated muscle tissue development
GO:0048011                                                                                                                    neurotrophin TRK receptor signaling pathway
GO:0048015                                                                                                                        phosphatidylinositol-mediated signaling
GO:0048017                                                                                                                              inositol lipid-mediated signaling
GO:0048592                                                                                                                                              eye morphogenesis
GO:0048608                                                                                                                             reproductive structure development
GO:0048634                                                                                                                         regulation of muscle organ development
GO:0048636                                                                                                                positive regulation of muscle organ development
GO:0048705                                                                                                                                  skeletal system morphogenesis
GO:0048839                                                                                                                                          inner ear development
GO:0051098                                                                                                                                          regulation of binding
GO:0051146                                                                                                                           striated muscle cell differentiation
GO:0051216                                                                                                                                          cartilage development
GO:0060021                                                                                                                                             palate development
GO:0060070                                                                                                                                canonical Wnt signaling pathway
GO:0061448                                                                                                                                  connective tissue development
GO:0072089                                                                                                                                        stem cell proliferation
GO:0072666                                                                                                               establishment of protein localization to vacuole
GO:0090092                                                                         regulation of transmembrane receptor protein serine/threonine kinase signaling pathway
GO:0090287                                                                                                      regulation of cellular response to growth factor stimulus
GO:0090288                                                                                             negative regulation of cellular response to growth factor stimulus
GO:0001726                                                                                                                                                         ruffle
GO:0005743                                                                                                                                   mitochondrial inner membrane
GO:0005759                                                                                                                                           mitochondrial matrix
GO:0014069                                                                                                                                           postsynaptic density
GO:0019866                                                                                                                                       organelle inner membrane
GO:0030424                                                                                                                                                           axon
GO:0030425                                                                                                                                                       dendrite
GO:0031252                                                                                                                                              cell leading edge
GO:0031519                                                                                                                                            PcG protein complex
GO:0060053                                                                                                                                     neurofilament cytoskeleton
GO:0000976                                                                                                  transcription regulatory region sequence-specific DNA binding
GO:0001047                                                                                                                                          core promoter binding
GO:0001077   RNA polymerase II core promoter proximal region sequence-specific DNA binding transcription factor activity involved in positive regulation of transcription
GO:0001190                                  RNA polymerase II transcription factor binding transcription factor activity involved in positive regulation of transcription
GO:0001227 RNA polymerase II transcription regulatory region sequence-specific DNA binding transcription factor activity involved in negative regulation of transcription
GO:0001228 RNA polymerase II transcription regulatory region sequence-specific DNA binding transcription factor activity involved in positive regulation of transcription
GO:0003714                                                                                                                             transcription corepressor activity
GO:0004702                                                                                                    receptor signaling protein serine/threonine kinase activity
GO:0019199                                                                                                                 transmembrane receptor protein kinase activity
GO:0019838                                                                                                                                          growth factor binding
GO:0048037                                                                                                                                               cofactor binding
[1] 1
           blca brca cesc coad esca hnsc kich kirc kirp lihc luad lusc paad pcpg prad read skcm stad thca ucec SUM onto
GO:0000186    0    0    0    1    0    0    0    0    0    0    0    0    0    0    0    0    0    0    0    0   1   bp
GO:0001503    0    0    0    1    0    0    0    0    0    0    0    0    0    0    0    0    0    0    0    0   1   bp
GO:0001657    0    0    0    1    0    0    0    0    0    0    0    0    0    0    0    0    0    0    0    0   1   bp
GO:0001702    0    0    0    0    0    0    0    0    0    0    0    0    0    0    0    0   -1    0    0    0   1   bp
GO:0001704    0    0    0    0    0    0    0    0    0    0    0    0    0    0    0    0   -1    0    0    0   1   bp
GO:0001706    0    0    0    0    0    0    0    0    0    0    0    0    0    0    0    0   -1    0    0    0   1   bp
GO:0001711    0    0    0    0    0    0    0    0    0    0    0    0    0    0    0    0   -1    0    0    0   1   bp
GO:0001837    0    0    0    1    0    0    0    0    0    0    0    0    0    0    0    0    0    0    0    0   1   bp
GO:0001841    0    0    0    1    0    0    0    0    0    0    0    0    0    0    0    0    0    0    0    0   1   bp
GO:0001843    0    0    0    0    0    0    0    0    0    0    0    0    0    0    0    0   -1    0    0    0   1   bp
GO:0001952    0    0    0    1    0    0    0    0    0    0    0    0    0    0    0    0    0    0    0    0   1   bp
GO:0002088    0    0    0    0    0    0    0    0    0    0    0    0    0    0    0    0   -1    0    0    0   1   bp
GO:0002089    0    0    0    0    0    0    0    0    0    0    0    0    0    0    0    0   -1    0    0    0   1   bp
GO:0002768    0    0    0    1    0    0    0    0    0    0    0    0    0    0    0    0    0    0    0    0   1   bp
GO:0003007    0    0    0    0    0    0    0    0    0    0    0    0    0    0    0    0   -1    0    0    0   1   bp
GO:0006399    0    0    0   -1    0    0    0    0    0    0    0    0    0    0    0    0    0    0    0    0   1   bp
GO:0006417    0    0    0    0    0    0    0    0    0    0    0    0    0    0    0    0    0    0    0   -1   1   bp
GO:0006479    0    0    0    1    0    0    0    0    0    0    0    0    0    0    0    0    0    0    0    0   1   bp
GO:0006606    0    0    0    1    0    0    0    0    0    0    0    0    0    0    0    0    0    0    0    0   1   bp
GO:0006607    0    0    0    0    0    0    0    0    0    0    0    0    0    0    0    0    0    0    0   -1   1   bp
GO:0006956    0    0    0   -1    0    0    0    0    0    0    0    0    0    0    0    0    0    0    0    0   1   bp
GO:0007156    0    0    0    0    0    0    1    0    0    0    0    0    0    0    0    0    0    0    0    0   1   bp
GO:0007158    0    0    0    0    0    0    0    0    0    0    0    0    0    0    0    0   -1    0    0    0   1   bp
GO:0007160    0    0    0    1    0    0    0    0    0    0    0    0    0    0    0    0    0    0    0    0   1   bp
GO:0007266    0    0    0    1    0    0    0    0    0    0    0    0    0    0    0    0    0    0    0    0   1   bp
GO:0007369    0    0    0    0    0    0    0    0    0    0    0    0    0    0    0    0   -1    0    0    0   1   bp
GO:0007440    0    0    0    0    0    0    0    0    0    0    0    0    0    0    0    0   -1    0    0    0   1   bp
GO:0008033    0    0    0   -1    0    0    0    0    0    0    0    0    0    0    0    0    0    0    0    0   1   bp
GO:0008038    0    0    0    1    0    0    0    0    0    0    0    0    0    0    0    0    0    0    0    0   1   bp
GO:0008213    0    0    0    1    0    0    0    0    0    0    0    0    0    0    0    0    0    0    0    0   1   bp
GO:0008344    0    0    0    0    0    0    0    0    0    1    0    0    0    0    0    0    0    0    0    0   1   bp
GO:0009118    0    0    0    1    0    0    0    0    0    0    0    0    0    0    0    0    0    0    0    0   1   bp
GO:0009791    0    0    0    1    0    0    0    0    0    0    0    0    0    0    0    0    0    0    0    0   1   bp
GO:0009880    0    0    0    1    0    0    0    0    0    0    0    0    0    0    0    0    0    0    0    0   1   bp
GO:0009952    0    0    0    1    0    0    0    0    0    0    0    0    0    0    0    0    0    0    0    0   1   bp
GO:0010611    0    0    0    1    0    0    0    0    0    0    0    0    0    0    0    0    0    0    0    0   1   bp
GO:0010632    0    0    0    0    0    0    0    0    0    0    0    0    0    0    0    0   -1    0    0    0   1   bp
GO:0010720    0    0    0    1    0    0    0    0    0    0    0    0    0    0    0    0    0    0    0    0   1   bp
GO:0010721    0    0    0    1    0    0    0    0    0    0    0    0    0    0    0    0    0    0    0    0   1   bp
GO:0010769    0    0    0    1    0    0    0    0    0    0    0    0    0    0    0    0    0    0    0    0   1   bp
GO:0010837    0    0    0    0    0    0    0    0    0    0    0    0    0    0    0    0   -1    0    0    0   1   bp
GO:0010842    0    0    0    0    0    0    0    0    0    0    0    0    0    0    0    0   -1    0    0    0   1   bp
GO:0010975    0    0    0    1    0    0    0    0    0    0    0    0    0    0    0    0    0    0    0    0   1   bp
GO:0014031    0    0    0    1    0    0    0    0    0    0    0    0    0    0    0    0    0    0    0    0   1   bp
GO:0014065    0    0    0    1    0    0    0    0    0    0    0    0    0    0    0    0    0    0    0    0   1   bp
GO:0014743    0    0    0    1    0    0    0    0    0    0    0    0    0    0    0    0    0    0    0    0   1   bp
GO:0014902    0    0    0    1    0    0    0    0    0    0    0    0    0    0    0    0    0    0    0    0   1   bp
GO:0016053    0    0    0   -1    0    0    0    0    0    0    0    0    0    0    0    0    0    0    0    0   1   bp
GO:0016197    0    0    0    1    0    0    0    0    0    0    0    0    0    0    0    0    0    0    0    0   1   bp
GO:0016311    0    0    0    1    0    0    0    0    0    0    0    0    0    0    0    0    0    0    0    0   1   bp
GO:0016358    0    0    0    0    0    0    0    0    0    1    0    0    0    0    0    0    0    0    0    0   1   bp
GO:0016571    0    0    0    1    0    0    0    0    0    0    0    0    0    0    0    0    0    0    0    0   1   bp
GO:0018022    0    0    0    0    0   -1    0    0    0    0    0    0    0    0    0    0    0    0    0    0   1   bp
GO:0018023    0    0    0    0    0   -1    0    0    0    0    0    0    0    0    0    0    0    0    0    0   1   bp
GO:0018105    0    0    0    1    0    0    0    0    0    0    0    0    0    0    0    0    0    0    0    0   1   bp
GO:0018107    0    0    0    1    0    0    0    0    0    0    0    0    0    0    0    0    0    0    0    0   1   bp
GO:0018209    0    0    0    1    0    0    0    0    0    0    0    0    0    0    0    0    0    0    0    0   1   bp
GO:0019882    0    0    0    0    0    0    0    0    0    0    0    0    0    0    0    0    1    0    0    0   1   bp
GO:0021542    0    0    0    0    0    0    0    0    0    1    0    0    0    0    0    0    0    0    0    0   1   bp
GO:0021675    0    0    0    0    0    0    0    0    0    0    0    0    0    0    0    0   -1    0    0    0   1   bp
GO:0021872    0    0    0    0    0    0    0    0    0    0    0    0    0    0    0    0   -1    0    0    0   1   bp
GO:0021952    0    0    0    0    0    0    0    0    0    1    0    0    0    0    0    0    0    0    0    0   1   bp
GO:0021955    0    0    0    0    0    0    0    0    0    1    0    0    0    0    0    0    0    0    0    0   1   bp
GO:0021987    0    0    0    1    0    0    0    0    0    0    0    0    0    0    0    0    0    0    0    0   1   bp
GO:0022602    0    0    0    0    0    0    0    0    0    0    0    0    0    0    0    0   -1    0    0    0   1   bp
GO:0022604    0    0    0    1    0    0    0    0    0    0    0    0    0    0    0    0    0    0    0    0   1   bp
GO:0022898    0    0    0    0    0    0    0    0    0    0    0    0    0    0    0    0    0    0    0   -1   1   bp
GO:0030099    0    0    0    0    0    0    0    0    0    0    0    0    0    0    0    0    0    0    0   -1   1   bp
GO:0030111    0    0    0    1    0    0    0    0    0    0    0    0    0    0    0    0    0    0    0    0   1   bp
GO:0030155    0    0    0    1    0    0    0    0    0    0    0    0    0    0    0    0    0    0    0    0   1   bp
GO:0030278    0    0    0    1    0    0    0    0    0    0    0    0    0    0    0    0    0    0    0    0   1   bp
GO:0030512    0    0    0    1    0    0    0    0    0    0    0    0    0    0    0    0    0    0    0    0   1   bp
GO:0030516    0    0    0    1    0    0    0    0    0    0    0    0    0    0    0    0    0    0    0    0   1   bp
GO:0030811    0    0    0    1    0    0    0    0    0    0    0    0    0    0    0    0    0    0    0    0   1   bp
GO:0030879    0    0    0    1    0    0    0    0    0    0    0    0    0    0    0    0    0    0    0    0   1   bp
GO:0031076    0    0    0    0    0    0    0    0    0    0    0    0    0    0    0    0   -1    0    0    0   1   bp
GO:0031098    0    0    0    0    0    0    0    0    0    0    0    0    0    0    0    0    0    0    0   -1   1   bp
GO:0031331    0    0    0    1    0    0    0    0    0    0    0    0    0    0    0    0    0    0    0    0   1   bp
GO:0031344    0    0    0    1    0    0    0    0    0    0    0    0    0    0    0    0    0    0    0    0   1   bp
GO:0032147    0    0    0    1    0    0    0    0    0    0    0    0    0    0    0    0    0    0    0    0   1   bp
GO:0032412    0    0    0    0    0    0    0    0    0    0    0    0    0    0    0    0    0    0    0   -1   1   bp
GO:0032414    0    0    0    0    0    0    0    0    0    0    0    0    0    0    0    0    0    0    0   -1   1   bp
GO:0032535    0    0    0    1    0    0    0    0    0    0    0    0    0    0    0    0    0    0    0    0   1   bp
GO:0032872    0    0    0    0    0    0    0    0    0    0    0    0    0    0    0    0    0    0    0   -1   1   bp
GO:0033121    0    0    0    1    0    0    0    0    0    0    0    0    0    0    0    0    0    0    0    0   1   bp
GO:0033124    0    0    0    1    0    0    0    0    0    0    0    0    0    0    0    0    0    0    0    0   1   bp
GO:0034405    0    0    0    0    0    0    0    0    0    1    0    0    0    0    0    0    0    0    0    0   1   bp
GO:0034470    0    0    0   -1    0    0    0    0    0    0    0    0    0    0    0    0    0    0    0    0   1   bp
GO:0034504    0    0    0    1    0    0    0    0    0    0    0    0    0    0    0    0    0    0    0    0   1   bp
GO:0034660    0    0    0   -1    0    0    0    0    0    0    0    0    0    0    0    0    0    0    0    0   1   bp
GO:0034762    0    0    0    0    0    0    0    0    0    0    0    0    0    0    0    0    0    0    0   -1   1   bp
GO:0034765    0    0    0    0    0    0    0    0    0    0    0    0    0    0    0    0    0    0    0   -1   1   bp
GO:0034968    0    0    0    1    0    0    0    0    0    0    0    0    0    0    0    0    0    0    0    0   1   bp
GO:0035265    0    0    0    0    0    0    0    0    0    0    0    0    0    0    0    0   -1    0    0    0   1   bp
GO:0038093    0    0    0    1    0    0    0    0    0    0    0    0    0    0    0    0    0    0    0    0   1   bp
GO:0040029    0    0    0    0    0    0    0    0    0    0    0    0    0    0    0    0    0    0    0   -1   1   bp
GO:0042490    0    0    0    0    0    0    0    0    0    0    0    0    0    0    0    0   -1    0    0    0   1   bp
GO:0043087    0    0    0    1    0    0    0    0    0    0    0    0    0    0    0    0    0    0    0    0   1   bp
GO:0043401    0    0    0    0    0    0    0    0    0    1    0    0    0    0    0    0    0    0    0    0   1   bp
GO:0043410    0    0    0    0    0    0    0    0    0    0    0    0    0    0    0    0    0    0    0   -1   1   bp
GO:0043502    0    0    0    1    0    0    0    0    0    0    0    0    0    0    0    0    0    0    0    0   1   bp
GO:0043542    0    0    0    0    0    0    0    0    0    0    0    0    0    0    0    0   -1    0    0    0   1   bp
GO:0043550    0    0    0    1    0    0    0    0    0    0    0    0    0    0    0    0    0    0    0    0   1   bp
GO:0043551    0    0    0    1    0    0    0    0    0    0    0    0    0    0    0    0    0    0    0    0   1   bp
GO:0044344    0    0    0    1    0    0    0    0    0    0    0    0    0    0    0    0    0    0    0    0   1   bp
GO:0044708    0    0    0    0    0    0    0    0    0    1    0    0    0    0    0    0    0    0    0    0   1   bp
GO:0045168    0    0    0    1    0    0    0    0    0    0    0    0    0    0    0    0    0    0    0    0   1   bp
GO:0045685    0    0    0    0    0    0    0    0    0    1    0    0    0    0    0    0    0    0    0    0   1   bp
GO:0046394    0    0    0   -1    0    0    0    0    0    0    0    0    0    0    0    0    0    0    0    0   1   bp
GO:0046777    0    0    0    1    0    0    0    0    0    0    0    0    0    0    0    0    0    0    0    0   1   bp
GO:0048008    0    0    0    1    0    0    0    0    0    0    0    0    0    0    0    0    0    0    0    0   1   bp
GO:0048009    0    0    0    0    0    0    0    0    0    0    0    0   -1    0    0    0    0    0    0    0   1   bp
GO:0048013    0    0    0    1    0    0    0    0    0    0    0    0    0    0    0    0    0    0    0    0   1   bp
GO:0048286    0    0    0    0    0    0    0    0    0    0    0    0    0    0    0    0   -1    0    0    0   1   bp
GO:0048511    0    0    0    0    0    0    0    0    0    0    0    0    0    0    0    0   -1    0    0    0   1   bp
GO:0048569    0    0    0    0    0    0    0    0    0    0    0    0    0    0    0    0    0    0    0   -1   1   bp
GO:0048588    0    0    0    1    0    0    0    0    0    0    0    0    0    0    0    0    0    0    0    0   1   bp
GO:0048593    0    0    0    0    0    0    0    0    0    0    0    0    0    0    0    0   -1    0    0    0   1   bp
GO:0048596    0    0    0    0    0    0    0    0    0    0    0    0    0    0    0    0   -1    0    0    0   1   bp
GO:0048617    0    0    0    0    0    0    0    0    0    0    0    0    0    0    0    0   -1    0    0    0   1   bp
GO:0048638    0    0    0    1    0    0    0    0    0    0    0    0    0    0    0    0    0    0    0    0   1   bp
GO:0048663    0    0    0    0    0    0    0    0    0    0    0    0    0    0    0    0   -1    0    0    0   1   bp
GO:0048675    0    0    0    1    0    0    0    0    0    0    0    0    0    0    0    0    0    0    0    0   1   bp
GO:0048706    0    0    0    0    0    0    0    0    0    0    0    0    0    0    0    0    0    0    0   -1   1   bp
GO:0048708    0    0    0    1    0    0    0    0    0    0    0    0    0    0    0    0    0    0    0    0   1   bp
GO:0048710    0    0    0    1    0    0    0    0    0    0    0    0    0    0    0    0    0    0    0    0   1   bp
GO:0048762    0    0    0    1    0    0    0    0    0    0    0    0    0    0    0    0    0    0    0    0   1   bp
GO:0050768    0    0    0    1    0    0    0    0    0    0    0    0    0    0    0    0    0    0    0    0   1   bp
GO:0050769    0    0    0    1    0    0    0    0    0    0    0    0    0    0    0    0    0    0    0    0   1   bp
GO:0050919    0    0    0    1    0    0    0    0    0    0    0    0    0    0    0    0    0    0    0    0   1   bp
GO:0051101    0    0    0    0    0    0    0    0    0    0    0    0    0    0    0    0    0    0    0   -1   1   bp
GO:0051186    0    0    0   -1    0    0    0    0    0    0    0    0    0    0    0    0    0    0    0    0   1   bp
GO:0051403    0    0    0    0    0    0    0    0    0    0    0    0    0    0    0    0    0    0    0   -1   1   bp
GO:0055017    0    0    0    0    0    0    0    0    0    0    0    0    0    0    0    0   -1    0    0    0   1   bp
GO:0060216    0    0    0    0    0    0    0    0    0    0    0    0    0    0    0    0    0    0    0   -1   1   bp
GO:0060324    0    0    0    1    0    0    0    0    0    0    0    0    0    0    0    0    0    0    0    0   1   bp
GO:0060428    0    0    0    1    0    0    0    0    0    0    0    0    0    0    0    0    0    0    0    0   1   bp
GO:0060479    0    0    0    1    0    0    0    0    0    0    0    0    0    0    0    0    0    0    0    0   1   bp
GO:0060485    0    0    0    1    0    0    0    0    0    0    0    0    0    0    0    0    0    0    0    0   1   bp
GO:0060487    0    0    0    1    0    0    0    0    0    0    0    0    0    0    0    0    0    0    0    0   1   bp
GO:0060606    0    0    0    0    0    0    0    0    0    0    0    0    0    0    0    0   -1    0    0    0   1   bp
GO:0060736    0    0    0    1    0    0    0    0    0    0    0    0    0    0    0    0    0    0    0    0   1   bp
GO:0061180    0    0    0    1    0    0    0    0    0    0    0    0    0    0    0    0    0    0    0    0   1   bp
GO:0061458    0    0    0    0    0    0    0    0    0    1    0    0    0    0    0    0    0    0    0    0   1   bp
GO:0070302    0    0    0    0    0    0    0    0    0    0    0    0    0    0    0    0    0    0    0   -1   1   bp
GO:0070498    0    0    0    0    0    0    0    0    0    0    0    0    0    0    0    0    1    0    0    0   1   bp
GO:0070646    0    0    0    0    0    0    0    0    0    0    0    0    0    0    0    0   -1    0    0    0   1   bp
GO:0071347    0    0    0    0    0    0    0    0    0    0    0    0    0    0    0    0    1    0    0    0   1   bp
GO:0071709    0    0    0    0    0    0    0    0    0    0    0    0    0    0    0    0   -1    0    0    0   1   bp
GO:0071774    0    0    0    1    0    0    0    0    0    0    0    0    0    0    0    0    0    0    0    0   1   bp
GO:0071901    0    0    0    1    0    0    0    0    0    0    0    0    0    0    0    0    0    0    0    0   1   bp
GO:0071902    0    0    0    1    0    0    0    0    0    0    0    0    0    0    0    0    0    0    0    0   1   bp
GO:0072091    0    0    0    0    0    0    0    0    0    0    0    0    0    0    0    0   -1    0    0    0   1   bp
GO:0080135    0    0    0    0    0    0    0    0    0    0    0    0    0    0    0    0    0    0    0   -1   1   bp
GO:0090101    0    0    0    1    0    0    0    0    0    0    0    0    0    0    0    0    0    0    0    0   1   bp
GO:0090130    0    0    0    1    0    0    0    0    0    0    0    0    0    0    0    0    0    0    0    0   1   bp
GO:1901888    0    0    0    1    0    0    0    0    0    0    0    0    0    0    0    0    0    0    0    0   1   bp
GO:1902593    0    0    0    1    0    0    0    0    0    0    0    0    0    0    0    0    0    0    0    0   1   bp
GO:1990138    0    0    0    1    0    0    0    0    0    0    0    0    0    0    0    0    0    0    0    0   1   bp
GO:2000738    0    0    0    0    0    0    0    0    0    0    0    0    0    0    0    0   -1    0    0    0   1   bp
GO:0000118    0    0    0    0    0    0    0    0    0    1    0    0    0    0    0    0    0    0    0    0   1   cc
GO:0000786    0    0    0   -1    0    0    0    0    0    0    0    0    0    0    0    0    0    0    0    0   1   cc
GO:0000932    0    0    0    0    0    0    0    0    0    1    0    0    0    0    0    0    0    0    0    0   1   cc
GO:0001725    0    0    0    0    0    0    0    0   -1    0    0    0    0    0    0    0    0    0    0    0   1   cc
GO:0005578    0    0    0    0    0    0    0    0    0    0    0    0    0    0    0    0    0   -1    0    0   1   cc
GO:0005581    0    0    0    0    0    0    0    0    0    0    0    0    0    0    0    0    0   -1    0    0   1   cc
GO:0005811    0    0    0    0    0    0   -1    0    0    0    0    0    0    0    0    0    0    0    0    0   1   cc
GO:0030027    0    0    0    0    0    0    0    0    0    1    0    0    0    0    0    0    0    0    0    0   1   cc
GO:0030125    0   -1    0    0    0    0    0    0    0    0    0    0    0    0    0    0    0    0    0    0   1   cc
GO:0030131    0   -1    0    0    0    0    0    0    0    0    0    0    0    0    0    0    0    0    0    0   1   cc
GO:0030132    0   -1    0    0    0    0    0    0    0    0    0    0    0    0    0    0    0    0    0    0   1   cc
GO:0030173    0    0    0    0    0    0    0    0    0    1    0    0    0    0    0    0    0    0    0    0   1   cc
GO:0030877    0    0    0    0    0    0    0    0   -1    0    0    0    0    0    0    0    0    0    0    0   1   cc
GO:0031228    0    0    0    0    0    0    0    0    0    1    0    0    0    0    0    0    0    0    0    0   1   cc
GO:0032432    0    0    0    0    0    0    0    0   -1    0    0    0    0    0    0    0    0    0    0    0   1   cc
GO:0033267    0    0    0    0    0    0    0    0    0    1    0    0    0    0    0    0    0    0    0    0   1   cc
GO:0033268    0    0    0    1    0    0    0    0    0    0    0    0    0    0    0    0    0    0    0    0   1   cc
GO:0035098    0    0    0    1    0    0    0    0    0    0    0    0    0    0    0    0    0    0    0    0   1   cc
GO:0043025    0    0    0    1    0    0    0    0    0    0    0    0    0    0    0    0    0    0    0    0   1   cc
GO:0043292    0    0    0    0    0    0    0    0    0    0    0    0    0    0    0    0    0    0   -1    0   1   cc
GO:0044420    0    0    0    0    0    0    0    0    0    0    0    0    0    0    0    0    0   -1    0    0   1   cc
GO:0044815    0    0    0   -1    0    0    0    0    0    0    0    0    0    0    0    0    0    0    0    0   1   cc
GO:1990104    0    0    0   -1    0    0    0    0    0    0    0    0    0    0    0    0    0    0    0    0   1   cc
GO:0001046    0    0    0    0    0    0    0    0    0    0    0    0    0    0    0    0   -1    0    0    0   1   mf
GO:0001078    0    0    0    1    0    0    0    0    0    0    0    0    0    0    0    0    0    0    0    0   1   mf
GO:0001104    0    0    0    0    0    0    0    0    0    0    0    0    0    0    0    0   -1    0    0    0   1   mf
GO:0001105    0    0    0    0    0    0    0    0    0    0    0    0    0    0    0    0   -1    0    0    0   1   mf
GO:0001653    0    0    0   -1    0    0    0    0    0    0    0    0    0    0    0    0    0    0    0    0   1   mf
GO:0003707    0    0    0    0    0    0    0    0    0    1    0    0    0    0    0    0    0    0    0    0   1   mf
GO:0003713    0    0    0    0    0    0    0    0    0    0    0    0    0    0    0    0    0    0   -1    0   1   mf
GO:0003729    0    0    0    0    0    0    0    0    0    1    0    0    0    0    0    0    0    0    0    0   1   mf
GO:0003730    0    0    0    0    0    0    0    0    0    1    0    0    0    0    0    0    0    0    0    0   1   mf
GO:0004252    0    0    0    0    0    0    0    0    0   -1    0    0    0    0    0    0    0    0    0    0   1   mf
GO:0004675    0    0    0    0    0    0    0    1    0    0    0    0    0    0    0    0    0    0    0    0   1   mf
GO:0004721    0    0    0    0    0    0    0    0    0    0    0    0    0    0    0    0   -1    0    0    0   1   mf
GO:0004842    0    0    0    1    0    0    0    0    0    0    0    0    0    0    0    0    0    0    0    0   1   mf
GO:0004879    0    0    0    0    0    0    0    0    0    1    0    0    0    0    0    0    0    0    0    0   1   mf
GO:0005024    0    0    0    0    0    0    0    1    0    0    0    0    0    0    0    0    0    0    0    0   1   mf
GO:0005083    0    0    0    0    0    0    0    0    0    1    0    0    0    0    0    0    0    0    0    0   1   mf
GO:0005085    0    0    0    0    0    0    0    0    0    1    0    0    0    0    0    0    0    0    0    0   1   mf
GO:0005104    0    0    0    0    0    0    0    1    0    0    0    0    0    0    0    0    0    0    0    0   1   mf
GO:0005126    0    0    0    0    0    0    0    1    0    0    0    0    0    0    0    0    0    0    0    0   1   mf
GO:0005201    0    0    0    0    0    0    0    0    0    0    0    0    0    0    0    0    0    0    0   -1   1   mf
GO:0008373    0    0    0    0    0    0    0    0    0    1    0    0    0    0    0    0    0    0    0    0   1   mf
GO:0008528    0    0    0   -1    0    0    0    0    0    0    0    0    0    0    0    0    0    0    0    0   1   mf
GO:0015026    0    0    0    0    0    0    0    1    0    0    0    0    0    0    0    0    0    0    0    0   1   mf
GO:0016835    0    0    0    0    0    0    0    0    0   -1    0    0    0    0    0    0    0    0    0    0   1   mf
GO:0017124    0    0    0    1    0    0    0    0    0    0    0    0    0    0    0    0    0    0    0    0   1   mf
GO:0030371    0    0    0    0    0    0    0    0    0    0    0    0    0    0    0    0    0    0    0   -1   1   mf
GO:0030695    0    0    0    0    0    0    0    0    0    1    0    0    0    0    0    0    0    0    0    0   1   mf
GO:0035091    0    0    0    1    0    0    0    0    0    0    0    0    0    0    0    0    0    0    0    0   1   mf
GO:0042826    0    0    0    0    0    0    0    0    0    1    0    0    0    0    0    0    0    0    0    0   1   mf
GO:0044822    0    0    0    0    0    0    0    0    0    1    0    0    0    0    0    0    0    0    0    0   1   mf
GO:0060589    0    0    0    0    0    0    0    0    0    1    0    0    0    0    0    0    0    0    0    0   1   mf
GO:0070851    0    0    0    0    0    0    0    1    0    0    0    0    0    0    0    0    0    0    0    0   1   mf
GO:0090079    0    0    0    1    0    0    0    0    0    0    0    0    0    0    0    0    0    0    0    0   1   mf
GO:0098531    0    0    0    0    0    0    0    0    0    1    0    0    0    0    0    0    0    0    0    0   1   mf
                                                                                                                                                                   name
GO:0000186                                                                                                                                 activation of MAPKK activity
GO:0001503                                                                                                                                                 ossification
GO:0001657                                                                                                                                     ureteric bud development
GO:0001702                                                                                                                       gastrulation with mouth forming second
GO:0001704                                                                                                                              formation of primary germ layer
GO:0001706                                                                                                                                           endoderm formation
GO:0001711                                                                                                                              endodermal cell fate commitment
GO:0001837                                                                                                                         epithelial to mesenchymal transition
GO:0001841                                                                                                                                        neural tube formation
GO:0001843                                                                                                                                          neural tube closure
GO:0001952                                                                                                                           regulation of cell-matrix adhesion
GO:0002088                                                                                                                          lens development in camera-type eye
GO:0002089                                                                                                                        lens morphogenesis in camera-type eye
GO:0002768                                                                                           immune response-regulating cell surface receptor signaling pathway
GO:0003007                                                                                                                                          heart morphogenesis
GO:0006399                                                                                                                                       tRNA metabolic process
GO:0006417                                                                                                                                    regulation of translation
GO:0006479                                                                                                                                          protein methylation
GO:0006606                                                                                                                                  protein import into nucleus
GO:0006607                                                                                                                      NLS-bearing protein import into nucleus
GO:0006956                                                                                                                                        complement activation
GO:0007156                                                                                                                                     homophilic cell adhesion
GO:0007158                                                                                                                                    neuron cell-cell adhesion
GO:0007160                                                                                                                                         cell-matrix adhesion
GO:0007266                                                                                                                              Rho protein signal transduction
GO:0007369                                                                                                                                                 gastrulation
GO:0007440                                                                                                                                        foregut morphogenesis
GO:0008033                                                                                                                                              tRNA processing
GO:0008038                                                                                                                                           neuron recognition
GO:0008213                                                                                                                                           protein alkylation
GO:0008344                                                                                                                                    adult locomotory behavior
GO:0009118                                                                                                                   regulation of nucleoside metabolic process
GO:0009791                                                                                                                                   post-embryonic development
GO:0009880                                                                                                                              embryonic pattern specification
GO:0009952                                                                                                                     anterior/posterior pattern specification
GO:0010611                                                                                                                     regulation of cardiac muscle hypertrophy
GO:0010632                                                                                                                      regulation of epithelial cell migration
GO:0010720                                                                                                                      positive regulation of cell development
GO:0010721                                                                                                                      negative regulation of cell development
GO:0010769                                                                                                 regulation of cell morphogenesis involved in differentiation
GO:0010837                                                                                                                     regulation of keratinocyte proliferation
GO:0010842                                                                                                                                       retina layer formation
GO:0010975                                                                                                                  regulation of neuron projection development
GO:0014031                                                                                                                                 mesenchymal cell development
GO:0014065                                                                                                                      phosphatidylinositol 3-kinase signaling
GO:0014743                                                                                                                             regulation of muscle hypertrophy
GO:0014902                                                                                                                                      myotube differentiation
GO:0016053                                                                                                                            organic acid biosynthetic process
GO:0016197                                                                                                                                          endosomal transport
GO:0016311                                                                                                                                            dephosphorylation
GO:0016358                                                                                                                                         dendrite development
GO:0016571                                                                                                                                          histone methylation
GO:0018022                                                                                                                                  peptidyl-lysine methylation
GO:0018023                                                                                                                               peptidyl-lysine trimethylation
GO:0018105                                                                                                                              peptidyl-serine phosphorylation
GO:0018107                                                                                                                           peptidyl-threonine phosphorylation
GO:0018209                                                                                                                                 peptidyl-serine modification
GO:0019882                                                                                                                          antigen processing and presentation
GO:0021542                                                                                                                                    dentate gyrus development
GO:0021675                                                                                                                                            nerve development
GO:0021872                                                                                                                              forebrain generation of neurons
GO:0021952                                                                                                        central nervous system projection neuron axonogenesis
GO:0021955                                                                                                                   central nervous system neuron axonogenesis
GO:0021987                                                                                                                                  cerebral cortex development
GO:0022602                                                                                                                                      ovulation cycle process
GO:0022604                                                                                                                             regulation of cell morphogenesis
GO:0022898                                                                                                             regulation of transmembrane transporter activity
GO:0030099                                                                                                                                 myeloid cell differentiation
GO:0030111                                                                                                                          regulation of Wnt signaling pathway
GO:0030155                                                                                                                                  regulation of cell adhesion
GO:0030278                                                                                                                                   regulation of ossification
GO:0030512                                                                            negative regulation of transforming growth factor beta receptor signaling pathway
GO:0030516                                                                                                                                 regulation of axon extension
GO:0030811                                                                                                                   regulation of nucleotide catabolic process
GO:0030879                                                                                                                                    mammary gland development
GO:0031076                                                                                                                        embryonic camera-type eye development
GO:0031098                                                                                                            stress-activated protein kinase signaling cascade
GO:0031331                                                                                                            positive regulation of cellular catabolic process
GO:0031344                                                                                                                   regulation of cell projection organization
GO:0032147                                                                                                                        activation of protein kinase activity
GO:0032412                                                                                                         regulation of ion transmembrane transporter activity
GO:0032414                                                                                                positive regulation of ion transmembrane transporter activity
GO:0032535                                                                                                                        regulation of cellular component size
GO:0032872                                                                                                                  regulation of stress-activated MAPK cascade
GO:0033121                                                                                                            regulation of purine nucleotide catabolic process
GO:0033124                                                                                                                          regulation of GTP catabolic process
GO:0034405                                                                                                                               response to fluid shear stress
GO:0034470                                                                                                                                             ncRNA processing
GO:0034504                                                                                                                              protein localization to nucleus
GO:0034660                                                                                                                                      ncRNA metabolic process
GO:0034762                                                                                                                        regulation of transmembrane transport
GO:0034765                                                                                                                    regulation of ion transmembrane transport
GO:0034968                                                                                                                                   histone lysine methylation
GO:0035265                                                                                                                                                 organ growth
GO:0038093                                                                                                                                Fc receptor signaling pathway
GO:0040029                                                                                                                    regulation of gene expression, epigenetic
GO:0042490                                                                                                                              mechanoreceptor differentiation
GO:0043087                                                                                                                                regulation of GTPase activity
GO:0043401                                                                                                                   steroid hormone mediated signaling pathway
GO:0043410                                                                                                                          positive regulation of MAPK cascade
GO:0043502                                                                                                                              regulation of muscle adaptation
GO:0043542                                                                                                                                   endothelial cell migration
GO:0043550                                                                                                                          regulation of lipid kinase activity
GO:0043551                                                                                                         regulation of phosphatidylinositol 3-kinase activity
GO:0044344                                                                                                       cellular response to fibroblast growth factor stimulus
GO:0044708                                                                                                                                     single-organism behavior
GO:0045168                                                                                                         cell-cell signaling involved in cell fate commitment
GO:0045685                                                                                                                     regulation of glial cell differentiation
GO:0046394                                                                                                                         carboxylic acid biosynthetic process
GO:0046777                                                                                                                                  protein autophosphorylation
GO:0048008                                                                                                    platelet-derived growth factor receptor signaling pathway
GO:0048009                                                                                                        insulin-like growth factor receptor signaling pathway
GO:0048013                                                                                                                            ephrin receptor signaling pathway
GO:0048286                                                                                                                                    lung alveolus development
GO:0048511                                                                                                                                             rhythmic process
GO:0048569                                                                                                                             post-embryonic organ development
GO:0048588                                                                                                                                    developmental cell growth
GO:0048593                                                                                                                                camera-type eye morphogenesis
GO:0048596                                                                                                                      embryonic camera-type eye morphogenesis
GO:0048617                                                                                                                              embryonic foregut morphogenesis
GO:0048638                                                                                                                           regulation of developmental growth
GO:0048663                                                                                                                                       neuron fate commitment
GO:0048675                                                                                                                                               axon extension
GO:0048706                                                                                                                        embryonic skeletal system development
GO:0048708                                                                                                                                    astrocyte differentiation
GO:0048710                                                                                                                      regulation of astrocyte differentiation
GO:0048762                                                                                                                             mesenchymal cell differentiation
GO:0050768                                                                                                                          negative regulation of neurogenesis
GO:0050769                                                                                                                          positive regulation of neurogenesis
GO:0050919                                                                                                                                          negative chemotaxis
GO:0051101                                                                                                                                    regulation of DNA binding
GO:0051186                                                                                                                                   cofactor metabolic process
GO:0051403                                                                                                                                stress-activated MAPK cascade
GO:0055017                                                                                                                                 cardiac muscle tissue growth
GO:0060216                                                                                                                                       definitive hemopoiesis
GO:0060324                                                                                                                                             face development
GO:0060428                                                                                                                                  lung epithelium development
GO:0060479                                                                                                                                    lung cell differentiation
GO:0060485                                                                                                                                       mesenchyme development
GO:0060487                                                                                                                         lung epithelial cell differentiation
GO:0060606                                                                                                                                                 tube closure
GO:0060736                                                                                                                                        prostate gland growth
GO:0061180                                                                                                                         mammary gland epithelium development
GO:0061458                                                                                                                              reproductive system development
GO:0070302                                                                                              regulation of stress-activated protein kinase signaling cascade
GO:0070498                                                                                                                     interleukin-1-mediated signaling pathway
GO:0070646                                                                                                                protein modification by small protein removal
GO:0071347                                                                                                                           cellular response to interleukin-1
GO:0071709                                                                                                                                            membrane assembly
GO:0071774                                                                                                                         response to fibroblast growth factor
GO:0071901                                                                                              negative regulation of protein serine/threonine kinase activity
GO:0071902                                                                                              positive regulation of protein serine/threonine kinase activity
GO:0072091                                                                                                                        regulation of stem cell proliferation
GO:0080135                                                                                                                    regulation of cellular response to stress
GO:0090101                                                              negative regulation of transmembrane receptor protein serine/threonine kinase signaling pathway
GO:0090130                                                                                                                                             tissue migration
GO:1901888                                                                                                                         regulation of cell junction assembly
GO:1902593                                                                                                                               single-organism nuclear import
GO:1990138                                                                                                                                  neuron projection extension
GO:2000738                                                                                                             positive regulation of stem cell differentiation
GO:0000118                                                                                                                                  histone deacetylase complex
GO:0000786                                                                                                                                                   nucleosome
GO:0000932                                                                                                                             cytoplasmic mRNA processing body
GO:0001725                                                                                                                                                 stress fiber
GO:0005578                                                                                                                           proteinaceous extracellular matrix
GO:0005581                                                                                                                                              collagen trimer
GO:0005811                                                                                                                                               lipid particle
GO:0030027                                                                                                                                                lamellipodium
GO:0030125                                                                                                                                        clathrin vesicle coat
GO:0030131                                                                                                                                     clathrin adaptor complex
GO:0030132                                                                                                                                  clathrin coat of coated pit
GO:0030173                                                                                                                         integral component of Golgi membrane
GO:0030877                                                                                                                             beta-catenin destruction complex
GO:0031228                                                                                                                        intrinsic component of Golgi membrane
GO:0032432                                                                                                                                        actin filament bundle
GO:0033267                                                                                                                                                    axon part
GO:0033268                                                                                                                                              node of Ranvier
GO:0035098                                                                                                                                             ESC/E(Z) complex
GO:0043025                                                                                                                                           neuronal cell body
GO:0043292                                                                                                                                            contractile fiber
GO:0044420                                                                                                                                    extracellular matrix part
GO:0044815                                                                                                                                        DNA packaging complex
GO:1990104                                                                                                                                          DNA bending complex
GO:0001046                                                                                                                  core promoter sequence-specific DNA binding
GO:0001078 RNA polymerase II core promoter proximal region sequence-specific DNA binding transcription factor activity involved in negative regulation of transcription
GO:0001104                                                                                                            RNA polymerase II transcription cofactor activity
GO:0001105                                                                                                         RNA polymerase II transcription coactivator activity
GO:0001653                                                                                                                                    peptide receptor activity
GO:0003707                                                                                                                            steroid hormone receptor activity
GO:0003713                                                                                                                           transcription coactivator activity
GO:0003729                                                                                                                                                 mRNA binding
GO:0003730                                                                                                                                          mRNA 3'-UTR binding
GO:0004252                                                                                                                           serine-type endopeptidase activity
GO:0004675                                                                                              transmembrane receptor protein serine/threonine kinase activity
GO:0004721                                                                                                                          phosphoprotein phosphatase activity
GO:0004842                                                                                                                       ubiquitin-protein transferase activity
GO:0004879                                                               ligand-activated sequence-specific DNA binding RNA polymerase II transcription factor activity
GO:0005024                                                                                                  transforming growth factor beta-activated receptor activity
GO:0005083                                                                                                                              small GTPase regulator activity
GO:0005085                                                                                                                   guanyl-nucleotide exchange factor activity
GO:0005104                                                                                                                    fibroblast growth factor receptor binding
GO:0005126                                                                                                                                    cytokine receptor binding
GO:0005201                                                                                                                  extracellular matrix structural constituent
GO:0008373                                                                                                                                   sialyltransferase activity
GO:0008528                                                                                                                  G-protein coupled peptide receptor activity
GO:0015026                                                                                                                                          coreceptor activity
GO:0016835                                                                                                                                 carbon-oxygen lyase activity
GO:0017124                                                                                                                                           SH3 domain binding
GO:0030371                                                                                                                               translation repressor activity
GO:0030695                                                                                                                                    GTPase regulator activity
GO:0035091                                                                                                                                 phosphatidylinositol binding
GO:0042826                                                                                                                                  histone deacetylase binding
GO:0044822                                                                                                                                          poly(A) RNA binding
GO:0060589                                                                                                                 nucleoside-triphosphatase regulator activity
GO:0070851                                                                                                                               growth factor receptor binding
GO:0090079                                                                                                         translation regulator activity, nucleic acid binding
GO:0098531                                                                          direct ligand regulated sequence-specific DNA binding transcription factor activity
> sapply (comen.unpa, dim )
     [,1] [,2] [,3] [,4] [,5] [,6]
[1,]  217   88   41   24    5    1
[2,]   23   23   23   23   23   23
> 
> ###
> 
> 
> file.pair <- "common_enrichment_paired.xlsx"
> unlink (file.pair)
> order.pair <- order (pat.pair[,"SUM"], pat.pair[,"onto"], pat.pair[,"name"], decreasing = TRUE)
> order.pair <- pat.pair[order.pair,]
> order.pair[1:3,]
           blca brca cesc esca hnsc kich kirc kirp lihc luad lusc paad pcpg prad stad thca ucec SUM onto
GO:0005788   -1    0   -1    0    0    0    0    0    0    0    0    0    0    0    0    0   -1   3   cc
GO:0003713    0    0    0    0    0    0   -1    0    0    0    0    0    0    0    0   -1    0   2   mf
GO:0000981    0    0    0    0    0   -1    0    0    0    0    0    0    1    0    0    0    0   2   mf
                                                                                    name
GO:0005788                                                   endoplasmic reticulum lumen
GO:0003713                                            transcription coactivator activity
GO:0000981 sequence-specific DNA binding RNA polymerase II transcription factor activity
> 
> suma.pair <- sort (setdiff (unique (pat.pair[,"SUM"]), 0), decreasing = TRUE)
> suma.pair
[1] 3 2 1
> comen.pair <- list ()  ## common enrichment
> for (su in suma.pair) {
+     print (su)
+     touse <- pat.pair[,"SUM"] == su
+     mat <- pat.pair[touse,]
+     comen.pair[[su]] <- mat
+     print (mat)
+     write.xlsx2 (mat, file = file.pair, sheetName = paste ("common", su),
+                  col.names = TRUE, row.names = TRUE, append = TRUE)
+ }
[1] 3
           blca brca cesc esca hnsc kich kirc kirp lihc luad lusc paad pcpg prad stad thca ucec SUM onto                        name
GO:0005788   -1    0   -1    0    0    0    0    0    0    0    0    0    0    0    0    0   -1   3   cc endoplasmic reticulum lumen
[1] 2
           blca brca cesc esca hnsc kich kirc kirp lihc luad lusc paad pcpg prad stad thca ucec SUM onto
GO:0032486    0    0    0    0    0    0   -1   -1    0    0    0    0    0    0    0    0    0   2   bp
GO:0034762    0    0    0    0    0    0    0   -1    0    0    0    0    0    0    0    0   -1   2   bp
GO:0034765    0    0    0    0    0    0    0   -1    0    0    0    0    0    0    0    0   -1   2   bp
GO:0005581   -1    0    0    0    0    0    0    0    0    0    0    0    0    0    0    0   -1   2   cc
GO:0060053    0    1    1    0    0    0    0    0    0    0    0    0    0    0    0    0    0   2   cc
GO:0000981    0    0    0    0    0   -1    0    0    0    0    0    0    1    0    0    0    0   2   mf
GO:0001076    0    0    0    0    0    0   -1    0    0    0    0    0    1    0    0    0    0   2   mf
GO:0003713    0    0    0    0    0    0   -1    0    0    0    0    0    0    0    0   -1    0   2   mf
GO:0005126    0    0    0    0    0    0    1    1    0    0    0    0    0    0    0    0    0   2   mf
                                                                                    name
GO:0032486                                               Rap protein signal transduction
GO:0034762                                         regulation of transmembrane transport
GO:0034765                                     regulation of ion transmembrane transport
GO:0005581                                                               collagen trimer
GO:0060053                                                    neurofilament cytoskeleton
GO:0000981 sequence-specific DNA binding RNA polymerase II transcription factor activity
GO:0001076  RNA polymerase II transcription factor binding transcription factor activity
GO:0003713                                            transcription coactivator activity
GO:0005126                                                     cytokine receptor binding
[1] 1
           blca brca cesc esca hnsc kich kirc kirp lihc luad lusc paad pcpg prad stad thca ucec SUM onto
GO:0001655    0    0    0    0    0   -1    0    0    0    0    0    0    0    0    0    0    0   1   bp
GO:0001657    0    0    0    0    0   -1    0    0    0    0    0    0    0    0    0    0    0   1   bp
GO:0001701    0    0    0    0    0   -1    0    0    0    0    0    0    0    0    0    0    0   1   bp
GO:0002064    0    0    0    0    0    0    0   -1    0    0    0    0    0    0    0    0    0   1   bp
GO:0006607    0    0    0    0    0   -1    0    0    0    0    0    0    0    0    0    0    0   1   bp
GO:0007156    0    0    0    0    0    1    0    0    0    0    0    0    0    0    0    0    0   1   bp
GO:0007178    0    0    0    0    0   -1    0    0    0    0    0    0    0    0    0    0    0   1   bp
GO:0007179    0    0    0    0    0   -1    0    0    0    0    0    0    0    0    0    0    0   1   bp
GO:0008286    0    0    0    0    0    0    0   -1    0    0    0    0    0    0    0    0    0   1   bp
GO:0010837    0    0    0    0    0    0    0   -1    0    0    0    0    0    0    0    0    0   1   bp
GO:0016055    0    0    0    0    0   -1    0    0    0    0    0    0    0    0    0    0    0   1   bp
GO:0016570    0    0    0    0    0   -1    0    0    0    0    0    0    0    0    0    0    0   1   bp
GO:0022898    0    0    0    0    0    0    0   -1    0    0    0    0    0    0    0    0    0   1   bp
GO:0030199    0    0    0    0    0    0    0    0    0    0    0    0    0    0    0    0   -1   1   bp
GO:0030512    0    0    0    0    0   -1    0    0    0    0    0    0    0    0    0    0    0   1   bp
GO:0030879    0    0    0    0    0   -1    0    0    0    0    0    0    0    0    0    0    0   1   bp
GO:0032409    0    0    0    0    0    0    0   -1    0    0    0    0    0    0    0    0    0   1   bp
GO:0032412    0    0    0    0    0    0    0   -1    0    0    0    0    0    0    0    0    0   1   bp
GO:0032869    0    0    0    0    0    0    0   -1    0    0    0    0    0    0    0    0    0   1   bp
GO:0042659    0    0    0    0    0    0    0   -1    0    0    0    0    0    0    0    0    0   1   bp
GO:0048732    0    0    0    0    0   -1    0    0    0    0    0    0    0    0    0    0    0   1   bp
GO:0051098    0    0    0    0    0   -1    0    0    0    0    0    0    0    0    0    0    0   1   bp
GO:0051101    0    0    0    0    0   -1    0    0    0    0    0    0    0    0    0    0    0   1   bp
GO:0060536    0    0    0    0    0   -1    0    0    0    0    0    0    0    0    0    0    0   1   bp
GO:0060537    0    0    0    0    0   -1    0    0    0    0    0    0    0    0    0    0    0   1   bp
GO:0071559    0    0    0    0    0   -1    0    0    0    0    0    0    0    0    0    0    0   1   bp
GO:0071560    0    0    0    0    0   -1    0    0    0    0    0    0    0    0    0    0    0   1   bp
GO:0071709    0    0    0    0    0    0    0   -1    0    0    0    0    0    0    0    0    0   1   bp
GO:0072001    0    0    0    0    0   -1    0    0    0    0    0    0    0    0    0    0    0   1   bp
GO:2000027    0    0    0    0    0    0    0   -1    0    0    0    0    0    0    0    0    0   1   bp
GO:0001726    0    1    0    0    0    0    0    0    0    0    0    0    0    0    0    0    0   1   cc
GO:0002102    0    0    0   -1    0    0    0    0    0    0    0    0    0    0    0    0    0   1   cc
GO:0005578    0    0    0    0    0    0    0    0    0    0    0    0    0    0    0    0   -1   1   cc
GO:0005583    0    0    0    0    0    0    0    0    0    0    0    0    0    0    0    0   -1   1   cc
GO:0005901    0    0    0    0    0   -1    0    0    0    0    0    0    0    0    0    0    0   1   cc
GO:0030425    0    0    0    0    0    0    0    0    0    0    0    0    0    0    0   -1    0   1   cc
GO:0033267    0    0    0    0    0    0    0    0    0    0    0    0    1    0    0    0    0   1   cc
GO:0044420    0    0    0    0    0    0    0    0    0    0    0    0    0    0    0    0   -1   1   cc
GO:0000982    0    0    0    0    0   -1    0    0    0    0    0    0    0    0    0    0    0   1   mf
GO:0001077    0    0    0    0    0   -1    0    0    0    0    0    0    0    0    0    0    0   1   mf
GO:0001190    0    0    0    0    0    0   -1    0    0    0    0    0    0    0    0    0    0   1   mf
GO:0001228    0    0    0    0    0   -1    0    0    0    0    0    0    0    0    0    0    0   1   mf
GO:0004675    0    0    0    0    0   -1    0    0    0    0    0    0    0    0    0    0    0   1   mf
GO:0004842    0    0    0    0    0   -1    0    0    0    0    0    0    0    0    0    0    0   1   mf
GO:0005024    0    0    0    0    0   -1    0    0    0    0    0    0    0    0    0    0    0   1   mf
GO:0005201    0    0    0    0    0    0    0    0    0    0    0    0    0    0    0    0   -1   1   mf
GO:0008013    0    0    0    0    0    0    0    0    0    0    0    0    0   -1    0    0    0   1   mf
GO:0016879    0    0    0    0    0   -1    0    0    0    0    0    0    0    0    0    0    0   1   mf
GO:0016881    0    0    0    0    0   -1    0    0    0    0    0    0    0    0    0    0    0   1   mf
GO:0019199    0    0    0    0    0   -1    0    0    0    0    0    0    0    0    0    0    0   1   mf
GO:0019787    0    0    0    0    0   -1    0    0    0    0    0    0    0    0    0    0    0   1   mf
GO:0035326    0    0    0    0    0    0   -1    0    0    0    0    0    0    0    0    0    0   1   mf
                                                                                                                                                                     name
GO:0001655                                                                                                                                  urogenital system development
GO:0001657                                                                                                                                       ureteric bud development
GO:0001701                                                                                                                                 in utero embryonic development
GO:0002064                                                                                                                                    epithelial cell development
GO:0006607                                                                                                                        NLS-bearing protein import into nucleus
GO:0007156                                                                                                                                       homophilic cell adhesion
GO:0007178                                                                                       transmembrane receptor protein serine/threonine kinase signaling pathway
GO:0007179                                                                                                     transforming growth factor beta receptor signaling pathway
GO:0008286                                                                                                                             insulin receptor signaling pathway
GO:0010837                                                                                                                       regulation of keratinocyte proliferation
GO:0016055                                                                                                                                          Wnt signaling pathway
GO:0016570                                                                                                                                           histone modification
GO:0022898                                                                                                               regulation of transmembrane transporter activity
GO:0030199                                                                                                                                   collagen fibril organization
GO:0030512                                                                              negative regulation of transforming growth factor beta receptor signaling pathway
GO:0030879                                                                                                                                      mammary gland development
GO:0032409                                                                                                                             regulation of transporter activity
GO:0032412                                                                                                           regulation of ion transmembrane transporter activity
GO:0032869                                                                                                                          cellular response to insulin stimulus
GO:0042659                                                                                                                          regulation of cell fate specification
GO:0048732                                                                                                                                              gland development
GO:0051098                                                                                                                                          regulation of binding
GO:0051101                                                                                                                                      regulation of DNA binding
GO:0060536                                                                                                                                        cartilage morphogenesis
GO:0060537                                                                                                                                      muscle tissue development
GO:0071559                                                                                                                    response to transforming growth factor beta
GO:0071560                                                                                                  cellular response to transforming growth factor beta stimulus
GO:0071709                                                                                                                                              membrane assembly
GO:0072001                                                                                                                                       renal system development
GO:2000027                                                                                                                              regulation of organ morphogenesis
GO:0001726                                                                                                                                                         ruffle
GO:0002102                                                                                                                                                       podosome
GO:0005578                                                                                                                             proteinaceous extracellular matrix
GO:0005583                                                                                                                                      fibrillar collagen trimer
GO:0005901                                                                                                                                                        caveola
GO:0030425                                                                                                                                                       dendrite
GO:0033267                                                                                                                                                      axon part
GO:0044420                                                                                                                                      extracellular matrix part
GO:0000982                                                    RNA polymerase II core promoter proximal region sequence-specific DNA binding transcription factor activity
GO:0001077   RNA polymerase II core promoter proximal region sequence-specific DNA binding transcription factor activity involved in positive regulation of transcription
GO:0001190                                  RNA polymerase II transcription factor binding transcription factor activity involved in positive regulation of transcription
GO:0001228 RNA polymerase II transcription regulatory region sequence-specific DNA binding transcription factor activity involved in positive regulation of transcription
GO:0004675                                                                                                transmembrane receptor protein serine/threonine kinase activity
GO:0004842                                                                                                                         ubiquitin-protein transferase activity
GO:0005024                                                                                                    transforming growth factor beta-activated receptor activity
GO:0005201                                                                                                                    extracellular matrix structural constituent
GO:0008013                                                                                                                                           beta-catenin binding
GO:0016879                                                                                                                 ligase activity, forming carbon-nitrogen bonds
GO:0016881                                                                                                                                acid-amino acid ligase activity
GO:0019199                                                                                                                 transmembrane receptor protein kinase activity
GO:0019787                                                                                                                      small conjugating protein ligase activity
GO:0035326                                                                                                                                               enhancer binding
> sapply (comen.pair, dim )
     [,1] [,2] [,3]
[1,]   52    9    1
[2,]   20   20   20
> 
> 
> ### SAVE for the wiki
> save (list = c("comen.pair", "comen.unpa"), file = file.path (.job$dir$proces, "common_enrichment.RData"))
> 
> ## PLOTS
> graphics.off ()
> setwd (.job$dir$plots)
> 
> 
> 
> 
> 
> 
> 
> 
> 
> 
> 
> 
> 
> 
> 
> 
> 
> 
> 
> 
> ###EXIT
> warnings ()
Warning message:
In getGOnames(pat.pair) : 1 GOids where not found; missing names generated.
> sessionInfo ()
R version 3.1.2 (2014-10-31)
Platform: x86_64-pc-linux-gnu (64-bit)

locale:
 [1] LC_CTYPE=en_US.UTF-8          LC_NUMERIC=C                  LC_TIME=es_ES.UTF-8           LC_COLLATE=en_US.UTF-8        LC_MONETARY=es_ES.UTF-8      
 [6] LC_MESSAGES=en_US.UTF-8       LC_PAPER=es_ES.UTF-8          LC_NAME=es_ES.UTF-8           LC_ADDRESS=es_ES.UTF-8        LC_TELEPHONE=es_ES.UTF-8     
[11] LC_MEASUREMENT=es_ES.UTF-8    LC_IDENTIFICATION=es_ES.UTF-8

attached base packages:
[1] parallel  stats4    stats     graphics  grDevices utils     datasets  methods   base     

other attached packages:
 [1] mdgsa_0.99.2         AnnotationDbi_1.28.1 GenomeInfoDb_1.2.3   IRanges_2.0.0        S4Vectors_0.4.0      Biobase_2.26.0       BiocGenerics_0.12.1 
 [8] RSQLite_1.0.0        DBI_0.3.1            xlsx_0.5.7           xlsxjars_0.6.1       rJava_0.9-6         

loaded via a namespace (and not attached):
[1] cluster_1.15.3  GO.db_3.0.0     grid_3.1.2      KEGG.db_3.0.0   lattice_0.20-29 Matrix_1.1-4   
> q ("no")
> proc.time()
   user  system elapsed 
 12.195   0.213   9.179 
