
R version 3.3.0 (2016-05-03) -- "Supposedly Educational"
Copyright (C) 2016 The R Foundation for Statistical Computing
Platform: x86_64-pc-linux-gnu (64-bit)

R is free software and comes with ABSOLUTELY NO WARRANTY.
You are welcome to redistribute it under certain conditions.
Type 'license()' or 'licence()' for distribution details.

  Natural language support but running in an English locale

R is a collaborative project with many contributors.
Type 'contributors()' for more information and
'citation()' on how to cite R or R packages in publications.

Type 'demo()' for some demos, 'help()' for on-line help, or
'help.start()' for an HTML browser interface to help.
Type 'q()' to quit R.

> ##i020_paired2xls.r
> ##2016-05-17 dmontaner@cipf.es
> ##Save to xls
> 
> date ()
[1] "Sat May 21 11:18:52 2016"
> Sys.info ()[c("nodename", "user")]
   nodename        user 
      "air" "dmontaner" 
> commandArgs ()
[1] "/usr/lib/R/bin/exec/R"                                                            
[2] "-f"                                                                               
[3] "/home/dmontaner/trabajos_mios/2014/gsa4mirna/scripts_expression/i020_paired2xls.r"
[4] "--restore"                                                                        
[5] "--save"                                                                           
[6] "--no-readline"                                                                    
[7] "--no-save"                                                                        
[8] "--no-restore"                                                                     
> rm (list = ls ())
> R.version.string ##"R version 3.0.2 (2013-09-25)"
[1] "R version 3.3.0 (2016-05-03)"
> library (mdgsa); packageDescription ("mdgsa", fields = "Version") #"0.3.3"
Loading required package: DBI


KEGG.db contains mappings based on older data because the original
  resource was removed from the the public domain before the most
  recent update was produced. This package should now be considered
  deprecated and future versions of Bioconductor may not have it
  available.  Users who want more current data are encouraged to look
  at the KEGGREST or reactome.db packages

[1] "1.2.0"
> library (openxlsx); packageDescription ("openxlsx", fields = "Version") #"3.0.0"
[1] "3.0.0"
> #help (package = mdgsa)
> 
> try (source (".job.r")); try (.job)

.job.r has been sourced

$name
[1] "gsa4mirna"

$dir
$dir$data
[1] "~/datos/2014/gsa4mirna"

$dir$code
[1] "~/trabajos_mios/2014/gsa4mirna"

$dir$scripts
[1] "~/trabajos_mios/2014/gsa4mirna/scripts"

$dir$docs
[1] "~/trabajos_mios/2014/gsa4mirna/documents"

$dir$rawdat
[1] "~/datos/2014/gsa4mirna/data_raw_expression"

$dir$annotation
[1] "~/datos/2014/gsa4mirna/data_annotation"

$dir$proces
[1] "~/datos/2014/gsa4mirna/data_processed_expression"

$dir$plots
[1] "~/datos/2014/gsa4mirna/results_expression/plots"

$dir$res
[1] "~/datos/2014/gsa4mirna/results_expression/files"


$testmode
[1] FALSE

$dec
[1] "."

$idsep
[1] " /// "

> 
> options (widht = 240)
> 
> tag <- "kich"
> 
> lista <- list ()
> for (onto in c ("bp", "cc", "mf")) {
+     load (file.path (.job$dir$proces, "res_uvgsa_paired", paste0 (tag, "_", onto, ".RData"))) ## res
+     res[,"pat"] <- uvPat (res)
+     res[,"name"] <- getGOnames (res)    
+     lista[[paste0 (onto, '_all')]] <- res
+     lista[[paste0 (onto, '_non_redundatn')]] <- goLeaves (res)
+ }
Using row names of the input matrix.
Using GO.db version: 3.2.2
Using GO.db version: 3.2.2
Using row names of the input matrix.
Using GO.db version: 3.2.2
Using GO.db version: 3.2.2
Using row names of the input matrix.
Using GO.db version: 3.2.2
Using GO.db version: 3.2.2
Warning messages:
1: In getGOnames(res) : 15 GOids where not found; missing names generated.
2: In getGOnames(res) : 7 GOids where not found; missing names generated.
> 
> lapply (lista, head)
$bp_all
            N         lor       pval padj        sd           t conv pat
GO:0000002 11  0.07360212 0.90627373    1 0.6251114  0.11774240    1   0
GO:0000018 36 -0.08275033 0.81414878    1 0.3520057 -0.23508238    1   0
GO:0000038 13  0.02298165 0.96840481    1 0.5801999  0.03960988    1   0
GO:0000041 79  0.02041083 0.93110934    1 0.2360970  0.08645100    1   0
GO:0000042 12 -0.20269148 0.73750217    1 0.6047411 -0.33517066    1   0
GO:0000045 31 -0.66798950 0.04466914    1 0.3326698 -2.00796581    1   0
                                                   name
GO:0000002             mitochondrial genome maintenance
GO:0000018              regulation of DNA recombination
GO:0000038 very long-chain fatty acid metabolic process
GO:0000041               transition metal ion transport
GO:0000042                   protein targeting to Golgi
GO:0000045                       autophagosome assembly

$bp_non_redundatn
             N      lor         pval         padj        sd        t conv pat
GO:0007156 107 1.244983 9.771160e-23 3.444209e-18 0.1265986 9.834099    1   1
GO:0021514  10 1.462504 1.231728e-06 5.173402e-03 0.3013653 4.852927    1   1
GO:0030259  16 1.150254 6.220316e-06 1.461721e-02 0.2544382 4.520762    1   1
GO:0021513  13 1.282808 1.303042e-05 2.417399e-02 0.2941276 4.361399    1   1
GO:0021781  14 1.293441 1.808009e-05 3.034762e-02 0.3015653 4.289090    1   1
GO:0045777  23 1.054739 2.188508e-05 3.354005e-02 0.2483839 4.246407    1   1
                                                                      name
GO:0007156 homophilic cell adhesion via plasma membrane adhesion molecules
GO:0021514                 ventral spinal cord interneuron differentiation
GO:0030259                                             lipid glycosylation
GO:0021513                           spinal cord dorsal/ventral patterning
GO:0021781                                      glial cell fate commitment
GO:0045777                           positive regulation of blood pressure

$cc_all
             N        lor      pval padj        sd          t conv pat
GO:0000118  43 -0.3637578 0.2394290    1 0.3091934 -1.1764733    1   0
GO:0000123  64 -0.4065367 0.1071076    1 0.2522799 -1.6114508    1   0
GO:0000145  10 -0.1577622 0.8126259    1 0.6655368 -0.2370451    1   0
GO:0000151 136 -0.1767353 0.3298810    1 0.1813799 -0.9743929    1   0
GO:0000152  25  0.1936647 0.6300561    1 0.4020774  0.4816601    1   0
GO:0000159  19 -0.6254204 0.1314833    1 0.4146304 -1.5083804    1   0
                                          name
GO:0000118         histone deacetylase complex
GO:0000123   histone acetyltransferase complex
GO:0000145                             exocyst
GO:0000151            ubiquitin ligase complex
GO:0000152    nuclear ubiquitin ligase complex
GO:0000159 protein phosphatase type 2A complex

$cc_non_redundatn
[1] N    lor  pval padj sd   t    conv pat  name
<0 rows> (or 0-length row.names)

$mf_all
            N         lor        pval      padj        sd           t conv pat
GO:0000030 10 -0.17823817 0.788465297 1.0000000 0.6642994 -0.26830999    1   0
GO:0000049 25 -0.06542605 0.876808044 1.0000000 0.4220487 -0.15502012    1   0
GO:0000062 15 -0.48000674 0.336490256 1.0000000 0.4994028 -0.96116140    1   0
GO:0000146 16 -0.02649334 0.959832542 1.0000000 0.5260292 -0.05036477    1   0
GO:0000149 49 -0.80074069 0.001156524 0.5402911 0.2463690 -3.25016835    1   0
GO:0000175 18 -0.29272499 0.546766964 1.0000000 0.4857468 -0.60262880    1   0
                                     name
GO:0000030   mannosyltransferase activity
GO:0000049                   tRNA binding
GO:0000062         fatty-acyl-CoA binding
GO:0000146   microfilament motor activity
GO:0000149                  SNARE binding
GO:0000175 3'-5'-exoribonuclease activity

$mf_non_redundatn
[1] N    lor  pval padj sd   t    conv pat  name
<0 rows> (or 0-length row.names)

> 
> 
> ### SAVE xlsx
> setwd (.job$dir$res)
> 
> write.xlsx (lista, file = "filtered_analysis_kich_paired.xlsx")
> 
> 
> ###EXIT
> warnings ()
Warning messages:
1: In getGOnames(res) : 15 GOids where not found; missing names generated.
2: In getGOnames(res) : 7 GOids where not found; missing names generated.
> sessionInfo ()
R version 3.3.0 (2016-05-03)
Platform: x86_64-pc-linux-gnu (64-bit)
Running under: Ubuntu 14.04.4 LTS

locale:
 [1] LC_CTYPE=en_US.UTF-8       LC_NUMERIC=C              
 [3] LC_TIME=en_US.UTF-8        LC_COLLATE=en_US.UTF-8    
 [5] LC_MONETARY=en_US.UTF-8    LC_MESSAGES=en_US.UTF-8   
 [7] LC_PAPER=en_US.UTF-8       LC_NAME=C                 
 [9] LC_ADDRESS=C               LC_TELEPHONE=C            
[11] LC_MEASUREMENT=en_US.UTF-8 LC_IDENTIFICATION=C       

attached base packages:
[1] stats     graphics  grDevices utils     datasets  methods   base     

other attached packages:
[1] openxlsx_3.0.0 mdgsa_1.2.0    RSQLite_1.0.0  DBI_0.4-1     

loaded via a namespace (and not attached):
 [1] Rcpp_0.12.4          lattice_0.20-33      IRanges_2.4.8       
 [4] GO.db_3.2.2          grid_3.3.0           stats4_3.3.0        
 [7] S4Vectors_0.8.11     KEGG.db_3.2.2        Matrix_1.2-6        
[10] Biobase_2.30.0       parallel_3.3.0       BiocGenerics_0.16.1 
[13] AnnotationDbi_1.32.3 cluster_2.0.4       
> q ("no")
> proc.time()
   user  system elapsed 
  8.268   0.148   8.419 
