
R version 3.2.2 (2015-08-14) -- "Fire Safety"
Copyright (C) 2015 The R Foundation for Statistical Computing
Platform: x86_64-pc-linux-gnu (64-bit)

R is free software and comes with ABSOLUTELY NO WARRANTY.
You are welcome to redistribute it under certain conditions.
Type 'license()' or 'licence()' for distribution details.

  Natural language support but running in an English locale

R is a collaborative project with many contributors.
Type 'contributors()' for more information and
'citation()' on how to cite R or R packages in publications.

Type 'demo()' for some demos, 'help()' for on-line help, or
'help.start()' for an HTML browser interface to help.
Type 'q()' to quit R.

> ##a030_format_res_uvgsa_paired.r
> ##2015-09-01 dmontaner@cipf.es
> ##Analysis of the miRNA data from The Cancer Genome Atlas
> ##This script collects all GSA results generated under Godard's paradigm.
> 
> date ()
[1] "Tue Sep  1 17:13:27 2015"
> Sys.info ()[c("nodename", "user")]
   nodename        user 
      "lap" "dmontaner" 
> commandArgs ()
[1] "/usr/lib/R/bin/exec/R"                                                                     
[2] "-f"                                                                                        
[3] "/home/dmontaner/trabajos_mios/2014/gsa4mirna/scripts_godard/a030_format_res_uvgsa_paired.r"
[4] "--restore"                                                                                 
[5] "--save"                                                                                    
[6] "--no-readline"                                                                             
[7] "--no-save"                                                                                 
[8] "--no-restore"                                                                              
> rm (list = ls ())
> R.version.string ##"R version 3.2.2 (2015-08-14)"
[1] "R version 3.2.2 (2015-08-14)"
> library (mdgsa); packageDescription ("mdgsa", fields = "Version") #"1.0.0"
Creating a generic function for ‘nchar’ from package ‘base’ in package ‘S4Vectors’
Loading required package: DBI


KEGG.db contains mappings based on older data because the original
  resource was removed from the the public domain before the most
  recent update was produced. This package should now be considered
  deprecated and future versions of Bioconductor may not have it
  available.  Users who want more current data are encouraged to look
  at the KEGGREST or reactome.db packages

[1] "1.0.0"
> library (openxlsx); packageDescription ("openxlsx", fields = "Version") #"3.0.0"
[1] "3.0.0"
> #help (package = mdgsa)
> 
> try (source (".job.r")); try (.job)

.job.r has been sourced

$name
[1] "gsa4mirna"

$dir
$dir$data
[1] "~/datos/2014/gsa4mirna"

$dir$code
[1] "~/trabajos_mios/2014/gsa4mirna"

$dir$scripts
[1] "~/trabajos_mios/2014/gsa4mirna/scripts"

$dir$docs
[1] "~/trabajos_mios/2014/gsa4mirna/documents"

$dir$rawdat
[1] "~/datos/2014/gsa4mirna/data_raw"

$dir$annotation
[1] "~/datos/2014/gsa4mirna/data_annotation"

$dir$proces
[1] "~/datos/2014/gsa4mirna/data_processed_godard"

$dir$plots
[1] "~/datos/2014/gsa4mirna/results_godard/plots"

$dir$res
[1] "~/datos/2014/gsa4mirna/results_godard/files"


$testmode
[1] FALSE

$dec
[1] "."

$idsep
[1] " /// "

> 
> options (width = 170)
> 
> corte <- 0.05
> 
> ### DATA
> setwd (file.path (.job$dir$proces))
> load ("res0_godard_paired.RData")
> ls ()
[1] "corte"           "res.godard.pair"
> 
> tag <- "blca"
> for (tag in names (res.godard.pair)) {
+     cat ("\n========== ", tag, " ==========\n")
+     
+     res <- res.godard.pair[[tag]]
+     ##
+     res[,"pat"] <- uvPat (res, cutoff = corte)
+     res[,"index"] <- pval2index (pval = res[,"pval"], sign = res[,"lor"])
+     res[,"Name"] <- getGOnames (res, verbose = FALSE)
+     ##
+     orden <- order (res[,"index"], decreasing = TRUE)
+     res <- res[orden,]
+     ##
+     res.godard.pair[[tag]] <- res
+ }

==========  blca  ==========

==========  brca  ==========

==========  cesc  ==========

==========  esca  ==========

==========  hnsc  ==========

==========  kich  ==========

==========  kirc  ==========

==========  kirp  ==========

==========  lihc  ==========

==========  luad  ==========

==========  lusc  ==========

==========  paad  ==========

==========  pcpg  ==========

==========  prad  ==========

==========  stad  ==========

==========  thca  ==========

==========  ucec  ==========
There were 17 warnings (use warnings() to see them)
> 
> ## SAVE
> save (res.godard.pair, file = "res_godard_paired.RData")
> 
> ## xls
> write.xlsx (res.godard.pair, file = file.path (.job$dir$res, "res_godard_paired.xlsx"))
> 
> ################################################################################
> 
> ### Matrix Format
> gos <- sort (unique (unlist (lapply (res.godard.pair, rownames))))
> length (gos)
[1] 13221
> 
> imat.godard.pair <- matrix (NA, nrow = length (gos), ncol = length (res.godard.pair))
> rownames (imat.godard.pair) <- gos
> colnames (imat.godard.pair) <- names (res.godard.pair)
> head (imat.godard.pair)
           blca brca cesc esca hnsc kich kirc kirp lihc luad lusc paad pcpg prad stad thca ucec
GO:0000002   NA   NA   NA   NA   NA   NA   NA   NA   NA   NA   NA   NA   NA   NA   NA   NA   NA
GO:0000003   NA   NA   NA   NA   NA   NA   NA   NA   NA   NA   NA   NA   NA   NA   NA   NA   NA
GO:0000010   NA   NA   NA   NA   NA   NA   NA   NA   NA   NA   NA   NA   NA   NA   NA   NA   NA
GO:0000012   NA   NA   NA   NA   NA   NA   NA   NA   NA   NA   NA   NA   NA   NA   NA   NA   NA
GO:0000014   NA   NA   NA   NA   NA   NA   NA   NA   NA   NA   NA   NA   NA   NA   NA   NA   NA
GO:0000018   NA   NA   NA   NA   NA   NA   NA   NA   NA   NA   NA   NA   NA   NA   NA   NA   NA
> 
> for (tag in names (res.godard.pair)) {
+     cat ("\n========== ", tag, " ==========\n")
+     imat.godard.pair[,tag] <- res.godard.pair[[tag]][gos, "index"]
+ }

==========  blca  ==========

==========  brca  ==========

==========  cesc  ==========

==========  esca  ==========

==========  hnsc  ==========

==========  kich  ==========

==========  kirc  ==========

==========  kirp  ==========

==========  lihc  ==========

==========  luad  ==========

==========  lusc  ==========

==========  paad  ==========

==========  pcpg  ==========

==========  prad  ==========

==========  stad  ==========

==========  thca  ==========

==========  ucec  ==========
> head (imat.godard.pair)
                  blca         brca        cesc       esca       hnsc        kich       kirc       kirp        lihc       luad       lusc        paad       pcpg
GO:0000002  0.05710193  1.162576862  0.19166445  1.5315683  0.1800230  0.06203707  3.3059630  3.8321371  4.76029481 -1.2834012 -1.3263391 -0.83874335  1.1231082
GO:0000003 -0.14013119  0.196689296  0.04441875 -0.8313864 -0.9868053  5.30396908  1.4205540  1.3043776 -0.06731309 -0.6661504 -1.6895496 -0.10966761 -3.3529306
GO:0000010 -1.07701440  0.035584966  0.54646386 -1.9560679 -2.7933670  1.91515342 -1.0714313 -0.8415668 -1.00845365 -2.8471720 -3.3760950  0.04986282 -0.1468746
GO:0000012 -1.88357548 -0.004447226 -0.26905670 -1.9855363 -2.0038679 -4.14585801 -2.9299094 -1.5076585  0.80177808 -1.3979998 -5.2688789  0.85754872  0.1277206
GO:0000014 -2.60643108 -0.186246267 -2.53542737 -2.0943014 -1.6561601  3.47146933 -0.3957609  0.4557513  2.75962700 -1.6874260 -1.4100675  0.34805958 -0.8157895
GO:0000018  1.02926753  1.609259589  0.65712443  0.7471381  0.3431269  1.55841946 -2.0797013  0.6010258  2.64485984 -0.1379961 -0.6783198  0.63320455  0.2725119
                 prad       stad       thca        ucec
GO:0000002  2.8279626  0.5017408  2.7864783  0.70414794
GO:0000003 -1.8022030 -1.0693040  0.7608160  1.04016734
GO:0000010  0.2006382 -0.9318019 -0.2853004  0.39896335
GO:0000012 -2.6726298 -1.3594881  0.4962206  0.05501152
GO:0000014  1.1228495 -0.8417303  0.9524219 -2.66745298
GO:0000018  0.5302526  0.4367665  4.1602840  0.70731778
> 
> round (cor (imat.godard.pair, use = "pairwise.complete.obs"), 2)
     blca brca  cesc esca hnsc  kich  kirc kirp lihc luad lusc  paad  pcpg  prad stad thca ucec
blca 1.00 0.77  0.74 0.69 0.71  0.12  0.43 0.14 0.33 0.56 0.56  0.06  0.27  0.42 0.69 0.16 0.84
brca 0.77 1.00  0.71 0.50 0.68  0.26  0.33 0.14 0.40 0.34 0.34  0.16  0.13  0.49 0.62 0.27 0.78
cesc 0.74 0.71  1.00 0.52 0.55  0.25  0.13 0.10 0.23 0.19 0.19 -0.02  0.22  0.48 0.64 0.15 0.82
esca 0.69 0.50  0.52 1.00 0.69  0.03  0.32 0.12 0.45 0.07 0.08  0.01  0.27  0.32 0.84 0.28 0.60
hnsc 0.71 0.68  0.55 0.69 1.00  0.09  0.48 0.16 0.43 0.26 0.28  0.12  0.14  0.32 0.72 0.17 0.67
kich 0.12 0.26  0.25 0.03 0.09  1.00  0.15 0.09 0.26 0.01 0.02 -0.07 -0.24  0.35 0.07 0.18 0.18
kirc 0.43 0.33  0.13 0.32 0.48  0.15  1.00 0.16 0.21 0.57 0.58 -0.06 -0.10  0.15 0.30 0.01 0.26
kirp 0.14 0.14  0.10 0.12 0.16  0.09  0.16 1.00 0.15 0.09 0.09  0.13  0.01  0.09 0.11 0.04 0.14
lihc 0.33 0.40  0.23 0.45 0.43  0.26  0.21 0.15 1.00 0.04 0.04  0.18  0.11  0.24 0.38 0.27 0.40
luad 0.56 0.34  0.19 0.07 0.26  0.01  0.57 0.09 0.04 1.00 1.00  0.16  0.05  0.06 0.07 0.02 0.31
lusc 0.56 0.34  0.19 0.08 0.28  0.02  0.58 0.09 0.04 1.00 1.00  0.17  0.03  0.08 0.08 0.01 0.31
paad 0.06 0.16 -0.02 0.01 0.12 -0.07 -0.06 0.13 0.18 0.16 0.17  1.00  0.02 -0.14 0.04 0.32 0.09
pcpg 0.27 0.13  0.22 0.27 0.14 -0.24 -0.10 0.01 0.11 0.05 0.03  0.02  1.00 -0.15 0.29 0.06 0.29
prad 0.42 0.49  0.48 0.32 0.32  0.35  0.15 0.09 0.24 0.06 0.08 -0.14 -0.15  1.00 0.37 0.03 0.40
stad 0.69 0.62  0.64 0.84 0.72  0.07  0.30 0.11 0.38 0.07 0.08  0.04  0.29  0.37 1.00 0.20 0.68
thca 0.16 0.27  0.15 0.28 0.17  0.18  0.01 0.04 0.27 0.02 0.01  0.32  0.06  0.03 0.20 1.00 0.09
ucec 0.84 0.78  0.82 0.60 0.67  0.18  0.26 0.14 0.40 0.31 0.31  0.09  0.29  0.40 0.68 0.09 1.00
> 
> ###SALVAMOS
> save (imat.godard.pair, file = "gsa_index_godard_paired.RData")
> 
> 
> ###EXIT
> warnings ()
Warning messages:
1: In getGOnames(res, verbose = FALSE) :
  2 GOids where not found; missing names generated.
2: In getGOnames(res, verbose = FALSE) :
  2 GOids where not found; missing names generated.
3: In getGOnames(res, verbose = FALSE) :
  2 GOids where not found; missing names generated.
4: In getGOnames(res, verbose = FALSE) :
  2 GOids where not found; missing names generated.
5: In getGOnames(res, verbose = FALSE) :
  2 GOids where not found; missing names generated.
6: In getGOnames(res, verbose = FALSE) :
  2 GOids where not found; missing names generated.
7: In getGOnames(res, verbose = FALSE) :
  2 GOids where not found; missing names generated.
8: In getGOnames(res, verbose = FALSE) :
  2 GOids where not found; missing names generated.
9: In getGOnames(res, verbose = FALSE) :
  2 GOids where not found; missing names generated.
10: In getGOnames(res, verbose = FALSE) :
  2 GOids where not found; missing names generated.
11: In getGOnames(res, verbose = FALSE) :
  2 GOids where not found; missing names generated.
12: In getGOnames(res, verbose = FALSE) :
  2 GOids where not found; missing names generated.
13: In getGOnames(res, verbose = FALSE) :
  2 GOids where not found; missing names generated.
14: In getGOnames(res, verbose = FALSE) :
  2 GOids where not found; missing names generated.
15: In getGOnames(res, verbose = FALSE) :
  2 GOids where not found; missing names generated.
16: In getGOnames(res, verbose = FALSE) :
  2 GOids where not found; missing names generated.
17: In getGOnames(res, verbose = FALSE) :
  2 GOids where not found; missing names generated.
> sessionInfo ()
R version 3.2.2 (2015-08-14)
Platform: x86_64-pc-linux-gnu (64-bit)
Running under: Ubuntu 14.04.3 LTS

locale:
 [1] LC_CTYPE=en_US.UTF-8       LC_NUMERIC=C               LC_TIME=es_ES.UTF-8        LC_COLLATE=en_US.UTF-8     LC_MONETARY=es_ES.UTF-8    LC_MESSAGES=en_US.UTF-8   
 [7] LC_PAPER=es_ES.UTF-8       LC_NAME=C                  LC_ADDRESS=C               LC_TELEPHONE=C             LC_MEASUREMENT=es_ES.UTF-8 LC_IDENTIFICATION=C       

attached base packages:
[1] stats     graphics  grDevices utils     datasets  methods   base     

other attached packages:
[1] openxlsx_3.0.0 mdgsa_1.0.0    RSQLite_1.0.0  DBI_0.3.1     

loaded via a namespace (and not attached):
 [1] Rcpp_0.12.0          lattice_0.20-33      IRanges_2.2.7        GO.db_2.14.0         GenomeInfoDb_1.4.1   grid_3.2.2           stats4_3.2.2        
 [8] S4Vectors_0.6.3      KEGG.db_2.14.0       Matrix_1.2-2         Biobase_2.28.0       parallel_3.2.2       BiocGenerics_0.14.0  AnnotationDbi_1.30.1
[15] cluster_2.0.3       
> q ("no")
> proc.time()
   user  system elapsed 
 19.149   0.385  19.521 
