
R version 3.2.2 (2015-08-14) -- "Fire Safety"
Copyright (C) 2015 The R Foundation for Statistical Computing
Platform: x86_64-pc-linux-gnu (64-bit)

R is free software and comes with ABSOLUTELY NO WARRANTY.
You are welcome to redistribute it under certain conditions.
Type 'license()' or 'licence()' for distribution details.

  Natural language support but running in an English locale

R is a collaborative project with many contributors.
Type 'contributors()' for more information and
'citation()' on how to cite R or R packages in publications.

Type 'demo()' for some demos, 'help()' for on-line help, or
'help.start()' for an HTML browser interface to help.
Type 'q()' to quit R.

> ##c010_compare_minra_level_vs_gene_level.r
> ##2015-09-01 dmontaner@cipf.es
> ##Analysis of the miRNA data from The Cancer Genome Atlas
> ##This script compares the GSA analysis done at miRNA level (Godard's method) and the GSA analysis done at gene level using our transference index.
> 
> date ()
[1] "Tue Sep  1 18:59:31 2015"
> Sys.info ()[c("nodename", "user")]
   nodename        user 
      "lap" "dmontaner" 
> commandArgs ()
[1] "/usr/lib/R/bin/exec/R"                                                                               
[2] "-f"                                                                                                  
[3] "/home/dmontaner/trabajos_mios/2014/gsa4mirna/scripts_godard/c020_compare_mirna_level_vs_gene_level.r"
[4] "--restore"                                                                                           
[5] "--save"                                                                                              
[6] "--no-readline"                                                                                       
[7] "--no-save"                                                                                           
[8] "--no-restore"                                                                                        
> rm (list = ls ())
> R.version.string ##"R version 3.2.2 (2015-08-14)"
[1] "R version 3.2.2 (2015-08-14)"
> #library (mdgsa); packageDescription ("mdgsa", fields = "Version") #"1.0.0"
> #library (openxlsx); packageDescription ("openxlsx", fields = "Version") #"3.0.0"
> #help (package = mdgsa)
> 
> try (source (".job.r")); try (.job)

.job.r has been sourced

$name
[1] "gsa4mirna"

$dir
$dir$data
[1] "~/datos/2014/gsa4mirna"

$dir$code
[1] "~/trabajos_mios/2014/gsa4mirna"

$dir$scripts
[1] "~/trabajos_mios/2014/gsa4mirna/scripts"

$dir$docs
[1] "~/trabajos_mios/2014/gsa4mirna/documents"

$dir$rawdat
[1] "~/datos/2014/gsa4mirna/data_raw"

$dir$annotation
[1] "~/datos/2014/gsa4mirna/data_annotation"

$dir$proces
[1] "~/datos/2014/gsa4mirna/data_processed_godard"

$dir$plots
[1] "~/datos/2014/gsa4mirna/results_godard/plots"

$dir$res
[1] "~/datos/2014/gsa4mirna/results_godard/files"


$testmode
[1] FALSE

$dec
[1] "."

$idsep
[1] " /// "

> 
> options (width = 170)
> 
> por <- 2
> #corte <- 0.05
> 
> ### DATA
> setwd (file.path (.job$dir$proces))
> load ("gsa_index_godard_unpaired_nofilter.RData")
> load ("gsa_index_godard_unpaired.RData")
> load ("gsa_index_godard_paired_nofilter.RData")
> load ("gsa_index_godard_paired.RData")
> 
> load (file.path (.job$dir$data, "data_processed", "res_gsa_unpaired.RData"))
> load (file.path (.job$dir$data, "data_processed", "res_gsa_paired.RData"))
> 
> table (colnames (mat.gsa.unpa[["bp"]][["index"]]) == colnames (mat.gsa.unpa[["cc"]][["index"]]))

TRUE 
  20 
> table (colnames (mat.gsa.unpa[["bp"]][["index"]]) == colnames (mat.gsa.unpa[["mf"]][["index"]]))

TRUE 
  20 
> table (colnames (mat.gsa.unpa[["bp"]][["index"]]) == colnames (imat.godard.unpa))

TRUE 
  20 
> table (colnames (mat.gsa.unpa[["bp"]][["index"]]) == colnames (imat.godard.unpa.nf))

TRUE 
  20 
> 
> table (colnames (mat.gsa.pair[["bp"]][["index"]]) == colnames (mat.gsa.pair[["cc"]][["index"]]))

TRUE 
  17 
> table (colnames (mat.gsa.pair[["bp"]][["index"]]) == colnames (mat.gsa.pair[["mf"]][["index"]]))

TRUE 
  17 
> table (colnames (mat.gsa.pair[["bp"]][["index"]]) == colnames (imat.godard.pair))

TRUE 
  17 
> table (colnames (mat.gsa.pair[["bp"]][["index"]]) == colnames (imat.godard.pair.nf))

TRUE 
  17 
> 
> ################################################################################
> 
> ## format unpa
> gen.unpa    <- rbind (mat.gsa.unpa[["bp"]][["index"]], mat.gsa.unpa[["cc"]][["index"]], mat.gsa.unpa[["mf"]][["index"]])
> mir.unpa    <- imat.godard.unpa
> mir.unpa.nf <- imat.godard.unpa.nf
> 
> table (colnames (gen.unpa) == colnames (mir.unpa))

TRUE 
  20 
> table (colnames (gen.unpa) == colnames (mir.unpa.nf))

TRUE 
  20 
> table (rownames (mir.unpa) == rownames (mir.unpa.nf))

 TRUE 
13246 
> 
> dim (gen.unpa)
[1] 5169   20
> dim (mir.unpa)
[1] 13246    20
> 
> comunes.unpa <- intersect (rownames (gen.unpa), rownames (mir.unpa))
> length (comunes.unpa)
[1] 5169
> 
> 
> ## format pair
> gen.pair    <- rbind (mat.gsa.pair[["bp"]][["index"]], mat.gsa.pair[["cc"]][["index"]], mat.gsa.pair[["mf"]][["index"]])
> mir.pair    <- imat.godard.pair
> mir.pair.nf <- imat.godard.pair.nf
> 
> table (colnames (gen.pair) == colnames (mir.pair))

TRUE 
  17 
> table (colnames (gen.pair) == colnames (mir.pair.nf))

TRUE 
  17 
> table (rownames (mir.pair) == rownames (mir.pair.nf))

 TRUE 
13221 
> 
> dim (gen.pair)
[1] 5169   17
> dim (mir.pair)
[1] 13221    17
> 
> comunes.pair <- intersect (rownames (gen.pair), rownames (mir.pair))
> length (comunes.pair)
[1] 5169
> 
> ################################################################################
> 
> 
> ## EXPLORE CORRELATION
> setwd (.job$dir$plots)
> graphics.off ()
> tags <- colnames (gen.unpa)
> tags
 [1] "blca" "brca" "cesc" "coad" "esca" "hnsc" "kich" "kirc" "kirp" "lihc" "luad" "lusc" "paad" "pcpg" "prad" "read" "skcm" "stad" "thca" "ucec"
> 
> tag <- "blca"
> for (tag in tags) {
+     print (tag)
+     png (filename = paste0 ("gene_vs_mirna_level_gsa", tag, ".png"), width = 480 * por, height = 480 * por)
+     par (mfrow = c (2, 2))
+     ##
+     try ({plot (gen.unpa[comunes.unpa, tag], mir.unpa   [comunes.unpa, tag], xlab = "gene level", ylab = "miRNA level",             main = paste (tag, "(unpa)")); title (sub = paste ("cor:", round (cor (gen.unpa[comunes.unpa, tag], mir.unpa   [comunes.unpa, tag], use = "pairwise.complete.obs"), 2))); abline (h = 0, v = 0, col = "blue")})
+     try ({plot (gen.unpa[comunes.unpa, tag], mir.unpa.nf[comunes.unpa, tag], xlab = "gene level", ylab = "miRNA level (no filter)", main = paste (tag, "(unpa)")); title (sub = paste ("cor:", round (cor (gen.unpa[comunes.unpa, tag], mir.unpa.nf[comunes.unpa, tag], use = "pairwise.complete.obs"), 2))); abline (h = 0, v = 0, col = "blue")})
+     ##
+     try ({plot (gen.pair[comunes.pair, tag], mir.pair   [comunes.pair, tag], xlab = "gene level", ylab = "miRNA level",             main = paste (tag, "(pair)")); title (sub = paste ("cor:", round (cor (gen.pair[comunes.pair, tag], mir.pair   [comunes.pair, tag], use = "pairwise.complete.obs"), 2))); abline (h = 0, v = 0, col = "blue")})
+     try ({plot (gen.pair[comunes.pair, tag], mir.pair.nf[comunes.pair, tag], xlab = "gene level", ylab = "miRNA level (no filter)", main = paste (tag, "(pair)")); title (sub = paste ("cor:", round (cor (gen.pair[comunes.pair, tag], mir.pair.nf[comunes.pair, tag], use = "pairwise.complete.obs"), 2))); abline (h = 0, v = 0, col = "blue")})
+     ##
+     dev.off ()
+ }
[1] "blca"
[1] "brca"
[1] "cesc"
[1] "coad"
Error in gen.pair[comunes.pair, tag] : subscript out of bounds
Error in gen.pair[comunes.pair, tag] : subscript out of bounds
[1] "esca"
[1] "hnsc"
[1] "kich"
[1] "kirc"
[1] "kirp"
[1] "lihc"
[1] "luad"
[1] "lusc"
[1] "paad"
[1] "pcpg"
[1] "prad"
[1] "read"
Error in gen.pair[comunes.pair, tag] : subscript out of bounds
Error in gen.pair[comunes.pair, tag] : subscript out of bounds
[1] "skcm"
Error in gen.pair[comunes.pair, tag] : subscript out of bounds
Error in gen.pair[comunes.pair, tag] : subscript out of bounds
[1] "stad"
[1] "thca"
[1] "ucec"
> 
> ###EXIT
> warnings ()
NULL
> sessionInfo ()
R version 3.2.2 (2015-08-14)
Platform: x86_64-pc-linux-gnu (64-bit)
Running under: Ubuntu 14.04.3 LTS

locale:
 [1] LC_CTYPE=en_US.UTF-8       LC_NUMERIC=C               LC_TIME=es_ES.UTF-8        LC_COLLATE=en_US.UTF-8     LC_MONETARY=es_ES.UTF-8    LC_MESSAGES=en_US.UTF-8   
 [7] LC_PAPER=es_ES.UTF-8       LC_NAME=C                  LC_ADDRESS=C               LC_TELEPHONE=C             LC_MEASUREMENT=es_ES.UTF-8 LC_IDENTIFICATION=C       

attached base packages:
[1] stats     graphics  grDevices utils     datasets  methods   base     
> q ("no")
> proc.time()
   user  system elapsed 
  5.904   0.042   5.941 
