
R version 3.2.2 (2015-08-14) -- "Fire Safety"
Copyright (C) 2015 The R Foundation for Statistical Computing
Platform: x86_64-pc-linux-gnu (64-bit)

R is free software and comes with ABSOLUTELY NO WARRANTY.
You are welcome to redistribute it under certain conditions.
Type 'license()' or 'licence()' for distribution details.

  Natural language support but running in an English locale

R is a collaborative project with many contributors.
Type 'contributors()' for more information and
'citation()' on how to cite R or R packages in publications.

Type 'demo()' for some demos, 'help()' for on-line help, or
'help.start()' for an HTML browser interface to help.
Type 'q()' to quit R.

> ##c020_minra_level_vs_gene_level_correlation.r
> ##2015-09-05 dmontaner@cipf.es
> ##Analysis of the miRNA data from The Cancer Genome Atlas
> ##This script compares the GSA analysis done at miRNA level (Godard's method) and the GSA analysis done at gene level using our transference index.
> 
> ## correlation analysis
> 
> date ()
[1] "Sat Sep  5 15:26:40 2015"
> Sys.info ()[c("nodename", "user")]
   nodename        user 
      "lap" "dmontaner" 
> commandArgs ()
[1] "/usr/lib/R/bin/exec/R"                                                                                   
[2] "-f"                                                                                                      
[3] "/home/dmontaner/trabajos_mios/2014/gsa4mirna/scripts_godard/c030_mirna_level_vs_gene_level_correlation.r"
[4] "--restore"                                                                                               
[5] "--save"                                                                                                  
[6] "--no-readline"                                                                                           
[7] "--no-save"                                                                                               
[8] "--no-restore"                                                                                            
> rm (list = ls ())
> R.version.string ##"R version 3.2.2 (2015-08-14)"
[1] "R version 3.2.2 (2015-08-14)"
> #library (mdgsa); packageDescription ("mdgsa", fields = "Version") #"1.0.0"
> #library (openxlsx); packageDescription ("openxlsx", fields = "Version") #"3.0.0"
> #help (package = mdgsa)
> 
> try (source (".job.r")); try (.job)

.job.r has been sourced

$name
[1] "gsa4mirna"

$dir
$dir$data
[1] "~/datos/2014/gsa4mirna"

$dir$code
[1] "~/trabajos_mios/2014/gsa4mirna"

$dir$scripts
[1] "~/trabajos_mios/2014/gsa4mirna/scripts"

$dir$docs
[1] "~/trabajos_mios/2014/gsa4mirna/documents"

$dir$rawdat
[1] "~/datos/2014/gsa4mirna/data_raw"

$dir$annotation
[1] "~/datos/2014/gsa4mirna/data_annotation"

$dir$proces
[1] "~/datos/2014/gsa4mirna/data_processed_godard"

$dir$plots
[1] "~/datos/2014/gsa4mirna/results_godard/plots"

$dir$res
[1] "~/datos/2014/gsa4mirna/results_godard/files"


$testmode
[1] FALSE

$dec
[1] "."

$idsep
[1] " /// "

> 
> options (width = 170)
> 
> por <- 2
> #corte <- 0.05
> 
> ### DATA
> setwd (file.path (.job$dir$proces))
> load ("gsa_index_godard_unpaired_nofilter.RData")
> load ("gsa_index_godard_unpaired.RData")
> load ("gsa_index_godard_paired_nofilter.RData")
> load ("gsa_index_godard_paired.RData")
> 
> load (file.path (.job$dir$data, "data_processed", "res_gsa_unpaired.RData"))
> load (file.path (.job$dir$data, "data_processed", "res_gsa_paired.RData"))
> 
> table (colnames (mat.gsa.unpa[["bp"]][["index"]]) == colnames (mat.gsa.unpa[["cc"]][["index"]]))

TRUE 
  20 
> table (colnames (mat.gsa.unpa[["bp"]][["index"]]) == colnames (mat.gsa.unpa[["mf"]][["index"]]))

TRUE 
  20 
> table (colnames (mat.gsa.unpa[["bp"]][["index"]]) == colnames (imat.godard.unpa))

TRUE 
  20 
> table (colnames (mat.gsa.unpa[["bp"]][["index"]]) == colnames (imat.godard.unpa.nf))

TRUE 
  20 
> 
> table (colnames (mat.gsa.pair[["bp"]][["index"]]) == colnames (mat.gsa.pair[["cc"]][["index"]]))

TRUE 
  17 
> table (colnames (mat.gsa.pair[["bp"]][["index"]]) == colnames (mat.gsa.pair[["mf"]][["index"]]))

TRUE 
  17 
> table (colnames (mat.gsa.pair[["bp"]][["index"]]) == colnames (imat.godard.pair))

TRUE 
  17 
> table (colnames (mat.gsa.pair[["bp"]][["index"]]) == colnames (imat.godard.pair.nf))

TRUE 
  17 
> 
> ################################################################################
> 
> ## format unpa
> gen.unpa    <- rbind (mat.gsa.unpa[["bp"]][["index"]], mat.gsa.unpa[["cc"]][["index"]], mat.gsa.unpa[["mf"]][["index"]])
> mir.unpa    <- imat.godard.unpa
> mir.unpa.nf <- imat.godard.unpa.nf
> 
> table (colnames (gen.unpa) == colnames (mir.unpa))

TRUE 
  20 
> table (colnames (gen.unpa) == colnames (mir.unpa.nf))

TRUE 
  20 
> table (rownames (mir.unpa) == rownames (mir.unpa.nf))

 TRUE 
13246 
> 
> dim (gen.unpa)
[1] 5169   20
> dim (mir.unpa)
[1] 13246    20
> 
> comunes.unpa <- intersect (rownames (gen.unpa), rownames (mir.unpa))
> length (comunes.unpa)
[1] 5169
> 
> 
> ## format pair
> gen.pair    <- rbind (mat.gsa.pair[["bp"]][["index"]], mat.gsa.pair[["cc"]][["index"]], mat.gsa.pair[["mf"]][["index"]])
> mir.pair    <- imat.godard.pair
> mir.pair.nf <- imat.godard.pair.nf
> 
> table (colnames (gen.pair) == colnames (mir.pair))

TRUE 
  17 
> table (colnames (gen.pair) == colnames (mir.pair.nf))

TRUE 
  17 
> table (rownames (mir.pair) == rownames (mir.pair.nf))

 TRUE 
13221 
> 
> dim (gen.pair)
[1] 5169   17
> dim (mir.pair)
[1] 13221    17
> 
> comunes.pair <- intersect (rownames (gen.pair), rownames (mir.pair))
> length (comunes.pair)
[1] 5169
> 
> ################################################################################
> 
> 
> ## EXPLORE CORRELATION
> setwd (.job$dir$plots)
> graphics.off ()
> tags <- colnames (gen.unpa)
> tags
 [1] "blca" "brca" "cesc" "coad" "esca" "hnsc" "kich" "kirc" "kirp" "lihc" "luad" "lusc" "paad" "pcpg" "prad" "read" "skcm" "stad" "thca" "ucec"
> 
> tag <- "blca"
> for (tag in tags) {
+     cat ("\n========== ", tag, " ==========\n")
+     print (cor.test (gen.unpa[comunes.unpa, tag], mir.unpa   [comunes.unpa, tag], use = "pairwise.complete.obs"))
+     ##
+     try (print (cor.test (gen.pair[comunes.pair, tag], mir.pair   [comunes.pair, tag], use = "pairwise.complete.obs")))
+ }

==========  blca  ==========

	Pearson's product-moment correlation

data:  gen.unpa[comunes.unpa, tag] and mir.unpa[comunes.unpa, tag]
t = 29.699, df = 5167, p-value < 2.2e-16
alternative hypothesis: true correlation is not equal to 0
95 percent confidence interval:
 0.3583263 0.4049055
sample estimates:
      cor 
0.3818583 


	Pearson's product-moment correlation

data:  gen.pair[comunes.pair, tag] and mir.pair[comunes.pair, tag]
t = 32.048, df = 5166, p-value < 2.2e-16
alternative hypothesis: true correlation is not equal to 0
95 percent confidence interval:
 0.3842442 0.4297362
sample estimates:
      cor 
0.4072427 


==========  brca  ==========

	Pearson's product-moment correlation

data:  gen.unpa[comunes.unpa, tag] and mir.unpa[comunes.unpa, tag]
t = 29.481, df = 5167, p-value < 2.2e-16
alternative hypothesis: true correlation is not equal to 0
95 percent confidence interval:
 0.355872 0.402551
sample estimates:
     cor 
0.379453 


	Pearson's product-moment correlation

data:  gen.pair[comunes.pair, tag] and mir.pair[comunes.pair, tag]
t = 31.295, df = 5166, p-value < 2.2e-16
alternative hypothesis: true correlation is not equal to 0
95 percent confidence interval:
 0.3760371 0.4218822
sample estimates:
      cor 
0.3992092 


==========  cesc  ==========

	Pearson's product-moment correlation

data:  gen.unpa[comunes.unpa, tag] and mir.unpa[comunes.unpa, tag]
t = 23.019, df = 5167, p-value < 2.2e-16
alternative hypothesis: true correlation is not equal to 0
95 percent confidence interval:
 0.2800458 0.3295024
sample estimates:
      cor 
0.3049797 


	Pearson's product-moment correlation

data:  gen.pair[comunes.pair, tag] and mir.pair[comunes.pair, tag]
t = 25.301, df = 5166, p-value < 2.2e-16
alternative hypothesis: true correlation is not equal to 0
95 percent confidence interval:
 0.3075668 0.3560885
sample estimates:
      cor 
0.3320473 


==========  coad  ==========

	Pearson's product-moment correlation

data:  gen.unpa[comunes.unpa, tag] and mir.unpa[comunes.unpa, tag]
t = 10.259, df = 5166, p-value < 2.2e-16
alternative hypothesis: true correlation is not equal to 0
95 percent confidence interval:
 0.1144815 0.1679235
sample estimates:
      cor 
0.1413055 

Error in gen.pair[comunes.pair, tag] : subscript out of bounds

==========  esca  ==========

	Pearson's product-moment correlation

data:  gen.unpa[comunes.unpa, tag] and mir.unpa[comunes.unpa, tag]
t = 22.303, df = 5166, p-value < 2.2e-16
alternative hypothesis: true correlation is not equal to 0
95 percent confidence interval:
 0.2712856 0.3210295
sample estimates:
      cor 
0.2963585 


	Pearson's product-moment correlation

data:  gen.pair[comunes.pair, tag] and mir.pair[comunes.pair, tag]
t = 36.642, df = 5166, p-value < 2.2e-16
alternative hypothesis: true correlation is not equal to 0
95 percent confidence interval:
 0.4322795 0.4755671
sample estimates:
      cor 
0.4541913 


==========  hnsc  ==========

	Pearson's product-moment correlation

data:  gen.unpa[comunes.unpa, tag] and mir.unpa[comunes.unpa, tag]
t = 24.016, df = 5167, p-value < 2.2e-16
alternative hypothesis: true correlation is not equal to 0
95 percent confidence interval:
 0.2921444 0.3411977
sample estimates:
      cor 
0.3168829 


	Pearson's product-moment correlation

data:  gen.pair[comunes.pair, tag] and mir.pair[comunes.pair, tag]
t = 29.746, df = 5166, p-value < 2.2e-16
alternative hypothesis: true correlation is not equal to 0
95 percent confidence interval:
 0.3588844 0.4054452
sample estimates:
      cor 
0.3824075 


==========  kich  ==========

	Pearson's product-moment correlation

data:  gen.unpa[comunes.unpa, tag] and mir.unpa[comunes.unpa, tag]
t = 30.461, df = 5166, p-value < 2.2e-16
alternative hypothesis: true correlation is not equal to 0
95 percent confidence interval:
 0.3668452 0.4130775
sample estimates:
      cor 
0.3902073 


	Pearson's product-moment correlation

data:  gen.pair[comunes.pair, tag] and mir.pair[comunes.pair, tag]
t = 15.872, df = 5166, p-value < 2.2e-16
alternative hypothesis: true correlation is not equal to 0
95 percent confidence interval:
 0.1894875 0.2414836
sample estimates:
      cor 
0.2156384 


==========  kirc  ==========

	Pearson's product-moment correlation

data:  gen.unpa[comunes.unpa, tag] and mir.unpa[comunes.unpa, tag]
t = 25.848, df = 5166, p-value < 2.2e-16
alternative hypothesis: true correlation is not equal to 0
95 percent confidence interval:
 0.3140418 0.3623310
sample estimates:
      cor 
0.3384092 


	Pearson's product-moment correlation

data:  gen.pair[comunes.pair, tag] and mir.pair[comunes.pair, tag]
t = 28.412, df = 5166, p-value < 2.2e-16
alternative hypothesis: true correlation is not equal to 0
95 percent confidence interval:
 0.3437933 0.3909589
sample estimates:
      cor 
0.3676125 


==========  kirp  ==========

	Pearson's product-moment correlation

data:  gen.unpa[comunes.unpa, tag] and mir.unpa[comunes.unpa, tag]
t = 19.99, df = 5167, p-value < 2.2e-16
alternative hypothesis: true correlation is not equal to 0
95 percent confidence interval:
 0.2424391 0.2930524
sample estimates:
      cor 
0.2679306 


	Pearson's product-moment correlation

data:  gen.pair[comunes.pair, tag] and mir.pair[comunes.pair, tag]
t = 17.091, df = 5166, p-value < 2.2e-16
alternative hypothesis: true correlation is not equal to 0
95 percent confidence interval:
 0.2053649 0.2569787
sample estimates:
      cor 
0.2313346 


==========  lihc  ==========

	Pearson's product-moment correlation

data:  gen.unpa[comunes.unpa, tag] and mir.unpa[comunes.unpa, tag]
t = 21.987, df = 5167, p-value < 2.2e-16
alternative hypothesis: true correlation is not equal to 0
95 percent confidence interval:
 0.267368 0.317231
sample estimates:
      cor 
0.2924983 


	Pearson's product-moment correlation

data:  gen.pair[comunes.pair, tag] and mir.pair[comunes.pair, tag]
t = 22.381, df = 5166, p-value < 2.2e-16
alternative hypothesis: true correlation is not equal to 0
95 percent confidence interval:
 0.2722455 0.3219589
sample estimates:
      cor 
0.2973037 


==========  luad  ==========

	Pearson's product-moment correlation

data:  gen.unpa[comunes.unpa, tag] and mir.unpa[comunes.unpa, tag]
t = 32.659, df = 5167, p-value < 2.2e-16
alternative hypothesis: true correlation is not equal to 0
95 percent confidence interval:
 0.3907935 0.4359945
sample estimates:
      cor 
0.4136489 


	Pearson's product-moment correlation

data:  gen.pair[comunes.pair, tag] and mir.pair[comunes.pair, tag]
t = 19.896, df = 5167, p-value < 2.2e-16
alternative hypothesis: true correlation is not equal to 0
95 percent confidence interval:
 0.2412488 0.2918962
sample estimates:
      cor 
0.2667567 


==========  lusc  ==========

	Pearson's product-moment correlation

data:  gen.unpa[comunes.unpa, tag] and mir.unpa[comunes.unpa, tag]
t = 16.986, df = 5167, p-value < 2.2e-16
alternative hypothesis: true correlation is not equal to 0
95 percent confidence interval:
 0.2039817 0.2556250
sample estimates:
      cor 
0.2299652 


	Pearson's product-moment correlation

data:  gen.pair[comunes.pair, tag] and mir.pair[comunes.pair, tag]
t = 19.819, df = 5166, p-value < 2.2e-16
alternative hypothesis: true correlation is not equal to 0
95 percent confidence interval:
 0.2402967 0.2909762
sample estimates:
      cor 
0.2658201 


==========  paad  ==========

	Pearson's product-moment correlation

data:  gen.unpa[comunes.unpa, tag] and mir.unpa[comunes.unpa, tag]
t = 28.48, df = 5166, p-value < 2.2e-16
alternative hypothesis: true correlation is not equal to 0
95 percent confidence interval:
 0.3445701 0.3917051
sample estimates:
      cor 
0.3683743 


	Pearson's product-moment correlation

data:  gen.pair[comunes.pair, tag] and mir.pair[comunes.pair, tag]
t = 38.775, df = 5166, p-value < 2.2e-16
alternative hypothesis: true correlation is not equal to 0
95 percent confidence interval:
 0.4533969 0.4956413
sample estimates:
      cor 
0.4747925 


==========  pcpg  ==========

	Pearson's product-moment correlation

data:  gen.unpa[comunes.unpa, tag] and mir.unpa[comunes.unpa, tag]
t = 30.914, df = 5167, p-value < 2.2e-16
alternative hypothesis: true correlation is not equal to 0
95 percent confidence interval:
 0.3718200 0.4178394
sample estimates:
      cor 
0.3950775 


	Pearson's product-moment correlation

data:  gen.pair[comunes.pair, tag] and mir.pair[comunes.pair, tag]
t = 28.058, df = 5167, p-value < 2.2e-16
alternative hypothesis: true correlation is not equal to 0
95 percent confidence interval:
 0.3397232 0.3870434
sample estimates:
      cor 
0.3636179 


==========  prad  ==========

	Pearson's product-moment correlation

data:  gen.unpa[comunes.unpa, tag] and mir.unpa[comunes.unpa, tag]
t = 30.871, df = 5166, p-value < 2.2e-16
alternative hypothesis: true correlation is not equal to 0
95 percent confidence interval:
 0.3713834 0.4174256
sample estimates:
      cor 
0.3946522 


	Pearson's product-moment correlation

data:  gen.pair[comunes.pair, tag] and mir.pair[comunes.pair, tag]
t = 30.725, df = 5166, p-value < 2.2e-16
alternative hypothesis: true correlation is not equal to 0
95 percent confidence interval:
 0.3697669 0.4158771
sample estimates:
      cor 
0.3930691 


==========  read  ==========

	Pearson's product-moment correlation

data:  gen.unpa[comunes.unpa, tag] and mir.unpa[comunes.unpa, tag]
t = 22.334, df = 5166, p-value < 2.2e-16
alternative hypothesis: true correlation is not equal to 0
95 percent confidence interval:
 0.2716693 0.3214010
sample estimates:
      cor 
0.2967363 

Error in gen.pair[comunes.pair, tag] : subscript out of bounds

==========  skcm  ==========

	Pearson's product-moment correlation

data:  gen.unpa[comunes.unpa, tag] and mir.unpa[comunes.unpa, tag]
t = 14.576, df = 5166, p-value < 2.2e-16
alternative hypothesis: true correlation is not equal to 0
95 percent confidence interval:
 0.1724224 0.2247998
sample estimates:
     cor 
0.198753 

Error in gen.pair[comunes.pair, tag] : subscript out of bounds

==========  stad  ==========

	Pearson's product-moment correlation

data:  gen.unpa[comunes.unpa, tag] and mir.unpa[comunes.unpa, tag]
t = 25.216, df = 5167, p-value < 2.2e-16
alternative hypothesis: true correlation is not equal to 0
95 percent confidence interval:
 0.3065283 0.3550823
sample estimates:
      cor 
0.3310244 


	Pearson's product-moment correlation

data:  gen.pair[comunes.pair, tag] and mir.pair[comunes.pair, tag]
t = 24.287, df = 5167, p-value < 2.2e-16
alternative hypothesis: true correlation is not equal to 0
95 percent confidence interval:
 0.2954088 0.3443506
sample estimates:
      cor 
0.3200933 


==========  thca  ==========

	Pearson's product-moment correlation

data:  gen.unpa[comunes.unpa, tag] and mir.unpa[comunes.unpa, tag]
t = 32.453, df = 5167, p-value < 2.2e-16
alternative hypothesis: true correlation is not equal to 0
95 percent confidence interval:
 0.3885782 0.4338766
sample estimates:
      cor 
0.4114815 


	Pearson's product-moment correlation

data:  gen.pair[comunes.pair, tag] and mir.pair[comunes.pair, tag]
t = 34.503, df = 5166, p-value < 2.2e-16
alternative hypothesis: true correlation is not equal to 0
95 percent confidence interval:
 0.4103365 0.4546602
sample estimates:
      cor 
0.4327599 


==========  ucec  ==========

	Pearson's product-moment correlation

data:  gen.unpa[comunes.unpa, tag] and mir.unpa[comunes.unpa, tag]
t = 9.9735, df = 5167, p-value < 2.2e-16
alternative hypothesis: true correlation is not equal to 0
95 percent confidence interval:
 0.1105835 0.1640791
sample estimates:
      cor 
0.1374315 


	Pearson's product-moment correlation

data:  gen.pair[comunes.pair, tag] and mir.pair[comunes.pair, tag]
t = 20.164, df = 5167, p-value < 2.2e-16
alternative hypothesis: true correlation is not equal to 0
95 percent confidence interval:
 0.2446303 0.2951802
sample estimates:
      cor 
0.2700914 

> 
> ###EXIT
> warnings ()
NULL
> sessionInfo ()
R version 3.2.2 (2015-08-14)
Platform: x86_64-pc-linux-gnu (64-bit)
Running under: Ubuntu 14.04.3 LTS

locale:
 [1] LC_CTYPE=en_US.UTF-8       LC_NUMERIC=C               LC_TIME=es_ES.UTF-8        LC_COLLATE=en_US.UTF-8     LC_MONETARY=es_ES.UTF-8    LC_MESSAGES=en_US.UTF-8   
 [7] LC_PAPER=es_ES.UTF-8       LC_NAME=C                  LC_ADDRESS=C               LC_TELEPHONE=C             LC_MEASUREMENT=es_ES.UTF-8 LC_IDENTIFICATION=C       

attached base packages:
[1] stats     graphics  grDevices utils     datasets  methods   base     
> q ("no")
> proc.time()
   user  system elapsed 
  0.702   0.041   0.770 
